Archive member included to satisfy reference by file (symbol)

/home/tomasz/Downloads/filesys-ThomasStachovsky/drivers/drivers.lib(bootcons.o)
                              ../startup.o (KernCons)
/home/tomasz/Downloads/filesys-ThomasStachovsky/drivers/drivers.lib(cia-icr.o)
                              ../startup.o (WriteICR)
/home/tomasz/Downloads/filesys-ThomasStachovsky/drivers/drivers.lib(file.o)
                              ../startup.o (FilePrintf)
/home/tomasz/Downloads/filesys-ThomasStachovsky/drivers/drivers.lib(floppy.o)
                              filesys.o (FloppyInit)
/home/tomasz/Downloads/filesys-ThomasStachovsky/drivers/drivers.lib(floppy-mfm.o)
                              filesys.o (DecodeTrack)
/home/tomasz/Downloads/filesys-ThomasStachovsky/drivers/drivers.lib(serial-file.o)
                              main.o (SerialOpen)
/home/tomasz/Downloads/filesys-ThomasStachovsky/drivers/drivers.lib(bootcons-putc.o)
                              /home/tomasz/Downloads/filesys-ThomasStachovsky/drivers/drivers.lib(bootcons.o) (BootConsPutChar)
/home/tomasz/Downloads/filesys-ThomasStachovsky/drivers/drivers.lib(cia-timer.o)
                              /home/tomasz/Downloads/filesys-ThomasStachovsky/drivers/drivers.lib(floppy.o) (AcquireTimer)
/home/tomasz/Downloads/filesys-ThomasStachovsky/drivers/drivers.lib(serial.o)
                              /home/tomasz/Downloads/filesys-ThomasStachovsky/drivers/drivers.lib(serial-file.o) (SerialInit)
/home/tomasz/Downloads/filesys-ThomasStachovsky/FreeRTOS/freertos.lib(queue.o)
                              filesys.o (xQueueGenericCreate)
/home/tomasz/Downloads/filesys-ThomasStachovsky/FreeRTOS/freertos.lib(tasks.o)
                              /home/tomasz/Downloads/filesys-ThomasStachovsky/drivers/drivers.lib(cia-timer.o) (vTaskSuspendAll)
/home/tomasz/Downloads/filesys-ThomasStachovsky/FreeRTOS/freertos.lib(heap.o)
                              filesys.o (pvPortMalloc)
/home/tomasz/Downloads/filesys-ThomasStachovsky/FreeRTOS/freertos.lib(port.o)
                              /home/tomasz/Downloads/filesys-ThomasStachovsky/FreeRTOS/freertos.lib(tasks.o) (pxPortInitialiseStack)
/home/tomasz/Downloads/filesys-ThomasStachovsky/FreeRTOS/freertos.lib(intsrv.o)
                              main.o (AddIntServer)
/home/tomasz/Downloads/filesys-ThomasStachovsky/FreeRTOS/freertos.lib(intr.o)
                              /home/tomasz/Downloads/filesys-ThomasStachovsky/FreeRTOS/freertos.lib(port.o) (AmigaLvl1Handler)
/home/tomasz/Downloads/filesys-ThomasStachovsky/FreeRTOS/freertos.lib(trap.o)
                              /home/tomasz/Downloads/filesys-ThomasStachovsky/FreeRTOS/freertos.lib(port.o) (BadTrap)
/home/tomasz/Downloads/filesys-ThomasStachovsky/FreeRTOS/freertos.lib(portasm.o)
                              main.o (ulPortSetIPL)
/home/tomasz/Downloads/filesys-ThomasStachovsky/FreeRTOS/freertos.lib(list.o)
                              /home/tomasz/Downloads/filesys-ThomasStachovsky/FreeRTOS/freertos.lib(queue.o) (vListInitialise)
/home/tomasz/Downloads/filesys-ThomasStachovsky/libc/c.lib(kvprintf.o)
                              /home/tomasz/Downloads/filesys-ThomasStachovsky/drivers/drivers.lib(file.o) (kvprintf)
/home/tomasz/Downloads/filesys-ThomasStachovsky/libc/c.lib(mulsi3.o)
                              /home/tomasz/Downloads/filesys-ThomasStachovsky/FreeRTOS/freertos.lib(queue.o) (__mulsi3)
/home/tomasz/Downloads/filesys-ThomasStachovsky/libc/c.lib(udivsi3.o)
                              /home/tomasz/Downloads/filesys-ThomasStachovsky/drivers/drivers.lib(serial.o) (__udivsi3)
/home/tomasz/Downloads/filesys-ThomasStachovsky/libc/c.lib(umodsi3.o)
                              /home/tomasz/Downloads/filesys-ThomasStachovsky/libc/c.lib(kvprintf.o) (__umodsi3)
/home/tomasz/Downloads/filesys-ThomasStachovsky/libc/c.lib(memcpy.o)
                              filesys.o (memcpy)
/home/tomasz/Downloads/filesys-ThomasStachovsky/libc/c.lib(memset.o)
                              filesys.o (memset)

Discarded input sections

 .comment       0x0000000000000000       0x12 ../startup.o
 .comment       0x0000000000000000       0x12 ../fault.o
 .comment       0x0000000000000000       0x12 ../trap.o
 .comment       0x0000000000000000       0x12 main.o
 .comment       0x0000000000000000       0x12 filesys.o
 .comment       0x0000000000000000       0x12 /home/tomasz/Downloads/filesys-ThomasStachovsky/drivers/drivers.lib(bootcons.o)
 .comment       0x0000000000000000       0x12 /home/tomasz/Downloads/filesys-ThomasStachovsky/drivers/drivers.lib(cia-icr.o)
 .comment       0x0000000000000000       0x12 /home/tomasz/Downloads/filesys-ThomasStachovsky/drivers/drivers.lib(file.o)
 .comment       0x0000000000000000       0x12 /home/tomasz/Downloads/filesys-ThomasStachovsky/drivers/drivers.lib(floppy.o)
 .comment       0x0000000000000000       0x12 /home/tomasz/Downloads/filesys-ThomasStachovsky/drivers/drivers.lib(floppy-mfm.o)
 .comment       0x0000000000000000       0x12 /home/tomasz/Downloads/filesys-ThomasStachovsky/drivers/drivers.lib(serial-file.o)
 .comment       0x0000000000000000       0x12 /home/tomasz/Downloads/filesys-ThomasStachovsky/drivers/drivers.lib(cia-timer.o)
 .comment       0x0000000000000000       0x12 /home/tomasz/Downloads/filesys-ThomasStachovsky/drivers/drivers.lib(serial.o)
 .comment       0x0000000000000000       0x12 /home/tomasz/Downloads/filesys-ThomasStachovsky/FreeRTOS/freertos.lib(queue.o)
 .comment       0x0000000000000000       0x12 /home/tomasz/Downloads/filesys-ThomasStachovsky/FreeRTOS/freertos.lib(tasks.o)
 .comment       0x0000000000000000       0x12 /home/tomasz/Downloads/filesys-ThomasStachovsky/FreeRTOS/freertos.lib(heap.o)
 .comment       0x0000000000000000       0x12 /home/tomasz/Downloads/filesys-ThomasStachovsky/FreeRTOS/freertos.lib(port.o)
 .comment       0x0000000000000000       0x12 /home/tomasz/Downloads/filesys-ThomasStachovsky/FreeRTOS/freertos.lib(intsrv.o)
 .comment       0x0000000000000000       0x12 /home/tomasz/Downloads/filesys-ThomasStachovsky/FreeRTOS/freertos.lib(list.o)
 .comment       0x0000000000000000       0x12 /home/tomasz/Downloads/filesys-ThomasStachovsky/libc/c.lib(kvprintf.o)

Memory Configuration

Name             Origin             Length             Attributes
*default*        0x0000000000000000 0xffffffffffffffff

Linker script and memory map

                0x0000000000bfe001                PROVIDE (ciaa = 0xbfe001)
                0x0000000000bfd000                PROVIDE (ciab = 0xbfd000)
                [!provide]                        PROVIDE (msm6242b = 0xdc0000)
                0x0000000000dff000                PROVIDE (custom = 0xdff000)

.text           0x0000000000000000     0x3ec4
                [!provide]                        PROVIDE (_text = .)
 *(.text .text.*)
 .text          0x0000000000000000      0x13e ../startup.o
                0x0000000000000000                _start
 .text          0x000000000000013e       0x34 ../fault.o
                0x000000000000013e                vApplicationMallocFailedHook
                0x0000000000000158                vApplicationStackOverflowHook
 .text          0x0000000000000172      0x168 ../trap.o
                0x0000000000000172                vPortDefaultTrapHandler
                0x0000000000000172                vPortTrapHandler
 .text          0x00000000000002da       0x8c main.o
                0x000000000000035e                vApplicationIdleHook
 .text.startup  0x0000000000000366       0x9a main.o
                0x0000000000000366                main
 .text          0x0000000000000400      0x328 filesys.o
                0x0000000000000618                FsMount
                0x000000000000067c                FsUnMount
                0x0000000000000680                FsListDir
                0x00000000000006d6                FsOpen
                0x00000000000006da                FsInit
 .text          0x0000000000000728       0x30 /home/tomasz/Downloads/filesys-ThomasStachovsky/drivers/drivers.lib(bootcons.o)
 .text          0x0000000000000758       0x6c /home/tomasz/Downloads/filesys-ThomasStachovsky/drivers/drivers.lib(cia-icr.o)
                0x0000000000000758                WriteICR
                0x0000000000000792                SampleICR
 .text          0x00000000000007c4       0xde /home/tomasz/Downloads/filesys-ThomasStachovsky/drivers/drivers.lib(file.o)
                0x00000000000007c4                FileRead
                0x00000000000007d8                FileWrite
                0x000000000000080e                FileSeek
                0x0000000000000824                FileClose
                0x0000000000000838                FilePutChar
                0x000000000000085a                FilePrintf
 .text          0x00000000000008a2      0x43c /home/tomasz/Downloads/filesys-ThomasStachovsky/drivers/drivers.lib(floppy.o)
                0x0000000000000b8e                FloppyInit
                0x0000000000000c2c                FloppyKill
                0x0000000000000c82                FloppySendIO
 .text          0x0000000000000cde       0xb4 /home/tomasz/Downloads/filesys-ThomasStachovsky/drivers/drivers.lib(floppy-mfm.o)
                0x0000000000000cde                DecodeTrack
                0x0000000000000d38                DecodeSector
 .text          0x0000000000000d92       0x9a /home/tomasz/Downloads/filesys-ThomasStachovsky/drivers/drivers.lib(serial-file.o)
                0x0000000000000e06                SerialOpen
 .text          0x0000000000000e2c       0x20 /home/tomasz/Downloads/filesys-ThomasStachovsky/drivers/drivers.lib(bootcons-putc.o)
                0x0000000000000e2c                BootConsPutChar
 .text          0x0000000000000e4c      0x1ce /home/tomasz/Downloads/filesys-ThomasStachovsky/drivers/drivers.lib(cia-timer.o)
                0x0000000000000e86                AcquireTimer
                0x0000000000000f16                ReleaseTimer
                0x0000000000000f40                WaitTimerGeneric
 .text          0x000000000000101a      0x1fe /home/tomasz/Downloads/filesys-ThomasStachovsky/drivers/drivers.lib(serial.o)
                0x00000000000010ee                SerialInit
                0x000000000000117e                SerialKill
                0x00000000000011c4                SerialPutChar
                0x00000000000011f0                SerialGetChar
 .text          0x0000000000001218      0xa8a /home/tomasz/Downloads/filesys-ThomasStachovsky/FreeRTOS/freertos.lib(queue.o)
                0x0000000000001382                xQueueGenericReset
                0x0000000000001410                xQueueGenericCreate
                0x000000000000146e                xQueueGenericSend
                0x00000000000015ca                xQueueGenericSendFromISR
                0x0000000000001684                xQueueGiveFromISR
                0x000000000000171c                xQueueReceive
                0x0000000000001864                xQueueSemaphoreTake
                0x0000000000001998                xQueuePeek
                0x0000000000001ae0                xQueueReceiveFromISR
                0x0000000000001b78                xQueuePeekFromISR
                0x0000000000001be6                uxQueueMessagesWaiting
                0x0000000000001c0c                uxQueueSpacesAvailable
                0x0000000000001c3e                uxQueueMessagesWaitingFromISR
                0x0000000000001c52                vQueueDelete
                0x0000000000001c66                xQueueIsQueueEmptyFromISR
                0x0000000000001c82                xQueueIsQueueFullFromISR
 .text          0x0000000000001ca2     0x128e /home/tomasz/Downloads/filesys-ThomasStachovsky/FreeRTOS/freertos.lib(tasks.o)
                0x0000000000001daa                xTaskResumeFromISR
                0x0000000000001e56                vTaskEndScheduler
                0x0000000000001e66                vTaskSuspendAll
                0x0000000000001e76                xTaskGetTickCountFromISR
                0x0000000000001e9a                uxTaskGetNumberOfTasks
                0x0000000000001ea2                pcTaskGetName
                0x0000000000001eba                xTaskIncrementTick
                0x0000000000001ffa                vTaskSwitchContext
                0x00000000000020b6                vTaskPlaceOnEventList
                0x00000000000020ec                vTaskPlaceOnUnorderedEventList
                0x0000000000002144                xTaskRemoveFromEventList
                0x00000000000021e0                vTaskRemoveFromUnorderedEventList
                0x0000000000002270                vTaskInternalSetTimeOutState
                0x0000000000002288                vTaskMissedYield
                0x0000000000002292                uxTaskGetStackHighWaterMark
                0x00000000000022be                xTaskGetCurrentTaskHandle
                0x00000000000022c6                xTaskGetSchedulerState
                0x00000000000022e2                vTaskEnterCritical
                0x0000000000002314                vTaskExitCritical
                0x0000000000002344                xTaskCreate
                0x0000000000002542                vTaskStartScheduler
                0x0000000000002590                vTaskDelete
                0x0000000000002642                vTaskSuspend
                0x00000000000026f4                vTaskResume
                0x00000000000027fa                xTaskResumeAll
                0x00000000000028fe                vTaskDelayUntil
                0x0000000000002968                vTaskDelay
                0x000000000000299a                xTaskCatchUpTicks
                0x00000000000029c4                xTaskGetTickCount
                0x00000000000029da                vTaskSetTimeOutState
                0x0000000000002a06                xTaskCheckForTimeOut
                0x0000000000002a74                uxTaskResetEventItemValue
                0x0000000000002a96                ulTaskNotifyTake
                0x0000000000002b1a                xTaskNotifyWait
                0x0000000000002bcc                xTaskGenericNotify
                0x0000000000002cc0                xTaskGenericNotifyFromISR
                0x0000000000002dee                vTaskNotifyGiveFromISR
                0x0000000000002ebc                xTaskNotifyStateClear
                0x0000000000002ef2                ulTaskNotifyValueClear
 .text          0x0000000000002f30      0x21e /home/tomasz/Downloads/filesys-ThomasStachovsky/FreeRTOS/freertos.lib(heap.o)
                0x0000000000002f30                _pvPortMallocBelow
                0x0000000000002fd6                pvPortMalloc
                0x0000000000002fe6                pvPortMallocChip
                0x0000000000002ff8                vPortFree
                0x00000000000030c6                xPortGetFreeHeapSize
                0x00000000000030e0                xPortGetMinimumEverFreeHeapSize
                0x00000000000030fa                vPortDefineMemoryRegions
 .text          0x000000000000314e      0x1c2 /home/tomasz/Downloads/filesys-ThomasStachovsky/FreeRTOS/freertos.lib(port.o)
                0x000000000000314e                pxPortInitialiseStack
                0x0000000000003184                xPortStartScheduler
                0x00000000000031a4                vPortEndScheduler
                0x00000000000031a6                vPortSetupExceptionVector
 .text          0x0000000000003310       0xaa /home/tomasz/Downloads/filesys-ThomasStachovsky/FreeRTOS/freertos.lib(intsrv.o)
                0x0000000000003310                AddIntServer
                0x000000000000335a                RemIntServer
                0x000000000000338e                RunIntChain
 .text          0x00000000000033ba       0xe8 /home/tomasz/Downloads/filesys-ThomasStachovsky/FreeRTOS/freertos.lib(intr.o)
                0x00000000000033ba                AmigaLvl1Handler
                0x00000000000033de                AmigaLvl2Handler
                0x00000000000033ec                AmigaLvl3Handler
                0x0000000000003410                AmigaLvl4Handler
                0x0000000000003478                AmigaLvl5Handler
                0x0000000000003492                AmigaLvl6Handler
                0x00000000000034a0                DummyInterruptHandler
 .text          0x00000000000034a2       0x5a /home/tomasz/Downloads/filesys-ThomasStachovsky/FreeRTOS/freertos.lib(trap.o)
                0x00000000000034a2                BadTrap
                0x00000000000034a8                BusErrTrap
                0x00000000000034ae                AddrErrTrap
                0x00000000000034b4                IllegalTrap
                0x00000000000034ba                ZeroDivTrap
                0x00000000000034c0                ChkInstTrap
                0x00000000000034c6                TrapvInstTrap
                0x00000000000034cc                PrivInstTrap
                0x00000000000034d2                TraceTrap
                0x00000000000034d8                FmtErrTrap
                0x00000000000034de                TrapInstTrap
                0x00000000000034e6                EnterTrap
 .text          0x00000000000034fc       0x4e /home/tomasz/Downloads/filesys-ThomasStachovsky/FreeRTOS/freertos.lib(portasm.o)
                0x00000000000034fc                ulPortSetIPL
                0x0000000000003518                vPortYieldHandler
                0x000000000000353c                vPortStartFirstTask
 .text          0x000000000000354a       0xe2 /home/tomasz/Downloads/filesys-ThomasStachovsky/FreeRTOS/freertos.lib(list.o)
                0x000000000000354a                vListInitialise
                0x0000000000003568                vListInitialiseItem
                0x0000000000003572                vListInsertEnd
                0x00000000000035a8                vListInsert
                0x00000000000035f4                uxListRemove
 .text          0x000000000000362c      0x376 /home/tomasz/Downloads/filesys-ThomasStachovsky/libc/c.lib(kvprintf.o)
                0x000000000000377e                kvprintf
 .text          0x00000000000039a2       0x22 /home/tomasz/Downloads/filesys-ThomasStachovsky/libc/c.lib(mulsi3.o)
                0x00000000000039a2                __mulsi3
 .text          0x00000000000039c4       0x5c /home/tomasz/Downloads/filesys-ThomasStachovsky/libc/c.lib(udivsi3.o)
                0x00000000000039c4                __ldivu
                0x00000000000039c4                __udivsi3
 .text          0x0000000000003a20       0x2e /home/tomasz/Downloads/filesys-ThomasStachovsky/libc/c.lib(umodsi3.o)
                0x0000000000003a20                __umodsi3
 .text          0x0000000000003a4e       0xfc /home/tomasz/Downloads/filesys-ThomasStachovsky/libc/c.lib(memcpy.o)
                0x0000000000003a4e                memmove
                0x0000000000003a4e                memcpy
 .text          0x0000000000003b4a       0x94 /home/tomasz/Downloads/filesys-ThomasStachovsky/libc/c.lib(memset.o)
                0x0000000000003b4a                memset
 *(.rodata .rodata.*)
 .rodata.str1.1
                0x0000000000003bde       0x67 ../startup.o
 *fill*         0x0000000000003c45        0x1 
 .rodata.str1.1
                0x0000000000003c46       0x24 ../fault.o
 .rodata.str1.1
                0x0000000000003c6a      0x182 ../trap.o
                                        0x18e (size before relaxing)
 .rodata        0x0000000000003dec       0x2c ../trap.o
 .rodata.str1.1
                0x0000000000003e18       0x29 main.o
 *fill*         0x0000000000003e41        0x1 
 .rodata.str1.1
                0x0000000000003e42       0x23 filesys.o
 *fill*         0x0000000000003e65        0x1 
 .rodata.str1.1
                0x0000000000003e66       0x2a /home/tomasz/Downloads/filesys-ThomasStachovsky/drivers/drivers.lib(floppy.o)
 .rodata.str1.1
                0x0000000000003e90       0x1c /home/tomasz/Downloads/filesys-ThomasStachovsky/drivers/drivers.lib(serial.o)
 .rodata.str1.1
                0x0000000000003eac        0x5 /home/tomasz/Downloads/filesys-ThomasStachovsky/FreeRTOS/freertos.lib(tasks.o)
 *fill*         0x0000000000003eb1        0x1 
 .rodata        0x0000000000003eb2       0x10 /home/tomasz/Downloads/filesys-ThomasStachovsky/libc/c.lib(kvprintf.o)
                0x0000000000003ec4                . = ALIGN (0x4)
 *fill*         0x0000000000003ec2        0x2 
                [!provide]                        PROVIDE (_etext = .)

.data           0x0000000000003ec4       0xe8
                [!provide]                        PROVIDE (_data = .)
 *(.data .data.*)
 .data          0x0000000000003ec4        0x0 ../startup.o
 .data          0x0000000000003ec4        0x0 ../fault.o
 .data          0x0000000000003ec4        0x0 ../trap.o
 .data          0x0000000000003ec4       0x18 main.o
 .data          0x0000000000003edc        0x0 filesys.o
 .data          0x0000000000003edc       0x20 /home/tomasz/Downloads/filesys-ThomasStachovsky/drivers/drivers.lib(bootcons.o)
                0x0000000000003edc                KernCons
 .data          0x0000000000003efc        0x0 /home/tomasz/Downloads/filesys-ThomasStachovsky/drivers/drivers.lib(cia-icr.o)
 .data          0x0000000000003efc        0x0 /home/tomasz/Downloads/filesys-ThomasStachovsky/drivers/drivers.lib(file.o)
 .data          0x0000000000003efc        0x0 /home/tomasz/Downloads/filesys-ThomasStachovsky/drivers/drivers.lib(floppy.o)
 .data          0x0000000000003efc        0x0 /home/tomasz/Downloads/filesys-ThomasStachovsky/drivers/drivers.lib(floppy-mfm.o)
 .data          0x0000000000003efc       0x1c /home/tomasz/Downloads/filesys-ThomasStachovsky/drivers/drivers.lib(serial-file.o)
 .data          0x0000000000003f18        0x0 /home/tomasz/Downloads/filesys-ThomasStachovsky/drivers/drivers.lib(bootcons-putc.o)
 .data          0x0000000000003f18       0x88 /home/tomasz/Downloads/filesys-ThomasStachovsky/drivers/drivers.lib(cia-timer.o)
                0x0000000000003f18                Timers
 .data          0x0000000000003fa0        0x0 /home/tomasz/Downloads/filesys-ThomasStachovsky/drivers/drivers.lib(serial.o)
 .data          0x0000000000003fa0        0x0 /home/tomasz/Downloads/filesys-ThomasStachovsky/FreeRTOS/freertos.lib(queue.o)
 .data          0x0000000000003fa0        0x0 /home/tomasz/Downloads/filesys-ThomasStachovsky/FreeRTOS/freertos.lib(tasks.o)
 .data          0x0000000000003fa0        0x0 /home/tomasz/Downloads/filesys-ThomasStachovsky/FreeRTOS/freertos.lib(heap.o)
 .data          0x0000000000003fa0        0xc /home/tomasz/Downloads/filesys-ThomasStachovsky/FreeRTOS/freertos.lib(port.o)
                0x0000000000003fa0                ExterChain
                0x0000000000003fa4                VertBlankChain
                0x0000000000003fa8                PortsChain
 .data          0x0000000000003fac        0x0 /home/tomasz/Downloads/filesys-ThomasStachovsky/FreeRTOS/freertos.lib(intsrv.o)
 .data          0x0000000000003fac        0x0 /home/tomasz/Downloads/filesys-ThomasStachovsky/FreeRTOS/freertos.lib(intr.o)
 .data          0x0000000000003fac        0x0 /home/tomasz/Downloads/filesys-ThomasStachovsky/FreeRTOS/freertos.lib(trap.o)
 .data          0x0000000000003fac        0x0 /home/tomasz/Downloads/filesys-ThomasStachovsky/FreeRTOS/freertos.lib(portasm.o)
 .data          0x0000000000003fac        0x0 /home/tomasz/Downloads/filesys-ThomasStachovsky/FreeRTOS/freertos.lib(list.o)
 .data          0x0000000000003fac        0x0 /home/tomasz/Downloads/filesys-ThomasStachovsky/libc/c.lib(kvprintf.o)
 .data          0x0000000000003fac        0x0 /home/tomasz/Downloads/filesys-ThomasStachovsky/libc/c.lib(mulsi3.o)
 .data          0x0000000000003fac        0x0 /home/tomasz/Downloads/filesys-ThomasStachovsky/libc/c.lib(udivsi3.o)
 .data          0x0000000000003fac        0x0 /home/tomasz/Downloads/filesys-ThomasStachovsky/libc/c.lib(umodsi3.o)
 .data          0x0000000000003fac        0x0 /home/tomasz/Downloads/filesys-ThomasStachovsky/libc/c.lib(memcpy.o)
 .data          0x0000000000003fac        0x0 /home/tomasz/Downloads/filesys-ThomasStachovsky/libc/c.lib(memset.o)
                0x0000000000003fac                . = ALIGN (0x4)
                [!provide]                        PROVIDE (_edata = .)

.bss            0x0000000000003fac      0x1e8
                [!provide]                        PROVIDE (_bss = .)
 *(.bss .bss.*)
 .bss           0x0000000000003fac        0x0 ../startup.o
 .bss           0x0000000000003fac        0x0 ../fault.o
 .bss           0x0000000000003fac        0x0 ../trap.o
 .bss           0x0000000000003fac        0x8 main.o
 .bss           0x0000000000003fb4        0xc filesys.o
 .bss           0x0000000000003fc0        0x0 /home/tomasz/Downloads/filesys-ThomasStachovsky/drivers/drivers.lib(bootcons.o)
 .bss           0x0000000000003fc0        0x4 /home/tomasz/Downloads/filesys-ThomasStachovsky/drivers/drivers.lib(cia-icr.o)
 .bss           0x0000000000003fc4        0x0 /home/tomasz/Downloads/filesys-ThomasStachovsky/drivers/drivers.lib(file.o)
 .bss           0x0000000000003fc4       0x12 /home/tomasz/Downloads/filesys-ThomasStachovsky/drivers/drivers.lib(floppy.o)
 *fill*         0x0000000000003fd6        0x2 
 .bss           0x0000000000003fd8        0x0 /home/tomasz/Downloads/filesys-ThomasStachovsky/drivers/drivers.lib(floppy-mfm.o)
 .bss           0x0000000000003fd8        0x0 /home/tomasz/Downloads/filesys-ThomasStachovsky/drivers/drivers.lib(serial-file.o)
 .bss           0x0000000000003fd8        0x0 /home/tomasz/Downloads/filesys-ThomasStachovsky/drivers/drivers.lib(bootcons-putc.o)
 .bss           0x0000000000003fd8        0x1 /home/tomasz/Downloads/filesys-ThomasStachovsky/drivers/drivers.lib(cia-timer.o)
 *fill*         0x0000000000003fd9        0x3 
 .bss           0x0000000000003fdc        0x8 /home/tomasz/Downloads/filesys-ThomasStachovsky/drivers/drivers.lib(serial.o)
 .bss           0x0000000000003fe4        0x0 /home/tomasz/Downloads/filesys-ThomasStachovsky/FreeRTOS/freertos.lib(queue.o)
 .bss           0x0000000000003fe4       0xf0 /home/tomasz/Downloads/filesys-ThomasStachovsky/FreeRTOS/freertos.lib(tasks.o)
                0x0000000000003fe4                pxCurrentTCB
 .bss           0x00000000000040d4        0x4 /home/tomasz/Downloads/filesys-ThomasStachovsky/FreeRTOS/freertos.lib(heap.o)
                0x00000000000040d4                MemRegions
 .bss           0x00000000000040d8       0xbc /home/tomasz/Downloads/filesys-ThomasStachovsky/FreeRTOS/freertos.lib(port.o)
                0x00000000000040d8                xNeedRescheduleTask
                0x00000000000040dc                CpuModel
                0x00000000000040de                IntVec
                0x000000000000414e                ExcVecBase
 .bss           0x0000000000004194        0x0 /home/tomasz/Downloads/filesys-ThomasStachovsky/FreeRTOS/freertos.lib(intsrv.o)
 .bss           0x0000000000004194        0x0 /home/tomasz/Downloads/filesys-ThomasStachovsky/FreeRTOS/freertos.lib(intr.o)
 .bss           0x0000000000004194        0x0 /home/tomasz/Downloads/filesys-ThomasStachovsky/FreeRTOS/freertos.lib(trap.o)
 .bss           0x0000000000004194        0x0 /home/tomasz/Downloads/filesys-ThomasStachovsky/FreeRTOS/freertos.lib(portasm.o)
 .bss           0x0000000000004194        0x0 /home/tomasz/Downloads/filesys-ThomasStachovsky/FreeRTOS/freertos.lib(list.o)
 .bss           0x0000000000004194        0x0 /home/tomasz/Downloads/filesys-ThomasStachovsky/libc/c.lib(kvprintf.o)
 .bss           0x0000000000004194        0x0 /home/tomasz/Downloads/filesys-ThomasStachovsky/libc/c.lib(mulsi3.o)
 .bss           0x0000000000004194        0x0 /home/tomasz/Downloads/filesys-ThomasStachovsky/libc/c.lib(udivsi3.o)
 .bss           0x0000000000004194        0x0 /home/tomasz/Downloads/filesys-ThomasStachovsky/libc/c.lib(umodsi3.o)
 .bss           0x0000000000004194        0x0 /home/tomasz/Downloads/filesys-ThomasStachovsky/libc/c.lib(memcpy.o)
 .bss           0x0000000000004194        0x0 /home/tomasz/Downloads/filesys-ThomasStachovsky/libc/c.lib(memset.o)
 *(COMMON)
                0x0000000000004194                . = ALIGN (0x4)
                [!provide]                        PROVIDE (_ebss = .)

.data.MEMF_CHIP
                0x0000000000004194        0x0
                [!provide]                        PROVIDE (_datachip = .)
 *(.datachip .datachip.*)
                0x0000000000004194                . = ALIGN (0x4)
                [!provide]                        PROVIDE (_edatachip = .)

.bss.MEMF_CHIP  0x0000000000004194        0x0
                [!provide]                        PROVIDE (_bsschip = .)
 *(.bsschip .bsschip.*)
                0x0000000000004194                . = ALIGN (0x4)
                [!provide]                        PROVIDE (_ebsschip = .)

/DISCARD/
 *(.comment)
LOAD ../startup.o
LOAD ../fault.o
LOAD ../trap.o
LOAD main.o
LOAD filesys.o
LOAD /home/tomasz/Downloads/filesys-ThomasStachovsky/drivers/drivers.lib
LOAD /home/tomasz/Downloads/filesys-ThomasStachovsky/FreeRTOS/freertos.lib
LOAD /home/tomasz/Downloads/filesys-ThomasStachovsky/libc/c.lib
OUTPUT(floppy.elf elf32-m68k)

.debug_info     0x0000000000000000     0xd9cb
 .debug_info    0x0000000000000000      0xd2d ../startup.o
 .debug_info    0x0000000000000d2d      0x240 ../fault.o
 .debug_info    0x0000000000000f6d      0x572 ../trap.o
 .debug_info    0x00000000000014df      0xe0a main.o
 .debug_info    0x00000000000022e9     0x12b1 filesys.o
 .debug_info    0x000000000000359a      0x282 /home/tomasz/Downloads/filesys-ThomasStachovsky/drivers/drivers.lib(bootcons.o)
 .debug_info    0x000000000000381c      0x380 /home/tomasz/Downloads/filesys-ThomasStachovsky/drivers/drivers.lib(cia-icr.o)
 .debug_info    0x0000000000003b9c      0x448 /home/tomasz/Downloads/filesys-ThomasStachovsky/drivers/drivers.lib(file.o)
 .debug_info    0x0000000000003fe4     0x1371 /home/tomasz/Downloads/filesys-ThomasStachovsky/drivers/drivers.lib(floppy.o)
 .debug_info    0x0000000000005355      0xbe5 /home/tomasz/Downloads/filesys-ThomasStachovsky/drivers/drivers.lib(floppy-mfm.o)
 .debug_info    0x0000000000005f3a      0x359 /home/tomasz/Downloads/filesys-ThomasStachovsky/drivers/drivers.lib(serial-file.o)
 .debug_info    0x0000000000006293       0x26 /home/tomasz/Downloads/filesys-ThomasStachovsky/drivers/drivers.lib(bootcons-putc.o)
 .debug_info    0x00000000000062b9      0xf88 /home/tomasz/Downloads/filesys-ThomasStachovsky/drivers/drivers.lib(cia-timer.o)
 .debug_info    0x0000000000007241      0xe1f /home/tomasz/Downloads/filesys-ThomasStachovsky/drivers/drivers.lib(serial.o)
 .debug_info    0x0000000000008060     0x1357 /home/tomasz/Downloads/filesys-ThomasStachovsky/FreeRTOS/freertos.lib(queue.o)
 .debug_info    0x00000000000093b7     0x1ce1 /home/tomasz/Downloads/filesys-ThomasStachovsky/FreeRTOS/freertos.lib(tasks.o)
 .debug_info    0x000000000000b098      0x6c6 /home/tomasz/Downloads/filesys-ThomasStachovsky/FreeRTOS/freertos.lib(heap.o)
 .debug_info    0x000000000000b75e      0xe8a /home/tomasz/Downloads/filesys-ThomasStachovsky/FreeRTOS/freertos.lib(port.o)
 .debug_info    0x000000000000c5e8      0xbd9 /home/tomasz/Downloads/filesys-ThomasStachovsky/FreeRTOS/freertos.lib(intsrv.o)
 .debug_info    0x000000000000d1c1       0x26 /home/tomasz/Downloads/filesys-ThomasStachovsky/FreeRTOS/freertos.lib(intr.o)
 .debug_info    0x000000000000d1e7       0x26 /home/tomasz/Downloads/filesys-ThomasStachovsky/FreeRTOS/freertos.lib(trap.o)
 .debug_info    0x000000000000d20d       0x26 /home/tomasz/Downloads/filesys-ThomasStachovsky/FreeRTOS/freertos.lib(portasm.o)
 .debug_info    0x000000000000d233      0x2ed /home/tomasz/Downloads/filesys-ThomasStachovsky/FreeRTOS/freertos.lib(list.o)
 .debug_info    0x000000000000d520      0x3ed /home/tomasz/Downloads/filesys-ThomasStachovsky/libc/c.lib(kvprintf.o)
 .debug_info    0x000000000000d90d       0x26 /home/tomasz/Downloads/filesys-ThomasStachovsky/libc/c.lib(mulsi3.o)
 .debug_info    0x000000000000d933       0x26 /home/tomasz/Downloads/filesys-ThomasStachovsky/libc/c.lib(udivsi3.o)
 .debug_info    0x000000000000d959       0x26 /home/tomasz/Downloads/filesys-ThomasStachovsky/libc/c.lib(umodsi3.o)
 .debug_info    0x000000000000d97f       0x26 /home/tomasz/Downloads/filesys-ThomasStachovsky/libc/c.lib(memcpy.o)
 .debug_info    0x000000000000d9a5       0x26 /home/tomasz/Downloads/filesys-ThomasStachovsky/libc/c.lib(memset.o)

.debug_abbrev   0x0000000000000000     0x2bed
 .debug_abbrev  0x0000000000000000      0x245 ../startup.o
 .debug_abbrev  0x0000000000000245       0xf8 ../fault.o
 .debug_abbrev  0x000000000000033d      0x182 ../trap.o
 .debug_abbrev  0x00000000000004bf      0x260 main.o
 .debug_abbrev  0x000000000000071f      0x34f filesys.o
 .debug_abbrev  0x0000000000000a6e      0x15e /home/tomasz/Downloads/filesys-ThomasStachovsky/drivers/drivers.lib(bootcons.o)
 .debug_abbrev  0x0000000000000bcc      0x13d /home/tomasz/Downloads/filesys-ThomasStachovsky/drivers/drivers.lib(cia-icr.o)
 .debug_abbrev  0x0000000000000d09      0x1ba /home/tomasz/Downloads/filesys-ThomasStachovsky/drivers/drivers.lib(file.o)
 .debug_abbrev  0x0000000000000ec3      0x313 /home/tomasz/Downloads/filesys-ThomasStachovsky/drivers/drivers.lib(floppy.o)
 .debug_abbrev  0x00000000000011d6      0x1c9 /home/tomasz/Downloads/filesys-ThomasStachovsky/drivers/drivers.lib(floppy-mfm.o)
 .debug_abbrev  0x000000000000139f      0x1b6 /home/tomasz/Downloads/filesys-ThomasStachovsky/drivers/drivers.lib(serial-file.o)
 .debug_abbrev  0x0000000000001555       0x14 /home/tomasz/Downloads/filesys-ThomasStachovsky/drivers/drivers.lib(bootcons-putc.o)
 .debug_abbrev  0x0000000000001569      0x2dd /home/tomasz/Downloads/filesys-ThomasStachovsky/drivers/drivers.lib(cia-timer.o)
 .debug_abbrev  0x0000000000001846      0x29c /home/tomasz/Downloads/filesys-ThomasStachovsky/drivers/drivers.lib(serial.o)
 .debug_abbrev  0x0000000000001ae2      0x2b5 /home/tomasz/Downloads/filesys-ThomasStachovsky/FreeRTOS/freertos.lib(queue.o)
 .debug_abbrev  0x0000000000001d97      0x405 /home/tomasz/Downloads/filesys-ThomasStachovsky/FreeRTOS/freertos.lib(tasks.o)
 .debug_abbrev  0x000000000000219c      0x254 /home/tomasz/Downloads/filesys-ThomasStachovsky/FreeRTOS/freertos.lib(heap.o)
 .debug_abbrev  0x00000000000023f0      0x251 /home/tomasz/Downloads/filesys-ThomasStachovsky/FreeRTOS/freertos.lib(port.o)
 .debug_abbrev  0x0000000000002641      0x239 /home/tomasz/Downloads/filesys-ThomasStachovsky/FreeRTOS/freertos.lib(intsrv.o)
 .debug_abbrev  0x000000000000287a       0x14 /home/tomasz/Downloads/filesys-ThomasStachovsky/FreeRTOS/freertos.lib(intr.o)
 .debug_abbrev  0x000000000000288e       0x14 /home/tomasz/Downloads/filesys-ThomasStachovsky/FreeRTOS/freertos.lib(trap.o)
 .debug_abbrev  0x00000000000028a2       0x14 /home/tomasz/Downloads/filesys-ThomasStachovsky/FreeRTOS/freertos.lib(portasm.o)
 .debug_abbrev  0x00000000000028b6      0x105 /home/tomasz/Downloads/filesys-ThomasStachovsky/FreeRTOS/freertos.lib(list.o)
 .debug_abbrev  0x00000000000029bb      0x1ce /home/tomasz/Downloads/filesys-ThomasStachovsky/libc/c.lib(kvprintf.o)
 .debug_abbrev  0x0000000000002b89       0x14 /home/tomasz/Downloads/filesys-ThomasStachovsky/libc/c.lib(mulsi3.o)
 .debug_abbrev  0x0000000000002b9d       0x14 /home/tomasz/Downloads/filesys-ThomasStachovsky/libc/c.lib(udivsi3.o)
 .debug_abbrev  0x0000000000002bb1       0x14 /home/tomasz/Downloads/filesys-ThomasStachovsky/libc/c.lib(umodsi3.o)
 .debug_abbrev  0x0000000000002bc5       0x14 /home/tomasz/Downloads/filesys-ThomasStachovsky/libc/c.lib(memcpy.o)
 .debug_abbrev  0x0000000000002bd9       0x14 /home/tomasz/Downloads/filesys-ThomasStachovsky/libc/c.lib(memset.o)

.debug_loc      0x0000000000000000     0x2ee4
 .debug_loc     0x0000000000000000       0x5d ../startup.o
 .debug_loc     0x000000000000005d       0xe8 ../trap.o
 .debug_loc     0x0000000000000145       0xa0 main.o
 .debug_loc     0x00000000000001e5      0x222 filesys.o
 .debug_loc     0x0000000000000407       0x3f /home/tomasz/Downloads/filesys-ThomasStachovsky/drivers/drivers.lib(bootcons.o)
 .debug_loc     0x0000000000000446       0x67 /home/tomasz/Downloads/filesys-ThomasStachovsky/drivers/drivers.lib(cia-icr.o)
 .debug_loc     0x00000000000004ad       0xa2 /home/tomasz/Downloads/filesys-ThomasStachovsky/drivers/drivers.lib(file.o)
 .debug_loc     0x000000000000054f      0x13b /home/tomasz/Downloads/filesys-ThomasStachovsky/drivers/drivers.lib(floppy.o)
 .debug_loc     0x000000000000068a      0x201 /home/tomasz/Downloads/filesys-ThomasStachovsky/drivers/drivers.lib(floppy-mfm.o)
 .debug_loc     0x000000000000088b       0x6f /home/tomasz/Downloads/filesys-ThomasStachovsky/drivers/drivers.lib(serial-file.o)
 .debug_loc     0x00000000000008fa      0x18f /home/tomasz/Downloads/filesys-ThomasStachovsky/drivers/drivers.lib(cia-timer.o)
 .debug_loc     0x0000000000000a89       0x8f /home/tomasz/Downloads/filesys-ThomasStachovsky/drivers/drivers.lib(serial.o)
 .debug_loc     0x0000000000000b18      0xa85 /home/tomasz/Downloads/filesys-ThomasStachovsky/FreeRTOS/freertos.lib(queue.o)
 .debug_loc     0x000000000000159d      0xd55 /home/tomasz/Downloads/filesys-ThomasStachovsky/FreeRTOS/freertos.lib(tasks.o)
 .debug_loc     0x00000000000022f2      0x40b /home/tomasz/Downloads/filesys-ThomasStachovsky/FreeRTOS/freertos.lib(heap.o)
 .debug_loc     0x00000000000026fd       0xf0 /home/tomasz/Downloads/filesys-ThomasStachovsky/FreeRTOS/freertos.lib(port.o)
 .debug_loc     0x00000000000027ed       0x99 /home/tomasz/Downloads/filesys-ThomasStachovsky/FreeRTOS/freertos.lib(intsrv.o)
 .debug_loc     0x0000000000002886       0x8a /home/tomasz/Downloads/filesys-ThomasStachovsky/FreeRTOS/freertos.lib(list.o)
 .debug_loc     0x0000000000002910      0x5d4 /home/tomasz/Downloads/filesys-ThomasStachovsky/libc/c.lib(kvprintf.o)

.debug_aranges  0x0000000000000000      0x3a8
 .debug_aranges
                0x0000000000000000       0x20 ../startup.o
 .debug_aranges
                0x0000000000000020       0x20 ../fault.o
 .debug_aranges
                0x0000000000000040       0x20 ../trap.o
 .debug_aranges
                0x0000000000000060       0x28 main.o
 .debug_aranges
                0x0000000000000088       0x20 filesys.o
 .debug_aranges
                0x00000000000000a8       0x20 /home/tomasz/Downloads/filesys-ThomasStachovsky/drivers/drivers.lib(bootcons.o)
 .debug_aranges
                0x00000000000000c8       0x20 /home/tomasz/Downloads/filesys-ThomasStachovsky/drivers/drivers.lib(cia-icr.o)
 .debug_aranges
                0x00000000000000e8       0x20 /home/tomasz/Downloads/filesys-ThomasStachovsky/drivers/drivers.lib(file.o)
 .debug_aranges
                0x0000000000000108       0x20 /home/tomasz/Downloads/filesys-ThomasStachovsky/drivers/drivers.lib(floppy.o)
 .debug_aranges
                0x0000000000000128       0x20 /home/tomasz/Downloads/filesys-ThomasStachovsky/drivers/drivers.lib(floppy-mfm.o)
 .debug_aranges
                0x0000000000000148       0x20 /home/tomasz/Downloads/filesys-ThomasStachovsky/drivers/drivers.lib(serial-file.o)
 .debug_aranges
                0x0000000000000168       0x20 /home/tomasz/Downloads/filesys-ThomasStachovsky/drivers/drivers.lib(bootcons-putc.o)
 .debug_aranges
                0x0000000000000188       0x20 /home/tomasz/Downloads/filesys-ThomasStachovsky/drivers/drivers.lib(cia-timer.o)
 .debug_aranges
                0x00000000000001a8       0x20 /home/tomasz/Downloads/filesys-ThomasStachovsky/drivers/drivers.lib(serial.o)
 .debug_aranges
                0x00000000000001c8       0x20 /home/tomasz/Downloads/filesys-ThomasStachovsky/FreeRTOS/freertos.lib(queue.o)
 .debug_aranges
                0x00000000000001e8       0x20 /home/tomasz/Downloads/filesys-ThomasStachovsky/FreeRTOS/freertos.lib(tasks.o)
 .debug_aranges
                0x0000000000000208       0x20 /home/tomasz/Downloads/filesys-ThomasStachovsky/FreeRTOS/freertos.lib(heap.o)
 .debug_aranges
                0x0000000000000228       0x20 /home/tomasz/Downloads/filesys-ThomasStachovsky/FreeRTOS/freertos.lib(port.o)
 .debug_aranges
                0x0000000000000248       0x20 /home/tomasz/Downloads/filesys-ThomasStachovsky/FreeRTOS/freertos.lib(intsrv.o)
 .debug_aranges
                0x0000000000000268       0x20 /home/tomasz/Downloads/filesys-ThomasStachovsky/FreeRTOS/freertos.lib(intr.o)
 .debug_aranges
                0x0000000000000288       0x20 /home/tomasz/Downloads/filesys-ThomasStachovsky/FreeRTOS/freertos.lib(trap.o)
 .debug_aranges
                0x00000000000002a8       0x20 /home/tomasz/Downloads/filesys-ThomasStachovsky/FreeRTOS/freertos.lib(portasm.o)
 .debug_aranges
                0x00000000000002c8       0x20 /home/tomasz/Downloads/filesys-ThomasStachovsky/FreeRTOS/freertos.lib(list.o)
 .debug_aranges
                0x00000000000002e8       0x20 /home/tomasz/Downloads/filesys-ThomasStachovsky/libc/c.lib(kvprintf.o)
 .debug_aranges
                0x0000000000000308       0x20 /home/tomasz/Downloads/filesys-ThomasStachovsky/libc/c.lib(mulsi3.o)
 .debug_aranges
                0x0000000000000328       0x20 /home/tomasz/Downloads/filesys-ThomasStachovsky/libc/c.lib(udivsi3.o)
 .debug_aranges
                0x0000000000000348       0x20 /home/tomasz/Downloads/filesys-ThomasStachovsky/libc/c.lib(umodsi3.o)
 .debug_aranges
                0x0000000000000368       0x20 /home/tomasz/Downloads/filesys-ThomasStachovsky/libc/c.lib(memcpy.o)
 .debug_aranges
                0x0000000000000388       0x20 /home/tomasz/Downloads/filesys-ThomasStachovsky/libc/c.lib(memset.o)

.debug_ranges   0x0000000000000000      0x5b8
 .debug_ranges  0x0000000000000000       0x18 ../startup.o
 .debug_ranges  0x0000000000000018       0x18 ../trap.o
 .debug_ranges  0x0000000000000030       0x30 main.o
 .debug_ranges  0x0000000000000060       0x38 filesys.o
 .debug_ranges  0x0000000000000098       0x18 /home/tomasz/Downloads/filesys-ThomasStachovsky/drivers/drivers.lib(bootcons.o)
 .debug_ranges  0x00000000000000b0       0x68 /home/tomasz/Downloads/filesys-ThomasStachovsky/drivers/drivers.lib(floppy.o)
 .debug_ranges  0x0000000000000118       0x18 /home/tomasz/Downloads/filesys-ThomasStachovsky/drivers/drivers.lib(floppy-mfm.o)
 .debug_ranges  0x0000000000000130       0x18 /home/tomasz/Downloads/filesys-ThomasStachovsky/drivers/drivers.lib(serial-file.o)
 .debug_ranges  0x0000000000000148       0x30 /home/tomasz/Downloads/filesys-ThomasStachovsky/drivers/drivers.lib(cia-timer.o)
 .debug_ranges  0x0000000000000178      0x150 /home/tomasz/Downloads/filesys-ThomasStachovsky/FreeRTOS/freertos.lib(queue.o)
 .debug_ranges  0x00000000000002c8      0x170 /home/tomasz/Downloads/filesys-ThomasStachovsky/FreeRTOS/freertos.lib(tasks.o)
 .debug_ranges  0x0000000000000438      0x168 /home/tomasz/Downloads/filesys-ThomasStachovsky/FreeRTOS/freertos.lib(heap.o)
 .debug_ranges  0x00000000000005a0       0x18 /home/tomasz/Downloads/filesys-ThomasStachovsky/FreeRTOS/freertos.lib(intsrv.o)

.debug_line     0x0000000000000000     0x6491
 .debug_line    0x0000000000000000      0x356 ../startup.o
 .debug_line    0x0000000000000356      0x17e ../fault.o
 .debug_line    0x00000000000004d4      0x270 ../trap.o
 .debug_line    0x0000000000000744      0x2d7 main.o
 .debug_line    0x0000000000000a1b      0x4e1 filesys.o
 .debug_line    0x0000000000000efc      0x133 /home/tomasz/Downloads/filesys-ThomasStachovsky/drivers/drivers.lib(bootcons.o)
 .debug_line    0x000000000000102f      0x134 /home/tomasz/Downloads/filesys-ThomasStachovsky/drivers/drivers.lib(cia-icr.o)
 .debug_line    0x0000000000001163      0x1cf /home/tomasz/Downloads/filesys-ThomasStachovsky/drivers/drivers.lib(file.o)
 .debug_line    0x0000000000001332      0x5b3 /home/tomasz/Downloads/filesys-ThomasStachovsky/drivers/drivers.lib(floppy.o)
 .debug_line    0x00000000000018e5      0x26e /home/tomasz/Downloads/filesys-ThomasStachovsky/drivers/drivers.lib(floppy-mfm.o)
 .debug_line    0x0000000000001b53      0x1b3 /home/tomasz/Downloads/filesys-ThomasStachovsky/drivers/drivers.lib(serial-file.o)
 .debug_line    0x0000000000001d06       0x7d /home/tomasz/Downloads/filesys-ThomasStachovsky/drivers/drivers.lib(bootcons-putc.o)
 .debug_line    0x0000000000001d83      0x394 /home/tomasz/Downloads/filesys-ThomasStachovsky/drivers/drivers.lib(cia-timer.o)
 .debug_line    0x0000000000002117      0x318 /home/tomasz/Downloads/filesys-ThomasStachovsky/drivers/drivers.lib(serial.o)
 .debug_line    0x000000000000242f     0x114f /home/tomasz/Downloads/filesys-ThomasStachovsky/FreeRTOS/freertos.lib(queue.o)
 .debug_line    0x000000000000357e     0x1837 /home/tomasz/Downloads/filesys-ThomasStachovsky/FreeRTOS/freertos.lib(tasks.o)
 .debug_line    0x0000000000004db5      0x587 /home/tomasz/Downloads/filesys-ThomasStachovsky/FreeRTOS/freertos.lib(heap.o)
 .debug_line    0x000000000000533c      0x35f /home/tomasz/Downloads/filesys-ThomasStachovsky/FreeRTOS/freertos.lib(port.o)
 .debug_line    0x000000000000569b      0x214 /home/tomasz/Downloads/filesys-ThomasStachovsky/FreeRTOS/freertos.lib(intsrv.o)
 .debug_line    0x00000000000058af       0xab /home/tomasz/Downloads/filesys-ThomasStachovsky/FreeRTOS/freertos.lib(intr.o)
 .debug_line    0x000000000000595a       0x94 /home/tomasz/Downloads/filesys-ThomasStachovsky/FreeRTOS/freertos.lib(trap.o)
 .debug_line    0x00000000000059ee       0x93 /home/tomasz/Downloads/filesys-ThomasStachovsky/FreeRTOS/freertos.lib(portasm.o)
 .debug_line    0x0000000000005a81      0x2c3 /home/tomasz/Downloads/filesys-ThomasStachovsky/FreeRTOS/freertos.lib(list.o)
 .debug_line    0x0000000000005d44      0x445 /home/tomasz/Downloads/filesys-ThomasStachovsky/libc/c.lib(kvprintf.o)
 .debug_line    0x0000000000006189       0x79 /home/tomasz/Downloads/filesys-ThomasStachovsky/libc/c.lib(mulsi3.o)
 .debug_line    0x0000000000006202       0x93 /home/tomasz/Downloads/filesys-ThomasStachovsky/libc/c.lib(udivsi3.o)
 .debug_line    0x0000000000006295       0x7e /home/tomasz/Downloads/filesys-ThomasStachovsky/libc/c.lib(umodsi3.o)
 .debug_line    0x0000000000006313       0xd2 /home/tomasz/Downloads/filesys-ThomasStachovsky/libc/c.lib(memcpy.o)
 .debug_line    0x00000000000063e5       0xac /home/tomasz/Downloads/filesys-ThomasStachovsky/libc/c.lib(memset.o)

.debug_str      0x0000000000000000     0x27ad
 .debug_str     0x0000000000000000      0x70c ../startup.o
                                        0x75f (size before relaxing)
 .debug_str     0x000000000000070c       0x7c ../fault.o
                                        0x24e (size before relaxing)
 .debug_str     0x0000000000000788      0x11c ../trap.o
                                        0x308 (size before relaxing)
 .debug_str     0x00000000000008a4      0x2d5 main.o
                                        0x856 (size before relaxing)
 .debug_str     0x0000000000000b79      0x2d2 filesys.o
                                        0x9e9 (size before relaxing)
 .debug_str     0x0000000000000e4b       0xb4 /home/tomasz/Downloads/filesys-ThomasStachovsky/drivers/drivers.lib(bootcons.o)
                                        0x21c (size before relaxing)
 .debug_str     0x0000000000000eff       0x75 /home/tomasz/Downloads/filesys-ThomasStachovsky/drivers/drivers.lib(cia-icr.o)
                                        0x296 (size before relaxing)
 .debug_str     0x0000000000000f74       0xa2 /home/tomasz/Downloads/filesys-ThomasStachovsky/drivers/drivers.lib(file.o)
                                        0x263 (size before relaxing)
 .debug_str     0x0000000000001016      0x1c2 /home/tomasz/Downloads/filesys-ThomasStachovsky/drivers/drivers.lib(floppy.o)
                                        0xa02 (size before relaxing)
 .debug_str     0x00000000000011d8       0xbc /home/tomasz/Downloads/filesys-ThomasStachovsky/drivers/drivers.lib(floppy-mfm.o)
                                        0x656 (size before relaxing)
 .debug_str     0x0000000000001294       0xa7 /home/tomasz/Downloads/filesys-ThomasStachovsky/drivers/drivers.lib(serial-file.o)
                                        0x24f (size before relaxing)
 .debug_str     0x000000000000133b       0x54 /home/tomasz/Downloads/filesys-ThomasStachovsky/drivers/drivers.lib(bootcons-putc.o)
                                         0x8c (size before relaxing)
 .debug_str     0x000000000000138f       0xc9 /home/tomasz/Downloads/filesys-ThomasStachovsky/drivers/drivers.lib(cia-timer.o)
                                        0x88c (size before relaxing)
 .debug_str     0x0000000000001458       0xe7 /home/tomasz/Downloads/filesys-ThomasStachovsky/drivers/drivers.lib(serial.o)
                                        0x800 (size before relaxing)
 .debug_str     0x000000000000153f      0x46c /home/tomasz/Downloads/filesys-ThomasStachovsky/FreeRTOS/freertos.lib(queue.o)
                                        0x7c5 (size before relaxing)
 .debug_str     0x00000000000019ab      0x834 /home/tomasz/Downloads/filesys-ThomasStachovsky/FreeRTOS/freertos.lib(tasks.o)
                                        0xd50 (size before relaxing)
 .debug_str     0x00000000000021df      0x14f /home/tomasz/Downloads/filesys-ThomasStachovsky/FreeRTOS/freertos.lib(heap.o)
                                        0x36e (size before relaxing)
 .debug_str     0x000000000000232e       0x89 /home/tomasz/Downloads/filesys-ThomasStachovsky/FreeRTOS/freertos.lib(port.o)
                                        0x880 (size before relaxing)
 .debug_str     0x00000000000023b7       0x62 /home/tomasz/Downloads/filesys-ThomasStachovsky/FreeRTOS/freertos.lib(intsrv.o)
                                        0x6ec (size before relaxing)
 .debug_str     0x0000000000002419       0x54 /home/tomasz/Downloads/filesys-ThomasStachovsky/FreeRTOS/freertos.lib(intr.o)
                                         0x99 (size before relaxing)
 .debug_str     0x000000000000246d       0x54 /home/tomasz/Downloads/filesys-ThomasStachovsky/FreeRTOS/freertos.lib(trap.o)
                                         0x99 (size before relaxing)
 .debug_str     0x00000000000024c1       0x57 /home/tomasz/Downloads/filesys-ThomasStachovsky/FreeRTOS/freertos.lib(portasm.o)
                                         0x9c (size before relaxing)
 .debug_str     0x0000000000002518       0x88 /home/tomasz/Downloads/filesys-ThomasStachovsky/FreeRTOS/freertos.lib(list.o)
                                        0x2c5 (size before relaxing)
 .debug_str     0x00000000000025a0       0xbb /home/tomasz/Downloads/filesys-ThomasStachovsky/libc/c.lib(kvprintf.o)
                                        0x25e (size before relaxing)
 .debug_str     0x000000000000265b       0x42 /home/tomasz/Downloads/filesys-ThomasStachovsky/libc/c.lib(mulsi3.o)
                                         0x83 (size before relaxing)
 .debug_str     0x000000000000269d       0x43 /home/tomasz/Downloads/filesys-ThomasStachovsky/libc/c.lib(udivsi3.o)
                                         0x84 (size before relaxing)
 .debug_str     0x00000000000026e0       0x43 /home/tomasz/Downloads/filesys-ThomasStachovsky/libc/c.lib(umodsi3.o)
                                         0x84 (size before relaxing)
 .debug_str     0x0000000000002723       0x45 /home/tomasz/Downloads/filesys-ThomasStachovsky/libc/c.lib(memcpy.o)
                                         0x86 (size before relaxing)
 .debug_str     0x0000000000002768       0x45 /home/tomasz/Downloads/filesys-ThomasStachovsky/libc/c.lib(memset.o)
                                         0x86 (size before relaxing)

.debug_frame    0x0000000000000000     0x15f0
 .debug_frame   0x0000000000000000       0x8c ../startup.o
 .debug_frame   0x000000000000008c       0x4c ../fault.o
 .debug_frame   0x00000000000000d8       0x90 ../trap.o
 .debug_frame   0x0000000000000168       0xf8 main.o
 .debug_frame   0x0000000000000260      0x17c filesys.o
 .debug_frame   0x00000000000003dc       0x38 /home/tomasz/Downloads/filesys-ThomasStachovsky/drivers/drivers.lib(bootcons.o)
 .debug_frame   0x0000000000000414       0x48 /home/tomasz/Downloads/filesys-ThomasStachovsky/drivers/drivers.lib(cia-icr.o)
 .debug_frame   0x000000000000045c       0x9c /home/tomasz/Downloads/filesys-ThomasStachovsky/drivers/drivers.lib(file.o)
 .debug_frame   0x00000000000004f8      0x16c /home/tomasz/Downloads/filesys-ThomasStachovsky/drivers/drivers.lib(floppy.o)
 .debug_frame   0x0000000000000664       0x4c /home/tomasz/Downloads/filesys-ThomasStachovsky/drivers/drivers.lib(floppy-mfm.o)
 .debug_frame   0x00000000000006b0       0x7c /home/tomasz/Downloads/filesys-ThomasStachovsky/drivers/drivers.lib(serial-file.o)
 .debug_frame   0x000000000000072c       0xb8 /home/tomasz/Downloads/filesys-ThomasStachovsky/drivers/drivers.lib(cia-timer.o)
 .debug_frame   0x00000000000007e4       0xf0 /home/tomasz/Downloads/filesys-ThomasStachovsky/drivers/drivers.lib(serial.o)
 .debug_frame   0x00000000000008d4      0x404 /home/tomasz/Downloads/filesys-ThomasStachovsky/FreeRTOS/freertos.lib(queue.o)
 .debug_frame   0x0000000000000cd8      0x5ec /home/tomasz/Downloads/filesys-ThomasStachovsky/FreeRTOS/freertos.lib(tasks.o)
 .debug_frame   0x00000000000012c4       0xc8 /home/tomasz/Downloads/filesys-ThomasStachovsky/FreeRTOS/freertos.lib(heap.o)
 .debug_frame   0x000000000000138c       0x68 /home/tomasz/Downloads/filesys-ThomasStachovsky/FreeRTOS/freertos.lib(port.o)
 .debug_frame   0x00000000000013f4       0x7c /home/tomasz/Downloads/filesys-ThomasStachovsky/FreeRTOS/freertos.lib(intsrv.o)
 .debug_frame   0x0000000000001470       0x88 /home/tomasz/Downloads/filesys-ThomasStachovsky/FreeRTOS/freertos.lib(list.o)
 .debug_frame   0x00000000000014f8       0xf8 /home/tomasz/Downloads/filesys-ThomasStachovsky/libc/c.lib(kvprintf.o)
