Archive member included to satisfy reference by file (symbol)

/home/tomasz/Downloads/filesys-ThomasStachovsky/drivers/drivers.lib(bootcons.o)
                              ../startup.o (KernCons)
/home/tomasz/Downloads/filesys-ThomasStachovsky/drivers/drivers.lib(cia-icr.o)
                              ../startup.o (WriteICR)
/home/tomasz/Downloads/filesys-ThomasStachovsky/drivers/drivers.lib(file.o)
                              main.o (FileRead)
/home/tomasz/Downloads/filesys-ThomasStachovsky/drivers/drivers.lib(floppy.o)
                              filesys.o (FloppyInit)
/home/tomasz/Downloads/filesys-ThomasStachovsky/drivers/drivers.lib(floppy-mfm.o)
                              filesys.o (DecodeTrack)
/home/tomasz/Downloads/filesys-ThomasStachovsky/drivers/drivers.lib(serial-file.o)
                              main.o (SerialOpen)
/home/tomasz/Downloads/filesys-ThomasStachovsky/drivers/drivers.lib(bootcons-putc.o)
                              /home/tomasz/Downloads/filesys-ThomasStachovsky/drivers/drivers.lib(bootcons.o) (BootConsPutChar)
/home/tomasz/Downloads/filesys-ThomasStachovsky/drivers/drivers.lib(cia-timer.o)
                              /home/tomasz/Downloads/filesys-ThomasStachovsky/drivers/drivers.lib(floppy.o) (AcquireTimer)
/home/tomasz/Downloads/filesys-ThomasStachovsky/drivers/drivers.lib(serial.o)
                              /home/tomasz/Downloads/filesys-ThomasStachovsky/drivers/drivers.lib(serial-file.o) (SerialInit)
/home/tomasz/Downloads/filesys-ThomasStachovsky/FreeRTOS/freertos.lib(queue.o)
                              filesys.o (xQueueGenericCreate)
/home/tomasz/Downloads/filesys-ThomasStachovsky/FreeRTOS/freertos.lib(tasks.o)
                              /home/tomasz/Downloads/filesys-ThomasStachovsky/drivers/drivers.lib(cia-timer.o) (vTaskSuspendAll)
/home/tomasz/Downloads/filesys-ThomasStachovsky/FreeRTOS/freertos.lib(heap.o)
                              main.o (pvPortMalloc)
/home/tomasz/Downloads/filesys-ThomasStachovsky/FreeRTOS/freertos.lib(port.o)
                              /home/tomasz/Downloads/filesys-ThomasStachovsky/FreeRTOS/freertos.lib(tasks.o) (pxPortInitialiseStack)
/home/tomasz/Downloads/filesys-ThomasStachovsky/FreeRTOS/freertos.lib(intsrv.o)
                              main.o (AddIntServer)
/home/tomasz/Downloads/filesys-ThomasStachovsky/FreeRTOS/freertos.lib(intr.o)
                              /home/tomasz/Downloads/filesys-ThomasStachovsky/FreeRTOS/freertos.lib(port.o) (AmigaLvl1Handler)
/home/tomasz/Downloads/filesys-ThomasStachovsky/FreeRTOS/freertos.lib(trap.o)
                              /home/tomasz/Downloads/filesys-ThomasStachovsky/FreeRTOS/freertos.lib(port.o) (BadTrap)
/home/tomasz/Downloads/filesys-ThomasStachovsky/FreeRTOS/freertos.lib(portasm.o)
                              main.o (ulPortSetIPL)
/home/tomasz/Downloads/filesys-ThomasStachovsky/FreeRTOS/freertos.lib(list.o)
                              /home/tomasz/Downloads/filesys-ThomasStachovsky/FreeRTOS/freertos.lib(queue.o) (vListInitialise)
/home/tomasz/Downloads/filesys-ThomasStachovsky/libc/c.lib(kvprintf.o)
                              /home/tomasz/Downloads/filesys-ThomasStachovsky/drivers/drivers.lib(file.o) (kvprintf)
/home/tomasz/Downloads/filesys-ThomasStachovsky/libc/c.lib(rand_r.o)
                              main.o (rand_r)
/home/tomasz/Downloads/filesys-ThomasStachovsky/libc/c.lib(strtol.o)
                              main.o (strtol)
/home/tomasz/Downloads/filesys-ThomasStachovsky/libc/c.lib(divsi3.o)
                              filesys.o (__divsi3)
/home/tomasz/Downloads/filesys-ThomasStachovsky/libc/c.lib(modsi3.o)
                              main.o (__modsi3)
/home/tomasz/Downloads/filesys-ThomasStachovsky/libc/c.lib(mulsi3.o)
                              /home/tomasz/Downloads/filesys-ThomasStachovsky/FreeRTOS/freertos.lib(queue.o) (__mulsi3)
/home/tomasz/Downloads/filesys-ThomasStachovsky/libc/c.lib(udivsi3.o)
                              /home/tomasz/Downloads/filesys-ThomasStachovsky/drivers/drivers.lib(serial.o) (__udivsi3)
/home/tomasz/Downloads/filesys-ThomasStachovsky/libc/c.lib(umodsi3.o)
                              /home/tomasz/Downloads/filesys-ThomasStachovsky/libc/c.lib(kvprintf.o) (__umodsi3)
/home/tomasz/Downloads/filesys-ThomasStachovsky/libc/c.lib(memcpy.o)
                              filesys.o (memcpy)
/home/tomasz/Downloads/filesys-ThomasStachovsky/libc/c.lib(memset.o)
                              filesys.o (memset)
/home/tomasz/Downloads/filesys-ThomasStachovsky/libc/c.lib(strcmp.o)
                              filesys.o (strcmp)
/home/tomasz/Downloads/filesys-ThomasStachovsky/libc/c.lib(ctype.o)
                              /home/tomasz/Downloads/filesys-ThomasStachovsky/libc/c.lib(strtol.o) (isspace)

Discarded input sections

 .comment       0x0000000000000000       0x12 ../startup.o
 .comment       0x0000000000000000       0x12 ../fault.o
 .comment       0x0000000000000000       0x12 ../trap.o
 .comment       0x0000000000000000       0x12 main.o
 .comment       0x0000000000000000       0x12 filesys.o
 .comment       0x0000000000000000       0x12 /home/tomasz/Downloads/filesys-ThomasStachovsky/drivers/drivers.lib(bootcons.o)
 .comment       0x0000000000000000       0x12 /home/tomasz/Downloads/filesys-ThomasStachovsky/drivers/drivers.lib(cia-icr.o)
 .comment       0x0000000000000000       0x12 /home/tomasz/Downloads/filesys-ThomasStachovsky/drivers/drivers.lib(file.o)
 .comment       0x0000000000000000       0x12 /home/tomasz/Downloads/filesys-ThomasStachovsky/drivers/drivers.lib(floppy.o)
 .comment       0x0000000000000000       0x12 /home/tomasz/Downloads/filesys-ThomasStachovsky/drivers/drivers.lib(floppy-mfm.o)
 .comment       0x0000000000000000       0x12 /home/tomasz/Downloads/filesys-ThomasStachovsky/drivers/drivers.lib(serial-file.o)
 .comment       0x0000000000000000       0x12 /home/tomasz/Downloads/filesys-ThomasStachovsky/drivers/drivers.lib(cia-timer.o)
 .comment       0x0000000000000000       0x12 /home/tomasz/Downloads/filesys-ThomasStachovsky/drivers/drivers.lib(serial.o)
 .comment       0x0000000000000000       0x12 /home/tomasz/Downloads/filesys-ThomasStachovsky/FreeRTOS/freertos.lib(queue.o)
 .comment       0x0000000000000000       0x12 /home/tomasz/Downloads/filesys-ThomasStachovsky/FreeRTOS/freertos.lib(tasks.o)
 .comment       0x0000000000000000       0x12 /home/tomasz/Downloads/filesys-ThomasStachovsky/FreeRTOS/freertos.lib(heap.o)
 .comment       0x0000000000000000       0x12 /home/tomasz/Downloads/filesys-ThomasStachovsky/FreeRTOS/freertos.lib(port.o)
 .comment       0x0000000000000000       0x12 /home/tomasz/Downloads/filesys-ThomasStachovsky/FreeRTOS/freertos.lib(intsrv.o)
 .comment       0x0000000000000000       0x12 /home/tomasz/Downloads/filesys-ThomasStachovsky/FreeRTOS/freertos.lib(list.o)
 .comment       0x0000000000000000       0x12 /home/tomasz/Downloads/filesys-ThomasStachovsky/libc/c.lib(kvprintf.o)
 .comment       0x0000000000000000       0x12 /home/tomasz/Downloads/filesys-ThomasStachovsky/libc/c.lib(rand_r.o)
 .comment       0x0000000000000000       0x12 /home/tomasz/Downloads/filesys-ThomasStachovsky/libc/c.lib(strtol.o)
 .comment       0x0000000000000000       0x12 /home/tomasz/Downloads/filesys-ThomasStachovsky/libc/c.lib(ctype.o)

Memory Configuration

Name             Origin             Length             Attributes
*default*        0x0000000000000000 0xffffffffffffffff

Linker script and memory map

                0x0000000000bfe001                PROVIDE (ciaa = 0xbfe001)
                0x0000000000bfd000                PROVIDE (ciab = 0xbfd000)
                [!provide]                        PROVIDE (msm6242b = 0xdc0000)
                0x0000000000dff000                PROVIDE (custom = 0xdff000)

.text           0x0000000000000000     0x4c04
                [!provide]                        PROVIDE (_text = .)
 *(.text .text.*)
 .text          0x0000000000000000      0x13e ../startup.o
                0x0000000000000000                _start
 .text          0x000000000000013e       0x34 ../fault.o
                0x000000000000013e                vApplicationMallocFailedHook
                0x0000000000000158                vApplicationStackOverflowHook
 .text          0x0000000000000172      0x168 ../trap.o
                0x0000000000000172                vPortDefaultTrapHandler
                0x0000000000000172                vPortTrapHandler
 .text          0x00000000000002da      0x4c6 main.o
                0x00000000000003c0                FileHexDumpOffset
                0x0000000000000798                vApplicationIdleHook
 .text.startup  0x00000000000007a0       0xba main.o
                0x00000000000007a0                main
 .text          0x000000000000085a      0x7a2 filesys.o
                0x0000000000000d84                FsMount
                0x0000000000000de8                FsUnMount
                0x0000000000000e48                FsListDir
                0x0000000000000eae                FsOpen
                0x0000000000000f4a                FsInit
 .text          0x0000000000000ffc       0x30 /home/tomasz/Downloads/filesys-ThomasStachovsky/drivers/drivers.lib(bootcons.o)
 .text          0x000000000000102c       0x6c /home/tomasz/Downloads/filesys-ThomasStachovsky/drivers/drivers.lib(cia-icr.o)
                0x000000000000102c                WriteICR
                0x0000000000001066                SampleICR
 .text          0x0000000000001098       0xde /home/tomasz/Downloads/filesys-ThomasStachovsky/drivers/drivers.lib(file.o)
                0x0000000000001098                FileRead
                0x00000000000010ac                FileWrite
                0x00000000000010e2                FileSeek
                0x00000000000010f8                FileClose
                0x000000000000110c                FilePutChar
                0x000000000000112e                FilePrintf
 .text          0x0000000000001176      0x43c /home/tomasz/Downloads/filesys-ThomasStachovsky/drivers/drivers.lib(floppy.o)
                0x0000000000001462                FloppyInit
                0x0000000000001500                FloppyKill
                0x0000000000001556                FloppySendIO
 .text          0x00000000000015b2       0xb4 /home/tomasz/Downloads/filesys-ThomasStachovsky/drivers/drivers.lib(floppy-mfm.o)
                0x00000000000015b2                DecodeTrack
                0x000000000000160c                DecodeSector
 .text          0x0000000000001666       0x9a /home/tomasz/Downloads/filesys-ThomasStachovsky/drivers/drivers.lib(serial-file.o)
                0x00000000000016da                SerialOpen
 .text          0x0000000000001700       0x20 /home/tomasz/Downloads/filesys-ThomasStachovsky/drivers/drivers.lib(bootcons-putc.o)
                0x0000000000001700                BootConsPutChar
 .text          0x0000000000001720      0x1ce /home/tomasz/Downloads/filesys-ThomasStachovsky/drivers/drivers.lib(cia-timer.o)
                0x000000000000175a                AcquireTimer
                0x00000000000017ea                ReleaseTimer
                0x0000000000001814                WaitTimerGeneric
 .text          0x00000000000018ee      0x1fe /home/tomasz/Downloads/filesys-ThomasStachovsky/drivers/drivers.lib(serial.o)
                0x00000000000019c2                SerialInit
                0x0000000000001a52                SerialKill
                0x0000000000001a98                SerialPutChar
                0x0000000000001ac4                SerialGetChar
 .text          0x0000000000001aec      0xa8a /home/tomasz/Downloads/filesys-ThomasStachovsky/FreeRTOS/freertos.lib(queue.o)
                0x0000000000001c56                xQueueGenericReset
                0x0000000000001ce4                xQueueGenericCreate
                0x0000000000001d42                xQueueGenericSend
                0x0000000000001e9e                xQueueGenericSendFromISR
                0x0000000000001f58                xQueueGiveFromISR
                0x0000000000001ff0                xQueueReceive
                0x0000000000002138                xQueueSemaphoreTake
                0x000000000000226c                xQueuePeek
                0x00000000000023b4                xQueueReceiveFromISR
                0x000000000000244c                xQueuePeekFromISR
                0x00000000000024ba                uxQueueMessagesWaiting
                0x00000000000024e0                uxQueueSpacesAvailable
                0x0000000000002512                uxQueueMessagesWaitingFromISR
                0x0000000000002526                vQueueDelete
                0x000000000000253a                xQueueIsQueueEmptyFromISR
                0x0000000000002556                xQueueIsQueueFullFromISR
 .text          0x0000000000002576     0x128e /home/tomasz/Downloads/filesys-ThomasStachovsky/FreeRTOS/freertos.lib(tasks.o)
                0x000000000000267e                xTaskResumeFromISR
                0x000000000000272a                vTaskEndScheduler
                0x000000000000273a                vTaskSuspendAll
                0x000000000000274a                xTaskGetTickCountFromISR
                0x000000000000276e                uxTaskGetNumberOfTasks
                0x0000000000002776                pcTaskGetName
                0x000000000000278e                xTaskIncrementTick
                0x00000000000028ce                vTaskSwitchContext
                0x000000000000298a                vTaskPlaceOnEventList
                0x00000000000029c0                vTaskPlaceOnUnorderedEventList
                0x0000000000002a18                xTaskRemoveFromEventList
                0x0000000000002ab4                vTaskRemoveFromUnorderedEventList
                0x0000000000002b44                vTaskInternalSetTimeOutState
                0x0000000000002b5c                vTaskMissedYield
                0x0000000000002b66                uxTaskGetStackHighWaterMark
                0x0000000000002b92                xTaskGetCurrentTaskHandle
                0x0000000000002b9a                xTaskGetSchedulerState
                0x0000000000002bb6                vTaskEnterCritical
                0x0000000000002be8                vTaskExitCritical
                0x0000000000002c18                xTaskCreate
                0x0000000000002e16                vTaskStartScheduler
                0x0000000000002e64                vTaskDelete
                0x0000000000002f16                vTaskSuspend
                0x0000000000002fc8                vTaskResume
                0x00000000000030ce                xTaskResumeAll
                0x00000000000031d2                vTaskDelayUntil
                0x000000000000323c                vTaskDelay
                0x000000000000326e                xTaskCatchUpTicks
                0x0000000000003298                xTaskGetTickCount
                0x00000000000032ae                vTaskSetTimeOutState
                0x00000000000032da                xTaskCheckForTimeOut
                0x0000000000003348                uxTaskResetEventItemValue
                0x000000000000336a                ulTaskNotifyTake
                0x00000000000033ee                xTaskNotifyWait
                0x00000000000034a0                xTaskGenericNotify
                0x0000000000003594                xTaskGenericNotifyFromISR
                0x00000000000036c2                vTaskNotifyGiveFromISR
                0x0000000000003790                xTaskNotifyStateClear
                0x00000000000037c6                ulTaskNotifyValueClear
 .text          0x0000000000003804      0x222 /home/tomasz/Downloads/filesys-ThomasStachovsky/FreeRTOS/freertos.lib(heap.o)
                0x0000000000003804                _pvPortMallocBelow
                0x00000000000038ae                pvPortMalloc
                0x00000000000038be                pvPortMallocChip
                0x00000000000038d0                vPortFree
                0x000000000000399e                xPortGetFreeHeapSize
                0x00000000000039b8                xPortGetMinimumEverFreeHeapSize
                0x00000000000039d2                vPortDefineMemoryRegions
 .text          0x0000000000003a26      0x1c2 /home/tomasz/Downloads/filesys-ThomasStachovsky/FreeRTOS/freertos.lib(port.o)
                0x0000000000003a26                pxPortInitialiseStack
                0x0000000000003a5c                xPortStartScheduler
                0x0000000000003a7c                vPortEndScheduler
                0x0000000000003a7e                vPortSetupExceptionVector
 .text          0x0000000000003be8       0xaa /home/tomasz/Downloads/filesys-ThomasStachovsky/FreeRTOS/freertos.lib(intsrv.o)
                0x0000000000003be8                AddIntServer
                0x0000000000003c32                RemIntServer
                0x0000000000003c66                RunIntChain
 .text          0x0000000000003c92       0xe8 /home/tomasz/Downloads/filesys-ThomasStachovsky/FreeRTOS/freertos.lib(intr.o)
                0x0000000000003c92                AmigaLvl1Handler
                0x0000000000003cb6                AmigaLvl2Handler
                0x0000000000003cc4                AmigaLvl3Handler
                0x0000000000003ce8                AmigaLvl4Handler
                0x0000000000003d50                AmigaLvl5Handler
                0x0000000000003d6a                AmigaLvl6Handler
                0x0000000000003d78                DummyInterruptHandler
 .text          0x0000000000003d7a       0x5a /home/tomasz/Downloads/filesys-ThomasStachovsky/FreeRTOS/freertos.lib(trap.o)
                0x0000000000003d7a                BadTrap
                0x0000000000003d80                BusErrTrap
                0x0000000000003d86                AddrErrTrap
                0x0000000000003d8c                IllegalTrap
                0x0000000000003d92                ZeroDivTrap
                0x0000000000003d98                ChkInstTrap
                0x0000000000003d9e                TrapvInstTrap
                0x0000000000003da4                PrivInstTrap
                0x0000000000003daa                TraceTrap
                0x0000000000003db0                FmtErrTrap
                0x0000000000003db6                TrapInstTrap
                0x0000000000003dbe                EnterTrap
 .text          0x0000000000003dd4       0x4e /home/tomasz/Downloads/filesys-ThomasStachovsky/FreeRTOS/freertos.lib(portasm.o)
                0x0000000000003dd4                ulPortSetIPL
                0x0000000000003df0                vPortYieldHandler
                0x0000000000003e14                vPortStartFirstTask
 .text          0x0000000000003e22       0xe2 /home/tomasz/Downloads/filesys-ThomasStachovsky/FreeRTOS/freertos.lib(list.o)
                0x0000000000003e22                vListInitialise
                0x0000000000003e40                vListInitialiseItem
                0x0000000000003e4a                vListInsertEnd
                0x0000000000003e80                vListInsert
                0x0000000000003ecc                uxListRemove
 .text          0x0000000000003f04      0x376 /home/tomasz/Downloads/filesys-ThomasStachovsky/libc/c.lib(kvprintf.o)
                0x0000000000004056                kvprintf
 .text          0x000000000000427a       0x6c /home/tomasz/Downloads/filesys-ThomasStachovsky/libc/c.lib(rand_r.o)
                0x000000000000427a                rand_r
 .text          0x00000000000042e6      0x1c0 /home/tomasz/Downloads/filesys-ThomasStachovsky/libc/c.lib(strtol.o)
                0x00000000000042e6                strtol
 .text          0x00000000000044a6       0x2e /home/tomasz/Downloads/filesys-ThomasStachovsky/libc/c.lib(divsi3.o)
                0x00000000000044a6                __divsi3
                0x00000000000044a6                __ldivs
 .text          0x00000000000044d4       0x2e /home/tomasz/Downloads/filesys-ThomasStachovsky/libc/c.lib(modsi3.o)
                0x00000000000044d4                __lmods
                0x00000000000044d4                __modsi3
 .text          0x0000000000004502       0x22 /home/tomasz/Downloads/filesys-ThomasStachovsky/libc/c.lib(mulsi3.o)
                0x0000000000004502                __mulsi3
 .text          0x0000000000004524       0x5c /home/tomasz/Downloads/filesys-ThomasStachovsky/libc/c.lib(udivsi3.o)
                0x0000000000004524                __ldivu
                0x0000000000004524                __udivsi3
 .text          0x0000000000004580       0x2e /home/tomasz/Downloads/filesys-ThomasStachovsky/libc/c.lib(umodsi3.o)
                0x0000000000004580                __umodsi3
 .text          0x00000000000045ae       0xfc /home/tomasz/Downloads/filesys-ThomasStachovsky/libc/c.lib(memcpy.o)
                0x00000000000045ae                memmove
                0x00000000000045ae                memcpy
 .text          0x00000000000046aa       0x94 /home/tomasz/Downloads/filesys-ThomasStachovsky/libc/c.lib(memset.o)
                0x00000000000046aa                memset
 .text          0x000000000000473e       0x3a /home/tomasz/Downloads/filesys-ThomasStachovsky/libc/c.lib(strcmp.o)
                0x000000000000473e                strcmp
 .text          0x0000000000004778      0x172 /home/tomasz/Downloads/filesys-ThomasStachovsky/libc/c.lib(ctype.o)
                0x0000000000004778                isspace
                0x0000000000004798                isascii
                0x00000000000047a8                isupper
                0x00000000000047bc                islower
                0x00000000000047d0                isalpha
                0x00000000000047ea                isalnum
                0x0000000000004814                isdigit
                0x0000000000004828                isxdigit
                0x0000000000004854                iscntrl
                0x0000000000004870                isgraph
                0x0000000000004884                isprint
                0x0000000000004898                ispunct
                0x00000000000048be                toupper
                0x00000000000048d4                tolower
 *(.rodata .rodata.*)
 .rodata.str1.1
                0x00000000000048ea       0x67 ../startup.o
 *fill*         0x0000000000004951        0x1 
 .rodata.str1.1
                0x0000000000004952       0x24 ../fault.o
 .rodata.str1.1
                0x0000000000004976      0x182 ../trap.o
                                        0x18e (size before relaxing)
 .rodata        0x0000000000004af8       0x2c ../trap.o
 .rodata.str1.1
                0x0000000000004b24       0x6a main.o
 .rodata        0x0000000000004b8e       0x10 main.o
 .rodata.str1.1
                0x0000000000004b9e        0x8 filesys.o
 .rodata.str1.1
                0x0000000000004ba6       0x2a /home/tomasz/Downloads/filesys-ThomasStachovsky/drivers/drivers.lib(floppy.o)
 .rodata.str1.1
                0x0000000000004bd0       0x1c /home/tomasz/Downloads/filesys-ThomasStachovsky/drivers/drivers.lib(serial.o)
 .rodata.str1.1
                0x0000000000004bec        0x5 /home/tomasz/Downloads/filesys-ThomasStachovsky/FreeRTOS/freertos.lib(tasks.o)
 *fill*         0x0000000000004bf1        0x1 
 .rodata        0x0000000000004bf2       0x10 /home/tomasz/Downloads/filesys-ThomasStachovsky/libc/c.lib(kvprintf.o)
                0x0000000000004c04                . = ALIGN (0x4)
 *fill*         0x0000000000004c02        0x2 
                [!provide]                        PROVIDE (_etext = .)

.data           0x0000000000004c04       0xfc
                [!provide]                        PROVIDE (_data = .)
 *(.data .data.*)
 .data          0x0000000000004c04        0x0 ../startup.o
 .data          0x0000000000004c04        0x0 ../fault.o
 .data          0x0000000000004c04        0x0 ../trap.o
 .data          0x0000000000004c04       0x1c main.o
 .data          0x0000000000004c20       0x10 filesys.o
 .data          0x0000000000004c30       0x20 /home/tomasz/Downloads/filesys-ThomasStachovsky/drivers/drivers.lib(bootcons.o)
                0x0000000000004c30                KernCons
 .data          0x0000000000004c50        0x0 /home/tomasz/Downloads/filesys-ThomasStachovsky/drivers/drivers.lib(cia-icr.o)
 .data          0x0000000000004c50        0x0 /home/tomasz/Downloads/filesys-ThomasStachovsky/drivers/drivers.lib(file.o)
 .data          0x0000000000004c50        0x0 /home/tomasz/Downloads/filesys-ThomasStachovsky/drivers/drivers.lib(floppy.o)
 .data          0x0000000000004c50        0x0 /home/tomasz/Downloads/filesys-ThomasStachovsky/drivers/drivers.lib(floppy-mfm.o)
 .data          0x0000000000004c50       0x1c /home/tomasz/Downloads/filesys-ThomasStachovsky/drivers/drivers.lib(serial-file.o)
 .data          0x0000000000004c6c        0x0 /home/tomasz/Downloads/filesys-ThomasStachovsky/drivers/drivers.lib(bootcons-putc.o)
 .data          0x0000000000004c6c       0x88 /home/tomasz/Downloads/filesys-ThomasStachovsky/drivers/drivers.lib(cia-timer.o)
                0x0000000000004c6c                Timers
 .data          0x0000000000004cf4        0x0 /home/tomasz/Downloads/filesys-ThomasStachovsky/drivers/drivers.lib(serial.o)
 .data          0x0000000000004cf4        0x0 /home/tomasz/Downloads/filesys-ThomasStachovsky/FreeRTOS/freertos.lib(queue.o)
 .data          0x0000000000004cf4        0x0 /home/tomasz/Downloads/filesys-ThomasStachovsky/FreeRTOS/freertos.lib(tasks.o)
 .data          0x0000000000004cf4        0x0 /home/tomasz/Downloads/filesys-ThomasStachovsky/FreeRTOS/freertos.lib(heap.o)
 .data          0x0000000000004cf4        0xc /home/tomasz/Downloads/filesys-ThomasStachovsky/FreeRTOS/freertos.lib(port.o)
                0x0000000000004cf4                ExterChain
                0x0000000000004cf8                VertBlankChain
                0x0000000000004cfc                PortsChain
 .data          0x0000000000004d00        0x0 /home/tomasz/Downloads/filesys-ThomasStachovsky/FreeRTOS/freertos.lib(intsrv.o)
 .data          0x0000000000004d00        0x0 /home/tomasz/Downloads/filesys-ThomasStachovsky/FreeRTOS/freertos.lib(intr.o)
 .data          0x0000000000004d00        0x0 /home/tomasz/Downloads/filesys-ThomasStachovsky/FreeRTOS/freertos.lib(trap.o)
 .data          0x0000000000004d00        0x0 /home/tomasz/Downloads/filesys-ThomasStachovsky/FreeRTOS/freertos.lib(portasm.o)
 .data          0x0000000000004d00        0x0 /home/tomasz/Downloads/filesys-ThomasStachovsky/FreeRTOS/freertos.lib(list.o)
 .data          0x0000000000004d00        0x0 /home/tomasz/Downloads/filesys-ThomasStachovsky/libc/c.lib(kvprintf.o)
 .data          0x0000000000004d00        0x0 /home/tomasz/Downloads/filesys-ThomasStachovsky/libc/c.lib(rand_r.o)
 .data          0x0000000000004d00        0x0 /home/tomasz/Downloads/filesys-ThomasStachovsky/libc/c.lib(strtol.o)
 .data          0x0000000000004d00        0x0 /home/tomasz/Downloads/filesys-ThomasStachovsky/libc/c.lib(divsi3.o)
 .data          0x0000000000004d00        0x0 /home/tomasz/Downloads/filesys-ThomasStachovsky/libc/c.lib(modsi3.o)
 .data          0x0000000000004d00        0x0 /home/tomasz/Downloads/filesys-ThomasStachovsky/libc/c.lib(mulsi3.o)
 .data          0x0000000000004d00        0x0 /home/tomasz/Downloads/filesys-ThomasStachovsky/libc/c.lib(udivsi3.o)
 .data          0x0000000000004d00        0x0 /home/tomasz/Downloads/filesys-ThomasStachovsky/libc/c.lib(umodsi3.o)
 .data          0x0000000000004d00        0x0 /home/tomasz/Downloads/filesys-ThomasStachovsky/libc/c.lib(memcpy.o)
 .data          0x0000000000004d00        0x0 /home/tomasz/Downloads/filesys-ThomasStachovsky/libc/c.lib(memset.o)
 .data          0x0000000000004d00        0x0 /home/tomasz/Downloads/filesys-ThomasStachovsky/libc/c.lib(strcmp.o)
 .data          0x0000000000004d00        0x0 /home/tomasz/Downloads/filesys-ThomasStachovsky/libc/c.lib(ctype.o)
                0x0000000000004d00                . = ALIGN (0x4)
                [!provide]                        PROVIDE (_edata = .)

.bss            0x0000000000004d00      0x284
                [!provide]                        PROVIDE (_bss = .)
 *(.bss .bss.*)
 .bss           0x0000000000004d00        0x0 ../startup.o
 .bss           0x0000000000004d00        0x0 ../fault.o
 .bss           0x0000000000004d00        0x0 ../trap.o
 .bss           0x0000000000004d00       0x10 main.o
 .bss           0x0000000000004d10       0x9e filesys.o
 *fill*         0x0000000000004dae        0x2 
 .bss           0x0000000000004db0        0x0 /home/tomasz/Downloads/filesys-ThomasStachovsky/drivers/drivers.lib(bootcons.o)
 .bss           0x0000000000004db0        0x4 /home/tomasz/Downloads/filesys-ThomasStachovsky/drivers/drivers.lib(cia-icr.o)
 .bss           0x0000000000004db4        0x0 /home/tomasz/Downloads/filesys-ThomasStachovsky/drivers/drivers.lib(file.o)
 .bss           0x0000000000004db4       0x12 /home/tomasz/Downloads/filesys-ThomasStachovsky/drivers/drivers.lib(floppy.o)
 *fill*         0x0000000000004dc6        0x2 
 .bss           0x0000000000004dc8        0x0 /home/tomasz/Downloads/filesys-ThomasStachovsky/drivers/drivers.lib(floppy-mfm.o)
 .bss           0x0000000000004dc8        0x0 /home/tomasz/Downloads/filesys-ThomasStachovsky/drivers/drivers.lib(serial-file.o)
 .bss           0x0000000000004dc8        0x0 /home/tomasz/Downloads/filesys-ThomasStachovsky/drivers/drivers.lib(bootcons-putc.o)
 .bss           0x0000000000004dc8        0x1 /home/tomasz/Downloads/filesys-ThomasStachovsky/drivers/drivers.lib(cia-timer.o)
 *fill*         0x0000000000004dc9        0x3 
 .bss           0x0000000000004dcc        0x8 /home/tomasz/Downloads/filesys-ThomasStachovsky/drivers/drivers.lib(serial.o)
 .bss           0x0000000000004dd4        0x0 /home/tomasz/Downloads/filesys-ThomasStachovsky/FreeRTOS/freertos.lib(queue.o)
 .bss           0x0000000000004dd4       0xf0 /home/tomasz/Downloads/filesys-ThomasStachovsky/FreeRTOS/freertos.lib(tasks.o)
                0x0000000000004dd4                pxCurrentTCB
 .bss           0x0000000000004ec4        0x4 /home/tomasz/Downloads/filesys-ThomasStachovsky/FreeRTOS/freertos.lib(heap.o)
                0x0000000000004ec4                MemRegions
 .bss           0x0000000000004ec8       0xbc /home/tomasz/Downloads/filesys-ThomasStachovsky/FreeRTOS/freertos.lib(port.o)
                0x0000000000004ec8                xNeedRescheduleTask
                0x0000000000004ecc                CpuModel
                0x0000000000004ece                IntVec
                0x0000000000004f3e                ExcVecBase
 .bss           0x0000000000004f84        0x0 /home/tomasz/Downloads/filesys-ThomasStachovsky/FreeRTOS/freertos.lib(intsrv.o)
 .bss           0x0000000000004f84        0x0 /home/tomasz/Downloads/filesys-ThomasStachovsky/FreeRTOS/freertos.lib(intr.o)
 .bss           0x0000000000004f84        0x0 /home/tomasz/Downloads/filesys-ThomasStachovsky/FreeRTOS/freertos.lib(trap.o)
 .bss           0x0000000000004f84        0x0 /home/tomasz/Downloads/filesys-ThomasStachovsky/FreeRTOS/freertos.lib(portasm.o)
 .bss           0x0000000000004f84        0x0 /home/tomasz/Downloads/filesys-ThomasStachovsky/FreeRTOS/freertos.lib(list.o)
 .bss           0x0000000000004f84        0x0 /home/tomasz/Downloads/filesys-ThomasStachovsky/libc/c.lib(kvprintf.o)
 .bss           0x0000000000004f84        0x0 /home/tomasz/Downloads/filesys-ThomasStachovsky/libc/c.lib(rand_r.o)
 .bss           0x0000000000004f84        0x0 /home/tomasz/Downloads/filesys-ThomasStachovsky/libc/c.lib(strtol.o)
 .bss           0x0000000000004f84        0x0 /home/tomasz/Downloads/filesys-ThomasStachovsky/libc/c.lib(divsi3.o)
 .bss           0x0000000000004f84        0x0 /home/tomasz/Downloads/filesys-ThomasStachovsky/libc/c.lib(modsi3.o)
 .bss           0x0000000000004f84        0x0 /home/tomasz/Downloads/filesys-ThomasStachovsky/libc/c.lib(mulsi3.o)
 .bss           0x0000000000004f84        0x0 /home/tomasz/Downloads/filesys-ThomasStachovsky/libc/c.lib(udivsi3.o)
 .bss           0x0000000000004f84        0x0 /home/tomasz/Downloads/filesys-ThomasStachovsky/libc/c.lib(umodsi3.o)
 .bss           0x0000000000004f84        0x0 /home/tomasz/Downloads/filesys-ThomasStachovsky/libc/c.lib(memcpy.o)
 .bss           0x0000000000004f84        0x0 /home/tomasz/Downloads/filesys-ThomasStachovsky/libc/c.lib(memset.o)
 .bss           0x0000000000004f84        0x0 /home/tomasz/Downloads/filesys-ThomasStachovsky/libc/c.lib(strcmp.o)
 .bss           0x0000000000004f84        0x0 /home/tomasz/Downloads/filesys-ThomasStachovsky/libc/c.lib(ctype.o)
 *(COMMON)
                0x0000000000004f84                . = ALIGN (0x4)
                [!provide]                        PROVIDE (_ebss = .)

.data.MEMF_CHIP
                0x0000000000004f84        0x0
                [!provide]                        PROVIDE (_datachip = .)
 *(.datachip .datachip.*)
                0x0000000000004f84                . = ALIGN (0x4)
                [!provide]                        PROVIDE (_edatachip = .)

.bss.MEMF_CHIP  0x0000000000004f84        0x0
                [!provide]                        PROVIDE (_bsschip = .)
 *(.bsschip .bsschip.*)
                0x0000000000004f84                . = ALIGN (0x4)
                [!provide]                        PROVIDE (_ebsschip = .)

/DISCARD/
 *(.comment)
LOAD ../startup.o
LOAD ../fault.o
LOAD ../trap.o
LOAD main.o
LOAD filesys.o
LOAD /home/tomasz/Downloads/filesys-ThomasStachovsky/drivers/drivers.lib
LOAD /home/tomasz/Downloads/filesys-ThomasStachovsky/FreeRTOS/freertos.lib
LOAD /home/tomasz/Downloads/filesys-ThomasStachovsky/libc/c.lib
OUTPUT(floppy.elf elf32-m68k)

.debug_info     0x0000000000000000     0xe2b7
 .debug_info    0x0000000000000000      0xd2d ../startup.o
 .debug_info    0x0000000000000d2d      0x240 ../fault.o
 .debug_info    0x0000000000000f6d      0x572 ../trap.o
 .debug_info    0x00000000000014df     0x131c main.o
 .debug_info    0x00000000000027fb     0x108d filesys.o
 .debug_info    0x0000000000003888      0x282 /home/tomasz/Downloads/filesys-ThomasStachovsky/drivers/drivers.lib(bootcons.o)
 .debug_info    0x0000000000003b0a      0x380 /home/tomasz/Downloads/filesys-ThomasStachovsky/drivers/drivers.lib(cia-icr.o)
 .debug_info    0x0000000000003e8a      0x448 /home/tomasz/Downloads/filesys-ThomasStachovsky/drivers/drivers.lib(file.o)
 .debug_info    0x00000000000042d2     0x1371 /home/tomasz/Downloads/filesys-ThomasStachovsky/drivers/drivers.lib(floppy.o)
 .debug_info    0x0000000000005643      0xbe5 /home/tomasz/Downloads/filesys-ThomasStachovsky/drivers/drivers.lib(floppy-mfm.o)
 .debug_info    0x0000000000006228      0x359 /home/tomasz/Downloads/filesys-ThomasStachovsky/drivers/drivers.lib(serial-file.o)
 .debug_info    0x0000000000006581       0x26 /home/tomasz/Downloads/filesys-ThomasStachovsky/drivers/drivers.lib(bootcons-putc.o)
 .debug_info    0x00000000000065a7      0xf88 /home/tomasz/Downloads/filesys-ThomasStachovsky/drivers/drivers.lib(cia-timer.o)
 .debug_info    0x000000000000752f      0xe1f /home/tomasz/Downloads/filesys-ThomasStachovsky/drivers/drivers.lib(serial.o)
 .debug_info    0x000000000000834e     0x1357 /home/tomasz/Downloads/filesys-ThomasStachovsky/FreeRTOS/freertos.lib(queue.o)
 .debug_info    0x00000000000096a5     0x1ce1 /home/tomasz/Downloads/filesys-ThomasStachovsky/FreeRTOS/freertos.lib(tasks.o)
 .debug_info    0x000000000000b386      0x6c6 /home/tomasz/Downloads/filesys-ThomasStachovsky/FreeRTOS/freertos.lib(heap.o)
 .debug_info    0x000000000000ba4c      0xe8a /home/tomasz/Downloads/filesys-ThomasStachovsky/FreeRTOS/freertos.lib(port.o)
 .debug_info    0x000000000000c8d6      0xbd9 /home/tomasz/Downloads/filesys-ThomasStachovsky/FreeRTOS/freertos.lib(intsrv.o)
 .debug_info    0x000000000000d4af       0x26 /home/tomasz/Downloads/filesys-ThomasStachovsky/FreeRTOS/freertos.lib(intr.o)
 .debug_info    0x000000000000d4d5       0x26 /home/tomasz/Downloads/filesys-ThomasStachovsky/FreeRTOS/freertos.lib(trap.o)
 .debug_info    0x000000000000d4fb       0x26 /home/tomasz/Downloads/filesys-ThomasStachovsky/FreeRTOS/freertos.lib(portasm.o)
 .debug_info    0x000000000000d521      0x2ed /home/tomasz/Downloads/filesys-ThomasStachovsky/FreeRTOS/freertos.lib(list.o)
 .debug_info    0x000000000000d80e      0x3ed /home/tomasz/Downloads/filesys-ThomasStachovsky/libc/c.lib(kvprintf.o)
 .debug_info    0x000000000000dbfb       0xeb /home/tomasz/Downloads/filesys-ThomasStachovsky/libc/c.lib(rand_r.o)
 .debug_info    0x000000000000dce6      0x1b2 /home/tomasz/Downloads/filesys-ThomasStachovsky/libc/c.lib(strtol.o)
 .debug_info    0x000000000000de98       0x26 /home/tomasz/Downloads/filesys-ThomasStachovsky/libc/c.lib(divsi3.o)
 .debug_info    0x000000000000debe       0x26 /home/tomasz/Downloads/filesys-ThomasStachovsky/libc/c.lib(modsi3.o)
 .debug_info    0x000000000000dee4       0x26 /home/tomasz/Downloads/filesys-ThomasStachovsky/libc/c.lib(mulsi3.o)
 .debug_info    0x000000000000df0a       0x26 /home/tomasz/Downloads/filesys-ThomasStachovsky/libc/c.lib(udivsi3.o)
 .debug_info    0x000000000000df30       0x26 /home/tomasz/Downloads/filesys-ThomasStachovsky/libc/c.lib(umodsi3.o)
 .debug_info    0x000000000000df56       0x26 /home/tomasz/Downloads/filesys-ThomasStachovsky/libc/c.lib(memcpy.o)
 .debug_info    0x000000000000df7c       0x26 /home/tomasz/Downloads/filesys-ThomasStachovsky/libc/c.lib(memset.o)
 .debug_info    0x000000000000dfa2       0x26 /home/tomasz/Downloads/filesys-ThomasStachovsky/libc/c.lib(strcmp.o)
 .debug_info    0x000000000000dfc8      0x2ef /home/tomasz/Downloads/filesys-ThomasStachovsky/libc/c.lib(ctype.o)

.debug_abbrev   0x0000000000000000     0x2f70
 .debug_abbrev  0x0000000000000000      0x245 ../startup.o
 .debug_abbrev  0x0000000000000245       0xf8 ../fault.o
 .debug_abbrev  0x000000000000033d      0x182 ../trap.o
 .debug_abbrev  0x00000000000004bf      0x2c0 main.o
 .debug_abbrev  0x000000000000077f      0x414 filesys.o
 .debug_abbrev  0x0000000000000b93      0x15e /home/tomasz/Downloads/filesys-ThomasStachovsky/drivers/drivers.lib(bootcons.o)
 .debug_abbrev  0x0000000000000cf1      0x13d /home/tomasz/Downloads/filesys-ThomasStachovsky/drivers/drivers.lib(cia-icr.o)
 .debug_abbrev  0x0000000000000e2e      0x1ba /home/tomasz/Downloads/filesys-ThomasStachovsky/drivers/drivers.lib(file.o)
 .debug_abbrev  0x0000000000000fe8      0x313 /home/tomasz/Downloads/filesys-ThomasStachovsky/drivers/drivers.lib(floppy.o)
 .debug_abbrev  0x00000000000012fb      0x1c9 /home/tomasz/Downloads/filesys-ThomasStachovsky/drivers/drivers.lib(floppy-mfm.o)
 .debug_abbrev  0x00000000000014c4      0x1b6 /home/tomasz/Downloads/filesys-ThomasStachovsky/drivers/drivers.lib(serial-file.o)
 .debug_abbrev  0x000000000000167a       0x14 /home/tomasz/Downloads/filesys-ThomasStachovsky/drivers/drivers.lib(bootcons-putc.o)
 .debug_abbrev  0x000000000000168e      0x2dd /home/tomasz/Downloads/filesys-ThomasStachovsky/drivers/drivers.lib(cia-timer.o)
 .debug_abbrev  0x000000000000196b      0x29c /home/tomasz/Downloads/filesys-ThomasStachovsky/drivers/drivers.lib(serial.o)
 .debug_abbrev  0x0000000000001c07      0x2b5 /home/tomasz/Downloads/filesys-ThomasStachovsky/FreeRTOS/freertos.lib(queue.o)
 .debug_abbrev  0x0000000000001ebc      0x405 /home/tomasz/Downloads/filesys-ThomasStachovsky/FreeRTOS/freertos.lib(tasks.o)
 .debug_abbrev  0x00000000000022c1      0x254 /home/tomasz/Downloads/filesys-ThomasStachovsky/FreeRTOS/freertos.lib(heap.o)
 .debug_abbrev  0x0000000000002515      0x251 /home/tomasz/Downloads/filesys-ThomasStachovsky/FreeRTOS/freertos.lib(port.o)
 .debug_abbrev  0x0000000000002766      0x239 /home/tomasz/Downloads/filesys-ThomasStachovsky/FreeRTOS/freertos.lib(intsrv.o)
 .debug_abbrev  0x000000000000299f       0x14 /home/tomasz/Downloads/filesys-ThomasStachovsky/FreeRTOS/freertos.lib(intr.o)
 .debug_abbrev  0x00000000000029b3       0x14 /home/tomasz/Downloads/filesys-ThomasStachovsky/FreeRTOS/freertos.lib(trap.o)
 .debug_abbrev  0x00000000000029c7       0x14 /home/tomasz/Downloads/filesys-ThomasStachovsky/FreeRTOS/freertos.lib(portasm.o)
 .debug_abbrev  0x00000000000029db      0x105 /home/tomasz/Downloads/filesys-ThomasStachovsky/FreeRTOS/freertos.lib(list.o)
 .debug_abbrev  0x0000000000002ae0      0x1ce /home/tomasz/Downloads/filesys-ThomasStachovsky/libc/c.lib(kvprintf.o)
 .debug_abbrev  0x0000000000002cae       0x82 /home/tomasz/Downloads/filesys-ThomasStachovsky/libc/c.lib(rand_r.o)
 .debug_abbrev  0x0000000000002d30       0xd4 /home/tomasz/Downloads/filesys-ThomasStachovsky/libc/c.lib(strtol.o)
 .debug_abbrev  0x0000000000002e04       0x14 /home/tomasz/Downloads/filesys-ThomasStachovsky/libc/c.lib(divsi3.o)
 .debug_abbrev  0x0000000000002e18       0x14 /home/tomasz/Downloads/filesys-ThomasStachovsky/libc/c.lib(modsi3.o)
 .debug_abbrev  0x0000000000002e2c       0x14 /home/tomasz/Downloads/filesys-ThomasStachovsky/libc/c.lib(mulsi3.o)
 .debug_abbrev  0x0000000000002e40       0x14 /home/tomasz/Downloads/filesys-ThomasStachovsky/libc/c.lib(udivsi3.o)
 .debug_abbrev  0x0000000000002e54       0x14 /home/tomasz/Downloads/filesys-ThomasStachovsky/libc/c.lib(umodsi3.o)
 .debug_abbrev  0x0000000000002e68       0x14 /home/tomasz/Downloads/filesys-ThomasStachovsky/libc/c.lib(memcpy.o)
 .debug_abbrev  0x0000000000002e7c       0x14 /home/tomasz/Downloads/filesys-ThomasStachovsky/libc/c.lib(memset.o)
 .debug_abbrev  0x0000000000002e90       0x14 /home/tomasz/Downloads/filesys-ThomasStachovsky/libc/c.lib(strcmp.o)
 .debug_abbrev  0x0000000000002ea4       0xcc /home/tomasz/Downloads/filesys-ThomasStachovsky/libc/c.lib(ctype.o)

.debug_loc      0x0000000000000000     0x3d3e
 .debug_loc     0x0000000000000000       0x5d ../startup.o
 .debug_loc     0x000000000000005d       0xe8 ../trap.o
 .debug_loc     0x0000000000000145      0x7a6 main.o
 .debug_loc     0x00000000000008eb      0x5bd filesys.o
 .debug_loc     0x0000000000000ea8       0x3f /home/tomasz/Downloads/filesys-ThomasStachovsky/drivers/drivers.lib(bootcons.o)
 .debug_loc     0x0000000000000ee7       0x67 /home/tomasz/Downloads/filesys-ThomasStachovsky/drivers/drivers.lib(cia-icr.o)
 .debug_loc     0x0000000000000f4e       0xa2 /home/tomasz/Downloads/filesys-ThomasStachovsky/drivers/drivers.lib(file.o)
 .debug_loc     0x0000000000000ff0      0x13b /home/tomasz/Downloads/filesys-ThomasStachovsky/drivers/drivers.lib(floppy.o)
 .debug_loc     0x000000000000112b      0x201 /home/tomasz/Downloads/filesys-ThomasStachovsky/drivers/drivers.lib(floppy-mfm.o)
 .debug_loc     0x000000000000132c       0x6f /home/tomasz/Downloads/filesys-ThomasStachovsky/drivers/drivers.lib(serial-file.o)
 .debug_loc     0x000000000000139b      0x18f /home/tomasz/Downloads/filesys-ThomasStachovsky/drivers/drivers.lib(cia-timer.o)
 .debug_loc     0x000000000000152a       0x8f /home/tomasz/Downloads/filesys-ThomasStachovsky/drivers/drivers.lib(serial.o)
 .debug_loc     0x00000000000015b9      0xa85 /home/tomasz/Downloads/filesys-ThomasStachovsky/FreeRTOS/freertos.lib(queue.o)
 .debug_loc     0x000000000000203e      0xd55 /home/tomasz/Downloads/filesys-ThomasStachovsky/FreeRTOS/freertos.lib(tasks.o)
 .debug_loc     0x0000000000002d93      0x40b /home/tomasz/Downloads/filesys-ThomasStachovsky/FreeRTOS/freertos.lib(heap.o)
 .debug_loc     0x000000000000319e       0xf0 /home/tomasz/Downloads/filesys-ThomasStachovsky/FreeRTOS/freertos.lib(port.o)
 .debug_loc     0x000000000000328e       0x99 /home/tomasz/Downloads/filesys-ThomasStachovsky/FreeRTOS/freertos.lib(intsrv.o)
 .debug_loc     0x0000000000003327       0x8a /home/tomasz/Downloads/filesys-ThomasStachovsky/FreeRTOS/freertos.lib(list.o)
 .debug_loc     0x00000000000033b1      0x5d4 /home/tomasz/Downloads/filesys-ThomasStachovsky/libc/c.lib(kvprintf.o)
 .debug_loc     0x0000000000003985       0x60 /home/tomasz/Downloads/filesys-ThomasStachovsky/libc/c.lib(rand_r.o)
 .debug_loc     0x00000000000039e5      0x32f /home/tomasz/Downloads/filesys-ThomasStachovsky/libc/c.lib(strtol.o)
 .debug_loc     0x0000000000003d14       0x2a /home/tomasz/Downloads/filesys-ThomasStachovsky/libc/c.lib(ctype.o)

.debug_aranges  0x0000000000000000      0x468
 .debug_aranges
                0x0000000000000000       0x20 ../startup.o
 .debug_aranges
                0x0000000000000020       0x20 ../fault.o
 .debug_aranges
                0x0000000000000040       0x20 ../trap.o
 .debug_aranges
                0x0000000000000060       0x28 main.o
 .debug_aranges
                0x0000000000000088       0x20 filesys.o
 .debug_aranges
                0x00000000000000a8       0x20 /home/tomasz/Downloads/filesys-ThomasStachovsky/drivers/drivers.lib(bootcons.o)
 .debug_aranges
                0x00000000000000c8       0x20 /home/tomasz/Downloads/filesys-ThomasStachovsky/drivers/drivers.lib(cia-icr.o)
 .debug_aranges
                0x00000000000000e8       0x20 /home/tomasz/Downloads/filesys-ThomasStachovsky/drivers/drivers.lib(file.o)
 .debug_aranges
                0x0000000000000108       0x20 /home/tomasz/Downloads/filesys-ThomasStachovsky/drivers/drivers.lib(floppy.o)
 .debug_aranges
                0x0000000000000128       0x20 /home/tomasz/Downloads/filesys-ThomasStachovsky/drivers/drivers.lib(floppy-mfm.o)
 .debug_aranges
                0x0000000000000148       0x20 /home/tomasz/Downloads/filesys-ThomasStachovsky/drivers/drivers.lib(serial-file.o)
 .debug_aranges
                0x0000000000000168       0x20 /home/tomasz/Downloads/filesys-ThomasStachovsky/drivers/drivers.lib(bootcons-putc.o)
 .debug_aranges
                0x0000000000000188       0x20 /home/tomasz/Downloads/filesys-ThomasStachovsky/drivers/drivers.lib(cia-timer.o)
 .debug_aranges
                0x00000000000001a8       0x20 /home/tomasz/Downloads/filesys-ThomasStachovsky/drivers/drivers.lib(serial.o)
 .debug_aranges
                0x00000000000001c8       0x20 /home/tomasz/Downloads/filesys-ThomasStachovsky/FreeRTOS/freertos.lib(queue.o)
 .debug_aranges
                0x00000000000001e8       0x20 /home/tomasz/Downloads/filesys-ThomasStachovsky/FreeRTOS/freertos.lib(tasks.o)
 .debug_aranges
                0x0000000000000208       0x20 /home/tomasz/Downloads/filesys-ThomasStachovsky/FreeRTOS/freertos.lib(heap.o)
 .debug_aranges
                0x0000000000000228       0x20 /home/tomasz/Downloads/filesys-ThomasStachovsky/FreeRTOS/freertos.lib(port.o)
 .debug_aranges
                0x0000000000000248       0x20 /home/tomasz/Downloads/filesys-ThomasStachovsky/FreeRTOS/freertos.lib(intsrv.o)
 .debug_aranges
                0x0000000000000268       0x20 /home/tomasz/Downloads/filesys-ThomasStachovsky/FreeRTOS/freertos.lib(intr.o)
 .debug_aranges
                0x0000000000000288       0x20 /home/tomasz/Downloads/filesys-ThomasStachovsky/FreeRTOS/freertos.lib(trap.o)
 .debug_aranges
                0x00000000000002a8       0x20 /home/tomasz/Downloads/filesys-ThomasStachovsky/FreeRTOS/freertos.lib(portasm.o)
 .debug_aranges
                0x00000000000002c8       0x20 /home/tomasz/Downloads/filesys-ThomasStachovsky/FreeRTOS/freertos.lib(list.o)
 .debug_aranges
                0x00000000000002e8       0x20 /home/tomasz/Downloads/filesys-ThomasStachovsky/libc/c.lib(kvprintf.o)
 .debug_aranges
                0x0000000000000308       0x20 /home/tomasz/Downloads/filesys-ThomasStachovsky/libc/c.lib(rand_r.o)
 .debug_aranges
                0x0000000000000328       0x20 /home/tomasz/Downloads/filesys-ThomasStachovsky/libc/c.lib(strtol.o)
 .debug_aranges
                0x0000000000000348       0x20 /home/tomasz/Downloads/filesys-ThomasStachovsky/libc/c.lib(divsi3.o)
 .debug_aranges
                0x0000000000000368       0x20 /home/tomasz/Downloads/filesys-ThomasStachovsky/libc/c.lib(modsi3.o)
 .debug_aranges
                0x0000000000000388       0x20 /home/tomasz/Downloads/filesys-ThomasStachovsky/libc/c.lib(mulsi3.o)
 .debug_aranges
                0x00000000000003a8       0x20 /home/tomasz/Downloads/filesys-ThomasStachovsky/libc/c.lib(udivsi3.o)
 .debug_aranges
                0x00000000000003c8       0x20 /home/tomasz/Downloads/filesys-ThomasStachovsky/libc/c.lib(umodsi3.o)
 .debug_aranges
                0x00000000000003e8       0x20 /home/tomasz/Downloads/filesys-ThomasStachovsky/libc/c.lib(memcpy.o)
 .debug_aranges
                0x0000000000000408       0x20 /home/tomasz/Downloads/filesys-ThomasStachovsky/libc/c.lib(memset.o)
 .debug_aranges
                0x0000000000000428       0x20 /home/tomasz/Downloads/filesys-ThomasStachovsky/libc/c.lib(strcmp.o)
 .debug_aranges
                0x0000000000000448       0x20 /home/tomasz/Downloads/filesys-ThomasStachovsky/libc/c.lib(ctype.o)

.debug_ranges   0x0000000000000000      0x750
 .debug_ranges  0x0000000000000000       0x18 ../startup.o
 .debug_ranges  0x0000000000000018       0x18 ../trap.o
 .debug_ranges  0x0000000000000030      0x168 main.o
 .debug_ranges  0x0000000000000198       0x98 filesys.o
 .debug_ranges  0x0000000000000230       0x18 /home/tomasz/Downloads/filesys-ThomasStachovsky/drivers/drivers.lib(bootcons.o)
 .debug_ranges  0x0000000000000248       0x68 /home/tomasz/Downloads/filesys-ThomasStachovsky/drivers/drivers.lib(floppy.o)
 .debug_ranges  0x00000000000002b0       0x18 /home/tomasz/Downloads/filesys-ThomasStachovsky/drivers/drivers.lib(floppy-mfm.o)
 .debug_ranges  0x00000000000002c8       0x18 /home/tomasz/Downloads/filesys-ThomasStachovsky/drivers/drivers.lib(serial-file.o)
 .debug_ranges  0x00000000000002e0       0x30 /home/tomasz/Downloads/filesys-ThomasStachovsky/drivers/drivers.lib(cia-timer.o)
 .debug_ranges  0x0000000000000310      0x150 /home/tomasz/Downloads/filesys-ThomasStachovsky/FreeRTOS/freertos.lib(queue.o)
 .debug_ranges  0x0000000000000460      0x170 /home/tomasz/Downloads/filesys-ThomasStachovsky/FreeRTOS/freertos.lib(tasks.o)
 .debug_ranges  0x00000000000005d0      0x168 /home/tomasz/Downloads/filesys-ThomasStachovsky/FreeRTOS/freertos.lib(heap.o)
 .debug_ranges  0x0000000000000738       0x18 /home/tomasz/Downloads/filesys-ThomasStachovsky/FreeRTOS/freertos.lib(intsrv.o)

.debug_line     0x0000000000000000     0x72f3
 .debug_line    0x0000000000000000      0x356 ../startup.o
 .debug_line    0x0000000000000356      0x17e ../fault.o
 .debug_line    0x00000000000004d4      0x270 ../trap.o
 .debug_line    0x0000000000000744      0x6f4 main.o
 .debug_line    0x0000000000000e38      0x822 filesys.o
 .debug_line    0x000000000000165a      0x133 /home/tomasz/Downloads/filesys-ThomasStachovsky/drivers/drivers.lib(bootcons.o)
 .debug_line    0x000000000000178d      0x134 /home/tomasz/Downloads/filesys-ThomasStachovsky/drivers/drivers.lib(cia-icr.o)
 .debug_line    0x00000000000018c1      0x1cf /home/tomasz/Downloads/filesys-ThomasStachovsky/drivers/drivers.lib(file.o)
 .debug_line    0x0000000000001a90      0x5b3 /home/tomasz/Downloads/filesys-ThomasStachovsky/drivers/drivers.lib(floppy.o)
 .debug_line    0x0000000000002043      0x26e /home/tomasz/Downloads/filesys-ThomasStachovsky/drivers/drivers.lib(floppy-mfm.o)
 .debug_line    0x00000000000022b1      0x1b3 /home/tomasz/Downloads/filesys-ThomasStachovsky/drivers/drivers.lib(serial-file.o)
 .debug_line    0x0000000000002464       0x7d /home/tomasz/Downloads/filesys-ThomasStachovsky/drivers/drivers.lib(bootcons-putc.o)
 .debug_line    0x00000000000024e1      0x394 /home/tomasz/Downloads/filesys-ThomasStachovsky/drivers/drivers.lib(cia-timer.o)
 .debug_line    0x0000000000002875      0x318 /home/tomasz/Downloads/filesys-ThomasStachovsky/drivers/drivers.lib(serial.o)
 .debug_line    0x0000000000002b8d     0x114f /home/tomasz/Downloads/filesys-ThomasStachovsky/FreeRTOS/freertos.lib(queue.o)
 .debug_line    0x0000000000003cdc     0x1837 /home/tomasz/Downloads/filesys-ThomasStachovsky/FreeRTOS/freertos.lib(tasks.o)
 .debug_line    0x0000000000005513      0x58f /home/tomasz/Downloads/filesys-ThomasStachovsky/FreeRTOS/freertos.lib(heap.o)
 .debug_line    0x0000000000005aa2      0x35f /home/tomasz/Downloads/filesys-ThomasStachovsky/FreeRTOS/freertos.lib(port.o)
 .debug_line    0x0000000000005e01      0x214 /home/tomasz/Downloads/filesys-ThomasStachovsky/FreeRTOS/freertos.lib(intsrv.o)
 .debug_line    0x0000000000006015       0xab /home/tomasz/Downloads/filesys-ThomasStachovsky/FreeRTOS/freertos.lib(intr.o)
 .debug_line    0x00000000000060c0       0x94 /home/tomasz/Downloads/filesys-ThomasStachovsky/FreeRTOS/freertos.lib(trap.o)
 .debug_line    0x0000000000006154       0x93 /home/tomasz/Downloads/filesys-ThomasStachovsky/FreeRTOS/freertos.lib(portasm.o)
 .debug_line    0x00000000000061e7      0x2c3 /home/tomasz/Downloads/filesys-ThomasStachovsky/FreeRTOS/freertos.lib(list.o)
 .debug_line    0x00000000000064aa      0x445 /home/tomasz/Downloads/filesys-ThomasStachovsky/libc/c.lib(kvprintf.o)
 .debug_line    0x00000000000068ef       0xc2 /home/tomasz/Downloads/filesys-ThomasStachovsky/libc/c.lib(rand_r.o)
 .debug_line    0x00000000000069b1      0x2fb /home/tomasz/Downloads/filesys-ThomasStachovsky/libc/c.lib(strtol.o)
 .debug_line    0x0000000000006cac       0x81 /home/tomasz/Downloads/filesys-ThomasStachovsky/libc/c.lib(divsi3.o)
 .debug_line    0x0000000000006d2d       0x7d /home/tomasz/Downloads/filesys-ThomasStachovsky/libc/c.lib(modsi3.o)
 .debug_line    0x0000000000006daa       0x79 /home/tomasz/Downloads/filesys-ThomasStachovsky/libc/c.lib(mulsi3.o)
 .debug_line    0x0000000000006e23       0x93 /home/tomasz/Downloads/filesys-ThomasStachovsky/libc/c.lib(udivsi3.o)
 .debug_line    0x0000000000006eb6       0x7e /home/tomasz/Downloads/filesys-ThomasStachovsky/libc/c.lib(umodsi3.o)
 .debug_line    0x0000000000006f34       0xd2 /home/tomasz/Downloads/filesys-ThomasStachovsky/libc/c.lib(memcpy.o)
 .debug_line    0x0000000000007006       0xac /home/tomasz/Downloads/filesys-ThomasStachovsky/libc/c.lib(memset.o)
 .debug_line    0x00000000000070b2       0x8c /home/tomasz/Downloads/filesys-ThomasStachovsky/libc/c.lib(strcmp.o)
 .debug_line    0x000000000000713e      0x1b5 /home/tomasz/Downloads/filesys-ThomasStachovsky/libc/c.lib(ctype.o)

.debug_str      0x0000000000000000     0x2b9b
 .debug_str     0x0000000000000000      0x6f4 ../startup.o
                                        0x75f (size before relaxing)
 .debug_str     0x00000000000006f4       0x7c ../fault.o
                                        0x24e (size before relaxing)
 .debug_str     0x0000000000000770      0x117 ../trap.o
                                        0x308 (size before relaxing)
 .debug_str     0x0000000000000887      0x392 main.o
                                        0x935 (size before relaxing)
 .debug_str     0x0000000000000c19      0x439 filesys.o
                                        0x70c (size before relaxing)
 .debug_str     0x0000000000001052       0xae /home/tomasz/Downloads/filesys-ThomasStachovsky/drivers/drivers.lib(bootcons.o)
                                        0x21c (size before relaxing)
 .debug_str     0x0000000000001100       0x75 /home/tomasz/Downloads/filesys-ThomasStachovsky/drivers/drivers.lib(cia-icr.o)
                                        0x296 (size before relaxing)
 .debug_str     0x0000000000001175       0x69 /home/tomasz/Downloads/filesys-ThomasStachovsky/drivers/drivers.lib(file.o)
                                        0x263 (size before relaxing)
 .debug_str     0x00000000000011de      0x1c2 /home/tomasz/Downloads/filesys-ThomasStachovsky/drivers/drivers.lib(floppy.o)
                                        0xa02 (size before relaxing)
 .debug_str     0x00000000000013a0       0xbc /home/tomasz/Downloads/filesys-ThomasStachovsky/drivers/drivers.lib(floppy-mfm.o)
                                        0x656 (size before relaxing)
 .debug_str     0x000000000000145c       0xa7 /home/tomasz/Downloads/filesys-ThomasStachovsky/drivers/drivers.lib(serial-file.o)
                                        0x24f (size before relaxing)
 .debug_str     0x0000000000001503       0x54 /home/tomasz/Downloads/filesys-ThomasStachovsky/drivers/drivers.lib(bootcons-putc.o)
                                         0x8c (size before relaxing)
 .debug_str     0x0000000000001557       0xc9 /home/tomasz/Downloads/filesys-ThomasStachovsky/drivers/drivers.lib(cia-timer.o)
                                        0x88c (size before relaxing)
 .debug_str     0x0000000000001620       0xe7 /home/tomasz/Downloads/filesys-ThomasStachovsky/drivers/drivers.lib(serial.o)
                                        0x800 (size before relaxing)
 .debug_str     0x0000000000001707      0x46c /home/tomasz/Downloads/filesys-ThomasStachovsky/FreeRTOS/freertos.lib(queue.o)
                                        0x7c5 (size before relaxing)
 .debug_str     0x0000000000001b73      0x834 /home/tomasz/Downloads/filesys-ThomasStachovsky/FreeRTOS/freertos.lib(tasks.o)
                                        0xd50 (size before relaxing)
 .debug_str     0x00000000000023a7      0x14a /home/tomasz/Downloads/filesys-ThomasStachovsky/FreeRTOS/freertos.lib(heap.o)
                                        0x36e (size before relaxing)
 .debug_str     0x00000000000024f1       0x89 /home/tomasz/Downloads/filesys-ThomasStachovsky/FreeRTOS/freertos.lib(port.o)
                                        0x880 (size before relaxing)
 .debug_str     0x000000000000257a       0x62 /home/tomasz/Downloads/filesys-ThomasStachovsky/FreeRTOS/freertos.lib(intsrv.o)
                                        0x6ec (size before relaxing)
 .debug_str     0x00000000000025dc       0x54 /home/tomasz/Downloads/filesys-ThomasStachovsky/FreeRTOS/freertos.lib(intr.o)
                                         0x99 (size before relaxing)
 .debug_str     0x0000000000002630       0x54 /home/tomasz/Downloads/filesys-ThomasStachovsky/FreeRTOS/freertos.lib(trap.o)
                                         0x99 (size before relaxing)
 .debug_str     0x0000000000002684       0x57 /home/tomasz/Downloads/filesys-ThomasStachovsky/FreeRTOS/freertos.lib(portasm.o)
                                         0x9c (size before relaxing)
 .debug_str     0x00000000000026db       0x88 /home/tomasz/Downloads/filesys-ThomasStachovsky/FreeRTOS/freertos.lib(list.o)
                                        0x2c5 (size before relaxing)
 .debug_str     0x0000000000002763       0xbb /home/tomasz/Downloads/filesys-ThomasStachovsky/libc/c.lib(kvprintf.o)
                                        0x25e (size before relaxing)
 .debug_str     0x000000000000281e       0x45 /home/tomasz/Downloads/filesys-ThomasStachovsky/libc/c.lib(rand_r.o)
                                        0x15f (size before relaxing)
 .debug_str     0x0000000000002863       0x8a /home/tomasz/Downloads/filesys-ThomasStachovsky/libc/c.lib(strtol.o)
                                        0x1ac (size before relaxing)
 .debug_str     0x00000000000028ed       0x42 /home/tomasz/Downloads/filesys-ThomasStachovsky/libc/c.lib(divsi3.o)
                                         0x83 (size before relaxing)
 .debug_str     0x000000000000292f       0x42 /home/tomasz/Downloads/filesys-ThomasStachovsky/libc/c.lib(modsi3.o)
                                         0x83 (size before relaxing)
 .debug_str     0x0000000000002971       0x42 /home/tomasz/Downloads/filesys-ThomasStachovsky/libc/c.lib(mulsi3.o)
                                         0x83 (size before relaxing)
 .debug_str     0x00000000000029b3       0x43 /home/tomasz/Downloads/filesys-ThomasStachovsky/libc/c.lib(udivsi3.o)
                                         0x84 (size before relaxing)
 .debug_str     0x00000000000029f6       0x43 /home/tomasz/Downloads/filesys-ThomasStachovsky/libc/c.lib(umodsi3.o)
                                         0x84 (size before relaxing)
 .debug_str     0x0000000000002a39       0x45 /home/tomasz/Downloads/filesys-ThomasStachovsky/libc/c.lib(memcpy.o)
                                         0x86 (size before relaxing)
 .debug_str     0x0000000000002a7e       0x45 /home/tomasz/Downloads/filesys-ThomasStachovsky/libc/c.lib(memset.o)
                                         0x86 (size before relaxing)
 .debug_str     0x0000000000002ac3       0x45 /home/tomasz/Downloads/filesys-ThomasStachovsky/libc/c.lib(strcmp.o)
                                         0x86 (size before relaxing)
 .debug_str     0x0000000000002b08       0x93 /home/tomasz/Downloads/filesys-ThomasStachovsky/libc/c.lib(ctype.o)
                                        0x139 (size before relaxing)

.debug_frame    0x0000000000000000     0x19fc
 .debug_frame   0x0000000000000000       0x8c ../startup.o
 .debug_frame   0x000000000000008c       0x4c ../fault.o
 .debug_frame   0x00000000000000d8       0x90 ../trap.o
 .debug_frame   0x0000000000000168      0x284 main.o
 .debug_frame   0x00000000000003ec      0x21c filesys.o
 .debug_frame   0x0000000000000608       0x38 /home/tomasz/Downloads/filesys-ThomasStachovsky/drivers/drivers.lib(bootcons.o)
 .debug_frame   0x0000000000000640       0x48 /home/tomasz/Downloads/filesys-ThomasStachovsky/drivers/drivers.lib(cia-icr.o)
 .debug_frame   0x0000000000000688       0x9c /home/tomasz/Downloads/filesys-ThomasStachovsky/drivers/drivers.lib(file.o)
 .debug_frame   0x0000000000000724      0x16c /home/tomasz/Downloads/filesys-ThomasStachovsky/drivers/drivers.lib(floppy.o)
 .debug_frame   0x0000000000000890       0x4c /home/tomasz/Downloads/filesys-ThomasStachovsky/drivers/drivers.lib(floppy-mfm.o)
 .debug_frame   0x00000000000008dc       0x7c /home/tomasz/Downloads/filesys-ThomasStachovsky/drivers/drivers.lib(serial-file.o)
 .debug_frame   0x0000000000000958       0xb8 /home/tomasz/Downloads/filesys-ThomasStachovsky/drivers/drivers.lib(cia-timer.o)
 .debug_frame   0x0000000000000a10       0xf0 /home/tomasz/Downloads/filesys-ThomasStachovsky/drivers/drivers.lib(serial.o)
 .debug_frame   0x0000000000000b00      0x404 /home/tomasz/Downloads/filesys-ThomasStachovsky/FreeRTOS/freertos.lib(queue.o)
 .debug_frame   0x0000000000000f04      0x5ec /home/tomasz/Downloads/filesys-ThomasStachovsky/FreeRTOS/freertos.lib(tasks.o)
 .debug_frame   0x00000000000014f0       0xc8 /home/tomasz/Downloads/filesys-ThomasStachovsky/FreeRTOS/freertos.lib(heap.o)
 .debug_frame   0x00000000000015b8       0x68 /home/tomasz/Downloads/filesys-ThomasStachovsky/FreeRTOS/freertos.lib(port.o)
 .debug_frame   0x0000000000001620       0x7c /home/tomasz/Downloads/filesys-ThomasStachovsky/FreeRTOS/freertos.lib(intsrv.o)
 .debug_frame   0x000000000000169c       0x88 /home/tomasz/Downloads/filesys-ThomasStachovsky/FreeRTOS/freertos.lib(list.o)
 .debug_frame   0x0000000000001724       0xf8 /home/tomasz/Downloads/filesys-ThomasStachovsky/libc/c.lib(kvprintf.o)
 .debug_frame   0x000000000000181c       0x5c /home/tomasz/Downloads/filesys-ThomasStachovsky/libc/c.lib(rand_r.o)
 .debug_frame   0x0000000000001878       0x7c /home/tomasz/Downloads/filesys-ThomasStachovsky/libc/c.lib(strtol.o)
 .debug_frame   0x00000000000018f4      0x108 /home/tomasz/Downloads/filesys-ThomasStachovsky/libc/c.lib(ctype.o)
