Archive member included to satisfy reference by file (symbol)

/home/tomasz/Downloads/sju_terminal/terminal-ThomasStachovsky/drivers/drivers.lib(bootcons.o)
                              ../startup.o (KernCons)
/home/tomasz/Downloads/sju_terminal/terminal-ThomasStachovsky/drivers/drivers.lib(cia-icr.o)
                              ../startup.o (WriteICR)
/home/tomasz/Downloads/sju_terminal/terminal-ThomasStachovsky/drivers/drivers.lib(file.o)
                              main.o (FileRead)
/home/tomasz/Downloads/sju_terminal/terminal-ThomasStachovsky/drivers/drivers.lib(hexdump.o)
                              main.o (FileHexDump)
/home/tomasz/Downloads/sju_terminal/terminal-ThomasStachovsky/drivers/drivers.lib(keyboard.o)
                              tty.o (KeyboardInit)
/home/tomasz/Downloads/sju_terminal/terminal-ThomasStachovsky/drivers/drivers.lib(bootcons-putc.o)
                              /home/tomasz/Downloads/sju_terminal/terminal-ThomasStachovsky/drivers/drivers.lib(bootcons.o) (BootConsPutChar)
/home/tomasz/Downloads/sju_terminal/terminal-ThomasStachovsky/drivers/drivers.lib(cia-timer.o)
                              /home/tomasz/Downloads/sju_terminal/terminal-ThomasStachovsky/drivers/drivers.lib(keyboard.o) (AcquireTimer)
/home/tomasz/Downloads/sju_terminal/terminal-ThomasStachovsky/FreeRTOS/freertos.lib(queue.o)
                              event.o (xQueueGenericCreate)
/home/tomasz/Downloads/sju_terminal/terminal-ThomasStachovsky/FreeRTOS/freertos.lib(tasks.o)
                              /home/tomasz/Downloads/sju_terminal/terminal-ThomasStachovsky/drivers/drivers.lib(cia-timer.o) (vTaskSuspendAll)
/home/tomasz/Downloads/sju_terminal/terminal-ThomasStachovsky/FreeRTOS/freertos.lib(heap.o)
                              /home/tomasz/Downloads/sju_terminal/terminal-ThomasStachovsky/FreeRTOS/freertos.lib(queue.o) (pvPortMalloc)
/home/tomasz/Downloads/sju_terminal/terminal-ThomasStachovsky/FreeRTOS/freertos.lib(port.o)
                              /home/tomasz/Downloads/sju_terminal/terminal-ThomasStachovsky/FreeRTOS/freertos.lib(tasks.o) (pxPortInitialiseStack)
/home/tomasz/Downloads/sju_terminal/terminal-ThomasStachovsky/FreeRTOS/freertos.lib(intsrv.o)
                              main.o (AddIntServer)
/home/tomasz/Downloads/sju_terminal/terminal-ThomasStachovsky/FreeRTOS/freertos.lib(intr.o)
                              /home/tomasz/Downloads/sju_terminal/terminal-ThomasStachovsky/FreeRTOS/freertos.lib(port.o) (AmigaLvl1Handler)
/home/tomasz/Downloads/sju_terminal/terminal-ThomasStachovsky/FreeRTOS/freertos.lib(trap.o)
                              /home/tomasz/Downloads/sju_terminal/terminal-ThomasStachovsky/FreeRTOS/freertos.lib(port.o) (BadTrap)
/home/tomasz/Downloads/sju_terminal/terminal-ThomasStachovsky/FreeRTOS/freertos.lib(portasm.o)
                              main.o (ulPortSetIPL)
/home/tomasz/Downloads/sju_terminal/terminal-ThomasStachovsky/FreeRTOS/freertos.lib(list.o)
                              /home/tomasz/Downloads/sju_terminal/terminal-ThomasStachovsky/FreeRTOS/freertos.lib(queue.o) (vListInitialise)
/home/tomasz/Downloads/sju_terminal/terminal-ThomasStachovsky/libc/c.lib(kvprintf.o)
                              console.o (kvprintf)
/home/tomasz/Downloads/sju_terminal/terminal-ThomasStachovsky/libc/c.lib(strtol.o)
                              main.o (strtol)
/home/tomasz/Downloads/sju_terminal/terminal-ThomasStachovsky/libc/c.lib(divsi3.o)
                              console.o (__divsi3)
/home/tomasz/Downloads/sju_terminal/terminal-ThomasStachovsky/libc/c.lib(modsi3.o)
                              /home/tomasz/Downloads/sju_terminal/terminal-ThomasStachovsky/libc/c.lib(strtol.o) (__modsi3)
/home/tomasz/Downloads/sju_terminal/terminal-ThomasStachovsky/libc/c.lib(mulsi3.o)
                              /home/tomasz/Downloads/sju_terminal/terminal-ThomasStachovsky/FreeRTOS/freertos.lib(queue.o) (__mulsi3)
/home/tomasz/Downloads/sju_terminal/terminal-ThomasStachovsky/libc/c.lib(udivsi3.o)
                              /home/tomasz/Downloads/sju_terminal/terminal-ThomasStachovsky/libc/c.lib(kvprintf.o) (__udivsi3)
/home/tomasz/Downloads/sju_terminal/terminal-ThomasStachovsky/libc/c.lib(umodsi3.o)
                              /home/tomasz/Downloads/sju_terminal/terminal-ThomasStachovsky/libc/c.lib(kvprintf.o) (__umodsi3)
/home/tomasz/Downloads/sju_terminal/terminal-ThomasStachovsky/libc/c.lib(memcpy.o)
                              tty.o (memcpy)
/home/tomasz/Downloads/sju_terminal/terminal-ThomasStachovsky/libc/c.lib(memset.o)
                              /home/tomasz/Downloads/sju_terminal/terminal-ThomasStachovsky/FreeRTOS/freertos.lib(tasks.o) (memset)
/home/tomasz/Downloads/sju_terminal/terminal-ThomasStachovsky/libc/c.lib(ctype.o)
                              /home/tomasz/Downloads/sju_terminal/terminal-ThomasStachovsky/libc/c.lib(strtol.o) (isspace)

Discarded input sections

 .comment       0x0000000000000000       0x12 ../startup.o
 .comment       0x0000000000000000       0x12 ../fault.o
 .comment       0x0000000000000000       0x12 ../trap.o
 .comment       0x0000000000000000       0x12 main.o
 .comment       0x0000000000000000       0x12 console.o
 .comment       0x0000000000000000       0x12 tty.o
 .comment       0x0000000000000000       0x12 event.o
 .comment       0x0000000000000000       0x12 /home/tomasz/Downloads/sju_terminal/terminal-ThomasStachovsky/drivers/drivers.lib(bootcons.o)
 .comment       0x0000000000000000       0x12 /home/tomasz/Downloads/sju_terminal/terminal-ThomasStachovsky/drivers/drivers.lib(cia-icr.o)
 .comment       0x0000000000000000       0x12 /home/tomasz/Downloads/sju_terminal/terminal-ThomasStachovsky/drivers/drivers.lib(file.o)
 .comment       0x0000000000000000       0x12 /home/tomasz/Downloads/sju_terminal/terminal-ThomasStachovsky/drivers/drivers.lib(hexdump.o)
 .comment       0x0000000000000000       0x12 /home/tomasz/Downloads/sju_terminal/terminal-ThomasStachovsky/drivers/drivers.lib(keyboard.o)
 .comment       0x0000000000000000       0x12 /home/tomasz/Downloads/sju_terminal/terminal-ThomasStachovsky/drivers/drivers.lib(cia-timer.o)
 .comment       0x0000000000000000       0x12 /home/tomasz/Downloads/sju_terminal/terminal-ThomasStachovsky/FreeRTOS/freertos.lib(queue.o)
 .comment       0x0000000000000000       0x12 /home/tomasz/Downloads/sju_terminal/terminal-ThomasStachovsky/FreeRTOS/freertos.lib(tasks.o)
 .comment       0x0000000000000000       0x12 /home/tomasz/Downloads/sju_terminal/terminal-ThomasStachovsky/FreeRTOS/freertos.lib(heap.o)
 .comment       0x0000000000000000       0x12 /home/tomasz/Downloads/sju_terminal/terminal-ThomasStachovsky/FreeRTOS/freertos.lib(port.o)
 .comment       0x0000000000000000       0x12 /home/tomasz/Downloads/sju_terminal/terminal-ThomasStachovsky/FreeRTOS/freertos.lib(intsrv.o)
 .comment       0x0000000000000000       0x12 /home/tomasz/Downloads/sju_terminal/terminal-ThomasStachovsky/FreeRTOS/freertos.lib(list.o)
 .comment       0x0000000000000000       0x12 /home/tomasz/Downloads/sju_terminal/terminal-ThomasStachovsky/libc/c.lib(kvprintf.o)
 .comment       0x0000000000000000       0x12 /home/tomasz/Downloads/sju_terminal/terminal-ThomasStachovsky/libc/c.lib(strtol.o)
 .comment       0x0000000000000000       0x12 /home/tomasz/Downloads/sju_terminal/terminal-ThomasStachovsky/libc/c.lib(ctype.o)

Memory Configuration

Name             Origin             Length             Attributes
*default*        0x0000000000000000 0xffffffffffffffff

Linker script and memory map

                0x0000000000bfe001                PROVIDE (ciaa = 0xbfe001)
                0x0000000000bfd000                PROVIDE (ciab = 0xbfd000)
                [!provide]                        PROVIDE (msm6242b = 0xdc0000)
                0x0000000000dff000                PROVIDE (custom = 0xdff000)

.text           0x0000000000000000     0x4218
                [!provide]                        PROVIDE (_text = .)
 *(.text .text.*)
 .text          0x0000000000000000      0x13e ../startup.o
                0x0000000000000000                _start
 .text          0x000000000000013e       0x34 ../fault.o
                0x000000000000013e                vApplicationMallocFailedHook
                0x0000000000000158                vApplicationStackOverflowHook
 .text          0x0000000000000172      0x168 ../trap.o
                0x0000000000000172                vPortDefaultTrapHandler
                0x0000000000000172                vPortTrapHandler
 .text          0x00000000000002da      0x146 main.o
                0x00000000000003be                CopLoadPal
                0x000000000000041e                vApplicationIdleHook
 .text.startup  0x0000000000000420      0x1ac main.o
                0x0000000000000420                main
 .text          0x00000000000005cc      0x1e2 console.o
                0x0000000000000664                ConsolePutChar
                0x00000000000006b6                ConsoleInit
                0x00000000000006fe                ConsoleSetCursor
                0x000000000000075e                ConsoleDrawCursor
                0x0000000000000790                ConsolePrintf
 .text          0x00000000000007ae      0x258 tty.o
                0x0000000000000978                TtyClose
                0x00000000000009a4                TtyOpen
 .text          0x0000000000000a06      0x18e event.o
                0x0000000000000a06                QueuesInit
                0x0000000000000a4c                QueuesKill
                0x0000000000000a74                InitTtyDriverHandle
                0x0000000000000a7e                PushKeyEventFromISR
                0x0000000000000ab8                PushMouseEventFromISR
                0x0000000000000ad6                PushEventTtyRead
                0x0000000000000b08                PushEventTtyWrite
                0x0000000000000b3a                PopKeyEvent
                0x0000000000000b58                PopEventTtyRead
                0x0000000000000b76                PopEventTtyWrite
 .text          0x0000000000000b94       0x30 /home/tomasz/Downloads/sju_terminal/terminal-ThomasStachovsky/drivers/drivers.lib(bootcons.o)
 .text          0x0000000000000bc4       0x6c /home/tomasz/Downloads/sju_terminal/terminal-ThomasStachovsky/drivers/drivers.lib(cia-icr.o)
                0x0000000000000bc4                WriteICR
                0x0000000000000bfe                SampleICR
 .text          0x0000000000000c30       0xde /home/tomasz/Downloads/sju_terminal/terminal-ThomasStachovsky/drivers/drivers.lib(file.o)
                0x0000000000000c30                FileRead
                0x0000000000000c44                FileWrite
                0x0000000000000c7a                FileSeek
                0x0000000000000c90                FileClose
                0x0000000000000ca4                FilePutChar
                0x0000000000000cc6                FilePrintf
 .text          0x0000000000000d0e       0xae /home/tomasz/Downloads/sju_terminal/terminal-ThomasStachovsky/drivers/drivers.lib(hexdump.o)
                0x0000000000000d0e                FileHexDump
 .text          0x0000000000000dbc      0x188 /home/tomasz/Downloads/sju_terminal/terminal-ThomasStachovsky/drivers/drivers.lib(keyboard.o)
                0x0000000000000eb6                KeyboardInit
                0x0000000000000f22                KeyboardKill
 .text          0x0000000000000f44       0x20 /home/tomasz/Downloads/sju_terminal/terminal-ThomasStachovsky/drivers/drivers.lib(bootcons-putc.o)
                0x0000000000000f44                BootConsPutChar
 .text          0x0000000000000f64      0x1ce /home/tomasz/Downloads/sju_terminal/terminal-ThomasStachovsky/drivers/drivers.lib(cia-timer.o)
                0x0000000000000f9e                AcquireTimer
                0x000000000000102e                ReleaseTimer
                0x0000000000001058                WaitTimerGeneric
 .text          0x0000000000001132      0xa8a /home/tomasz/Downloads/sju_terminal/terminal-ThomasStachovsky/FreeRTOS/freertos.lib(queue.o)
                0x000000000000129c                xQueueGenericReset
                0x000000000000132a                xQueueGenericCreate
                0x0000000000001388                xQueueGenericSend
                0x00000000000014e4                xQueueGenericSendFromISR
                0x000000000000159e                xQueueGiveFromISR
                0x0000000000001636                xQueueReceive
                0x000000000000177e                xQueueSemaphoreTake
                0x00000000000018b2                xQueuePeek
                0x00000000000019fa                xQueueReceiveFromISR
                0x0000000000001a92                xQueuePeekFromISR
                0x0000000000001b00                uxQueueMessagesWaiting
                0x0000000000001b26                uxQueueSpacesAvailable
                0x0000000000001b58                uxQueueMessagesWaitingFromISR
                0x0000000000001b6c                vQueueDelete
                0x0000000000001b80                xQueueIsQueueEmptyFromISR
                0x0000000000001b9c                xQueueIsQueueFullFromISR
 .text          0x0000000000001bbc     0x128e /home/tomasz/Downloads/sju_terminal/terminal-ThomasStachovsky/FreeRTOS/freertos.lib(tasks.o)
                0x0000000000001cc4                xTaskResumeFromISR
                0x0000000000001d70                vTaskEndScheduler
                0x0000000000001d80                vTaskSuspendAll
                0x0000000000001d90                xTaskGetTickCountFromISR
                0x0000000000001db4                uxTaskGetNumberOfTasks
                0x0000000000001dbc                pcTaskGetName
                0x0000000000001dd4                xTaskIncrementTick
                0x0000000000001f14                vTaskSwitchContext
                0x0000000000001fd0                vTaskPlaceOnEventList
                0x0000000000002006                vTaskPlaceOnUnorderedEventList
                0x000000000000205e                xTaskRemoveFromEventList
                0x00000000000020fa                vTaskRemoveFromUnorderedEventList
                0x000000000000218a                vTaskInternalSetTimeOutState
                0x00000000000021a2                vTaskMissedYield
                0x00000000000021ac                uxTaskGetStackHighWaterMark
                0x00000000000021d8                xTaskGetCurrentTaskHandle
                0x00000000000021e0                xTaskGetSchedulerState
                0x00000000000021fc                vTaskEnterCritical
                0x000000000000222e                vTaskExitCritical
                0x000000000000225e                xTaskCreate
                0x000000000000245c                vTaskStartScheduler
                0x00000000000024aa                vTaskDelete
                0x000000000000255c                vTaskSuspend
                0x000000000000260e                vTaskResume
                0x0000000000002714                xTaskResumeAll
                0x0000000000002818                vTaskDelayUntil
                0x0000000000002882                vTaskDelay
                0x00000000000028b4                xTaskCatchUpTicks
                0x00000000000028de                xTaskGetTickCount
                0x00000000000028f4                vTaskSetTimeOutState
                0x0000000000002920                xTaskCheckForTimeOut
                0x000000000000298e                uxTaskResetEventItemValue
                0x00000000000029b0                ulTaskNotifyTake
                0x0000000000002a34                xTaskNotifyWait
                0x0000000000002ae6                xTaskGenericNotify
                0x0000000000002bda                xTaskGenericNotifyFromISR
                0x0000000000002d08                vTaskNotifyGiveFromISR
                0x0000000000002dd6                xTaskNotifyStateClear
                0x0000000000002e0c                ulTaskNotifyValueClear
 .text          0x0000000000002e4a      0x21e /home/tomasz/Downloads/sju_terminal/terminal-ThomasStachovsky/FreeRTOS/freertos.lib(heap.o)
                0x0000000000002e4a                _pvPortMallocBelow
                0x0000000000002ef0                pvPortMalloc
                0x0000000000002f00                pvPortMallocChip
                0x0000000000002f12                vPortFree
                0x0000000000002fe0                xPortGetFreeHeapSize
                0x0000000000002ffa                xPortGetMinimumEverFreeHeapSize
                0x0000000000003014                vPortDefineMemoryRegions
 .text          0x0000000000003068      0x1c2 /home/tomasz/Downloads/sju_terminal/terminal-ThomasStachovsky/FreeRTOS/freertos.lib(port.o)
                0x0000000000003068                pxPortInitialiseStack
                0x000000000000309e                xPortStartScheduler
                0x00000000000030be                vPortEndScheduler
                0x00000000000030c0                vPortSetupExceptionVector
 .text          0x000000000000322a       0xaa /home/tomasz/Downloads/sju_terminal/terminal-ThomasStachovsky/FreeRTOS/freertos.lib(intsrv.o)
                0x000000000000322a                AddIntServer
                0x0000000000003274                RemIntServer
                0x00000000000032a8                RunIntChain
 .text          0x00000000000032d4       0xe8 /home/tomasz/Downloads/sju_terminal/terminal-ThomasStachovsky/FreeRTOS/freertos.lib(intr.o)
                0x00000000000032d4                AmigaLvl1Handler
                0x00000000000032f8                AmigaLvl2Handler
                0x0000000000003306                AmigaLvl3Handler
                0x000000000000332a                AmigaLvl4Handler
                0x0000000000003392                AmigaLvl5Handler
                0x00000000000033ac                AmigaLvl6Handler
                0x00000000000033ba                DummyInterruptHandler
 .text          0x00000000000033bc       0x5a /home/tomasz/Downloads/sju_terminal/terminal-ThomasStachovsky/FreeRTOS/freertos.lib(trap.o)
                0x00000000000033bc                BadTrap
                0x00000000000033c2                BusErrTrap
                0x00000000000033c8                AddrErrTrap
                0x00000000000033ce                IllegalTrap
                0x00000000000033d4                ZeroDivTrap
                0x00000000000033da                ChkInstTrap
                0x00000000000033e0                TrapvInstTrap
                0x00000000000033e6                PrivInstTrap
                0x00000000000033ec                TraceTrap
                0x00000000000033f2                FmtErrTrap
                0x00000000000033f8                TrapInstTrap
                0x0000000000003400                EnterTrap
 .text          0x0000000000003416       0x4e /home/tomasz/Downloads/sju_terminal/terminal-ThomasStachovsky/FreeRTOS/freertos.lib(portasm.o)
                0x0000000000003416                ulPortSetIPL
                0x0000000000003432                vPortYieldHandler
                0x0000000000003456                vPortStartFirstTask
 .text          0x0000000000003464       0xe2 /home/tomasz/Downloads/sju_terminal/terminal-ThomasStachovsky/FreeRTOS/freertos.lib(list.o)
                0x0000000000003464                vListInitialise
                0x0000000000003482                vListInitialiseItem
                0x000000000000348c                vListInsertEnd
                0x00000000000034c2                vListInsert
                0x000000000000350e                uxListRemove
 .text          0x0000000000003546      0x376 /home/tomasz/Downloads/sju_terminal/terminal-ThomasStachovsky/libc/c.lib(kvprintf.o)
                0x0000000000003698                kvprintf
 .text          0x00000000000038bc      0x1c0 /home/tomasz/Downloads/sju_terminal/terminal-ThomasStachovsky/libc/c.lib(strtol.o)
                0x00000000000038bc                strtol
 .text          0x0000000000003a7c       0x2e /home/tomasz/Downloads/sju_terminal/terminal-ThomasStachovsky/libc/c.lib(divsi3.o)
                0x0000000000003a7c                __divsi3
                0x0000000000003a7c                __ldivs
 .text          0x0000000000003aaa       0x2e /home/tomasz/Downloads/sju_terminal/terminal-ThomasStachovsky/libc/c.lib(modsi3.o)
                0x0000000000003aaa                __lmods
                0x0000000000003aaa                __modsi3
 .text          0x0000000000003ad8       0x22 /home/tomasz/Downloads/sju_terminal/terminal-ThomasStachovsky/libc/c.lib(mulsi3.o)
                0x0000000000003ad8                __mulsi3
 .text          0x0000000000003afa       0x5c /home/tomasz/Downloads/sju_terminal/terminal-ThomasStachovsky/libc/c.lib(udivsi3.o)
                0x0000000000003afa                __ldivu
                0x0000000000003afa                __udivsi3
 .text          0x0000000000003b56       0x2e /home/tomasz/Downloads/sju_terminal/terminal-ThomasStachovsky/libc/c.lib(umodsi3.o)
                0x0000000000003b56                __umodsi3
 .text          0x0000000000003b84       0xfc /home/tomasz/Downloads/sju_terminal/terminal-ThomasStachovsky/libc/c.lib(memcpy.o)
                0x0000000000003b84                memmove
                0x0000000000003b84                memcpy
 .text          0x0000000000003c80       0x94 /home/tomasz/Downloads/sju_terminal/terminal-ThomasStachovsky/libc/c.lib(memset.o)
                0x0000000000003c80                memset
 .text          0x0000000000003d14      0x172 /home/tomasz/Downloads/sju_terminal/terminal-ThomasStachovsky/libc/c.lib(ctype.o)
                0x0000000000003d14                isspace
                0x0000000000003d34                isascii
                0x0000000000003d44                isupper
                0x0000000000003d58                islower
                0x0000000000003d6c                isalpha
                0x0000000000003d86                isalnum
                0x0000000000003db0                isdigit
                0x0000000000003dc4                isxdigit
                0x0000000000003df0                iscntrl
                0x0000000000003e0c                isgraph
                0x0000000000003e20                isprint
                0x0000000000003e34                ispunct
                0x0000000000003e5a                toupper
                0x0000000000003e70                tolower
 *(.rodata .rodata.*)
 .rodata.str1.1
                0x0000000000003e86       0x67 ../startup.o
 *fill*         0x0000000000003eed        0x1 
 .rodata.str1.1
                0x0000000000003eee       0x24 ../fault.o
 .rodata.str1.1
                0x0000000000003f12      0x182 ../trap.o
                                        0x18e (size before relaxing)
 .rodata        0x0000000000004094       0x2c ../trap.o
 .rodata.str1.1
                0x00000000000040c0        0x6 main.o
 .rodata.str1.1
                0x00000000000040c6        0xb tty.o
 *fill*         0x00000000000040d1        0x1 
 .rodata.str1.1
                0x00000000000040d2        0x6 /home/tomasz/Downloads/sju_terminal/terminal-ThomasStachovsky/drivers/drivers.lib(hexdump.o)
 .rodata        0x00000000000040d8       0x10 /home/tomasz/Downloads/sju_terminal/terminal-ThomasStachovsky/drivers/drivers.lib(hexdump.o)
 .rodata.str1.1
                0x00000000000040e8       0x19 /home/tomasz/Downloads/sju_terminal/terminal-ThomasStachovsky/drivers/drivers.lib(keyboard.o)
 *fill*         0x0000000000004101        0x1 
 .rodata        0x0000000000004102      0x100 /home/tomasz/Downloads/sju_terminal/terminal-ThomasStachovsky/drivers/drivers.lib(keyboard.o)
 .rodata.str1.1
                0x0000000000004202        0x5 /home/tomasz/Downloads/sju_terminal/terminal-ThomasStachovsky/FreeRTOS/freertos.lib(tasks.o)
 *fill*         0x0000000000004207        0x1 
 .rodata        0x0000000000004208       0x10 /home/tomasz/Downloads/sju_terminal/terminal-ThomasStachovsky/libc/c.lib(kvprintf.o)
                0x0000000000004218                . = ALIGN (0x4)
                [!provide]                        PROVIDE (_etext = .)

.data           0x0000000000004218      0x550
                [!provide]                        PROVIDE (_data = .)
 *(.data .data.*)
 .data          0x0000000000004218        0x0 ../startup.o
 .data          0x0000000000004218        0x0 ../fault.o
 .data          0x0000000000004218        0x0 ../trap.o
 .data          0x0000000000004218      0x462 main.o
                0x0000000000004218                screen_bm
                0x000000000000425c                cp
                0x0000000000004268                pointer_spr
                0x0000000000004272                pointer_pal
                0x000000000000427c                console_font
                0x0000000000004382                console_font_glyphs
 *fill*         0x000000000000467a        0x2 
 .data          0x000000000000467c        0x0 console.o
 .data          0x000000000000467c       0x1a tty.o
 *fill*         0x0000000000004696        0x2 
 .data          0x0000000000004698        0x0 event.o
 .data          0x0000000000004698       0x1e /home/tomasz/Downloads/sju_terminal/terminal-ThomasStachovsky/drivers/drivers.lib(bootcons.o)
                0x0000000000004698                KernCons
 *fill*         0x00000000000046b6        0x2 
 .data          0x00000000000046b8        0x0 /home/tomasz/Downloads/sju_terminal/terminal-ThomasStachovsky/drivers/drivers.lib(cia-icr.o)
 .data          0x00000000000046b8        0x0 /home/tomasz/Downloads/sju_terminal/terminal-ThomasStachovsky/drivers/drivers.lib(file.o)
 .data          0x00000000000046b8        0x0 /home/tomasz/Downloads/sju_terminal/terminal-ThomasStachovsky/drivers/drivers.lib(hexdump.o)
 .data          0x00000000000046b8       0x1c /home/tomasz/Downloads/sju_terminal/terminal-ThomasStachovsky/drivers/drivers.lib(keyboard.o)
 .data          0x00000000000046d4        0x0 /home/tomasz/Downloads/sju_terminal/terminal-ThomasStachovsky/drivers/drivers.lib(bootcons-putc.o)
 .data          0x00000000000046d4       0x88 /home/tomasz/Downloads/sju_terminal/terminal-ThomasStachovsky/drivers/drivers.lib(cia-timer.o)
                0x00000000000046d4                Timers
 .data          0x000000000000475c        0x0 /home/tomasz/Downloads/sju_terminal/terminal-ThomasStachovsky/FreeRTOS/freertos.lib(queue.o)
 .data          0x000000000000475c        0x0 /home/tomasz/Downloads/sju_terminal/terminal-ThomasStachovsky/FreeRTOS/freertos.lib(tasks.o)
 .data          0x000000000000475c        0x0 /home/tomasz/Downloads/sju_terminal/terminal-ThomasStachovsky/FreeRTOS/freertos.lib(heap.o)
 .data          0x000000000000475c        0xc /home/tomasz/Downloads/sju_terminal/terminal-ThomasStachovsky/FreeRTOS/freertos.lib(port.o)
                0x000000000000475c                ExterChain
                0x0000000000004760                VertBlankChain
                0x0000000000004764                PortsChain
 .data          0x0000000000004768        0x0 /home/tomasz/Downloads/sju_terminal/terminal-ThomasStachovsky/FreeRTOS/freertos.lib(intsrv.o)
 .data          0x0000000000004768        0x0 /home/tomasz/Downloads/sju_terminal/terminal-ThomasStachovsky/FreeRTOS/freertos.lib(intr.o)
 .data          0x0000000000004768        0x0 /home/tomasz/Downloads/sju_terminal/terminal-ThomasStachovsky/FreeRTOS/freertos.lib(trap.o)
 .data          0x0000000000004768        0x0 /home/tomasz/Downloads/sju_terminal/terminal-ThomasStachovsky/FreeRTOS/freertos.lib(portasm.o)
 .data          0x0000000000004768        0x0 /home/tomasz/Downloads/sju_terminal/terminal-ThomasStachovsky/FreeRTOS/freertos.lib(list.o)
 .data          0x0000000000004768        0x0 /home/tomasz/Downloads/sju_terminal/terminal-ThomasStachovsky/libc/c.lib(kvprintf.o)
 .data          0x0000000000004768        0x0 /home/tomasz/Downloads/sju_terminal/terminal-ThomasStachovsky/libc/c.lib(strtol.o)
 .data          0x0000000000004768        0x0 /home/tomasz/Downloads/sju_terminal/terminal-ThomasStachovsky/libc/c.lib(divsi3.o)
 .data          0x0000000000004768        0x0 /home/tomasz/Downloads/sju_terminal/terminal-ThomasStachovsky/libc/c.lib(modsi3.o)
 .data          0x0000000000004768        0x0 /home/tomasz/Downloads/sju_terminal/terminal-ThomasStachovsky/libc/c.lib(mulsi3.o)
 .data          0x0000000000004768        0x0 /home/tomasz/Downloads/sju_terminal/terminal-ThomasStachovsky/libc/c.lib(udivsi3.o)
 .data          0x0000000000004768        0x0 /home/tomasz/Downloads/sju_terminal/terminal-ThomasStachovsky/libc/c.lib(umodsi3.o)
 .data          0x0000000000004768        0x0 /home/tomasz/Downloads/sju_terminal/terminal-ThomasStachovsky/libc/c.lib(memcpy.o)
 .data          0x0000000000004768        0x0 /home/tomasz/Downloads/sju_terminal/terminal-ThomasStachovsky/libc/c.lib(memset.o)
 .data          0x0000000000004768        0x0 /home/tomasz/Downloads/sju_terminal/terminal-ThomasStachovsky/libc/c.lib(ctype.o)
                0x0000000000004768                . = ALIGN (0x4)
                [!provide]                        PROVIDE (_edata = .)

.bss            0x0000000000004768      0x1e8
                [!provide]                        PROVIDE (_bss = .)
 *(.bss .bss.*)
 .bss           0x0000000000004768        0x0 ../startup.o
 .bss           0x0000000000004768        0x0 ../fault.o
 .bss           0x0000000000004768        0x0 ../trap.o
 .bss           0x0000000000004768        0x4 main.o
 .bss           0x000000000000476c       0x10 console.o
 .bss           0x000000000000477c        0x4 tty.o
 .bss           0x0000000000004780       0x10 event.o
                0x0000000000004780                tty_driver_handle
 .bss           0x0000000000004790        0x0 /home/tomasz/Downloads/sju_terminal/terminal-ThomasStachovsky/drivers/drivers.lib(bootcons.o)
 .bss           0x0000000000004790        0x4 /home/tomasz/Downloads/sju_terminal/terminal-ThomasStachovsky/drivers/drivers.lib(cia-icr.o)
 .bss           0x0000000000004794        0x0 /home/tomasz/Downloads/sju_terminal/terminal-ThomasStachovsky/drivers/drivers.lib(file.o)
 .bss           0x0000000000004794        0x0 /home/tomasz/Downloads/sju_terminal/terminal-ThomasStachovsky/drivers/drivers.lib(hexdump.o)
 .bss           0x0000000000004794        0x8 /home/tomasz/Downloads/sju_terminal/terminal-ThomasStachovsky/drivers/drivers.lib(keyboard.o)
 .bss           0x000000000000479c        0x0 /home/tomasz/Downloads/sju_terminal/terminal-ThomasStachovsky/drivers/drivers.lib(bootcons-putc.o)
 .bss           0x000000000000479c        0x1 /home/tomasz/Downloads/sju_terminal/terminal-ThomasStachovsky/drivers/drivers.lib(cia-timer.o)
 *fill*         0x000000000000479d        0x3 
 .bss           0x00000000000047a0        0x0 /home/tomasz/Downloads/sju_terminal/terminal-ThomasStachovsky/FreeRTOS/freertos.lib(queue.o)
 .bss           0x00000000000047a0       0xf0 /home/tomasz/Downloads/sju_terminal/terminal-ThomasStachovsky/FreeRTOS/freertos.lib(tasks.o)
                0x00000000000047a0                pxCurrentTCB
 .bss           0x0000000000004890        0x4 /home/tomasz/Downloads/sju_terminal/terminal-ThomasStachovsky/FreeRTOS/freertos.lib(heap.o)
                0x0000000000004890                MemRegions
 .bss           0x0000000000004894       0xbc /home/tomasz/Downloads/sju_terminal/terminal-ThomasStachovsky/FreeRTOS/freertos.lib(port.o)
                0x0000000000004894                xNeedRescheduleTask
                0x0000000000004898                CpuModel
                0x000000000000489a                IntVec
                0x000000000000490a                ExcVecBase
 .bss           0x0000000000004950        0x0 /home/tomasz/Downloads/sju_terminal/terminal-ThomasStachovsky/FreeRTOS/freertos.lib(intsrv.o)
 .bss           0x0000000000004950        0x0 /home/tomasz/Downloads/sju_terminal/terminal-ThomasStachovsky/FreeRTOS/freertos.lib(intr.o)
 .bss           0x0000000000004950        0x0 /home/tomasz/Downloads/sju_terminal/terminal-ThomasStachovsky/FreeRTOS/freertos.lib(trap.o)
 .bss           0x0000000000004950        0x0 /home/tomasz/Downloads/sju_terminal/terminal-ThomasStachovsky/FreeRTOS/freertos.lib(portasm.o)
 .bss           0x0000000000004950        0x0 /home/tomasz/Downloads/sju_terminal/terminal-ThomasStachovsky/FreeRTOS/freertos.lib(list.o)
 .bss           0x0000000000004950        0x0 /home/tomasz/Downloads/sju_terminal/terminal-ThomasStachovsky/libc/c.lib(kvprintf.o)
 .bss           0x0000000000004950        0x0 /home/tomasz/Downloads/sju_terminal/terminal-ThomasStachovsky/libc/c.lib(strtol.o)
 .bss           0x0000000000004950        0x0 /home/tomasz/Downloads/sju_terminal/terminal-ThomasStachovsky/libc/c.lib(divsi3.o)
 .bss           0x0000000000004950        0x0 /home/tomasz/Downloads/sju_terminal/terminal-ThomasStachovsky/libc/c.lib(modsi3.o)
 .bss           0x0000000000004950        0x0 /home/tomasz/Downloads/sju_terminal/terminal-ThomasStachovsky/libc/c.lib(mulsi3.o)
 .bss           0x0000000000004950        0x0 /home/tomasz/Downloads/sju_terminal/terminal-ThomasStachovsky/libc/c.lib(udivsi3.o)
 .bss           0x0000000000004950        0x0 /home/tomasz/Downloads/sju_terminal/terminal-ThomasStachovsky/libc/c.lib(umodsi3.o)
 .bss           0x0000000000004950        0x0 /home/tomasz/Downloads/sju_terminal/terminal-ThomasStachovsky/libc/c.lib(memcpy.o)
 .bss           0x0000000000004950        0x0 /home/tomasz/Downloads/sju_terminal/terminal-ThomasStachovsky/libc/c.lib(memset.o)
 .bss           0x0000000000004950        0x0 /home/tomasz/Downloads/sju_terminal/terminal-ThomasStachovsky/libc/c.lib(ctype.o)
 *(COMMON)
                0x0000000000004950                . = ALIGN (0x4)
                [!provide]                        PROVIDE (_ebss = .)

.data.MEMF_CHIP
                0x0000000000004950       0x48
                [!provide]                        PROVIDE (_datachip = .)
 *(.datachip .datachip.*)
 .datachip      0x0000000000004950       0x48 main.o
                0x0000000000004998                . = ALIGN (0x4)
                [!provide]                        PROVIDE (_edatachip = .)

.bss.MEMF_CHIP  0x0000000000004998     0x50a0
                [!provide]                        PROVIDE (_bsschip = .)
 *(.bsschip .bsschip.*)
 .bsschip       0x0000000000004998     0x50a0 main.o
                0x0000000000004998                screen_bpl0
                0x0000000000009a38                . = ALIGN (0x4)
                [!provide]                        PROVIDE (_ebsschip = .)

/DISCARD/
 *(.comment)
LOAD ../startup.o
LOAD ../fault.o
LOAD ../trap.o
LOAD main.o
LOAD console.o
LOAD tty.o
LOAD event.o
LOAD /home/tomasz/Downloads/sju_terminal/terminal-ThomasStachovsky/drivers/drivers.lib
LOAD /home/tomasz/Downloads/sju_terminal/terminal-ThomasStachovsky/FreeRTOS/freertos.lib
LOAD /home/tomasz/Downloads/sju_terminal/terminal-ThomasStachovsky/libc/c.lib
OUTPUT(console.elf elf32-m68k)

.debug_info     0x0000000000000000     0xe39b
 .debug_info    0x0000000000000000      0xd2d ../startup.o
 .debug_info    0x0000000000000d2d      0x234 ../fault.o
 .debug_info    0x0000000000000f61      0x572 ../trap.o
 .debug_info    0x00000000000014d3     0x1c0e main.o
 .debug_info    0x00000000000030e1      0xcce console.o
 .debug_info    0x0000000000003daf     0x12cb tty.o
 .debug_info    0x000000000000507a      0x529 event.o
 .debug_info    0x00000000000055a3      0x276 /home/tomasz/Downloads/sju_terminal/terminal-ThomasStachovsky/drivers/drivers.lib(bootcons.o)
 .debug_info    0x0000000000005819      0x380 /home/tomasz/Downloads/sju_terminal/terminal-ThomasStachovsky/drivers/drivers.lib(cia-icr.o)
 .debug_info    0x0000000000005b99      0x43c /home/tomasz/Downloads/sju_terminal/terminal-ThomasStachovsky/drivers/drivers.lib(file.o)
 .debug_info    0x0000000000005fd5      0x300 /home/tomasz/Downloads/sju_terminal/terminal-ThomasStachovsky/drivers/drivers.lib(hexdump.o)
 .debug_info    0x00000000000062d5     0x12cc /home/tomasz/Downloads/sju_terminal/terminal-ThomasStachovsky/drivers/drivers.lib(keyboard.o)
 .debug_info    0x00000000000075a1       0x26 /home/tomasz/Downloads/sju_terminal/terminal-ThomasStachovsky/drivers/drivers.lib(bootcons-putc.o)
 .debug_info    0x00000000000075c7      0xf88 /home/tomasz/Downloads/sju_terminal/terminal-ThomasStachovsky/drivers/drivers.lib(cia-timer.o)
 .debug_info    0x000000000000854f     0x1357 /home/tomasz/Downloads/sju_terminal/terminal-ThomasStachovsky/FreeRTOS/freertos.lib(queue.o)
 .debug_info    0x00000000000098a6     0x1ce1 /home/tomasz/Downloads/sju_terminal/terminal-ThomasStachovsky/FreeRTOS/freertos.lib(tasks.o)
 .debug_info    0x000000000000b587      0x6c6 /home/tomasz/Downloads/sju_terminal/terminal-ThomasStachovsky/FreeRTOS/freertos.lib(heap.o)
 .debug_info    0x000000000000bc4d      0xe8a /home/tomasz/Downloads/sju_terminal/terminal-ThomasStachovsky/FreeRTOS/freertos.lib(port.o)
 .debug_info    0x000000000000cad7      0xbd9 /home/tomasz/Downloads/sju_terminal/terminal-ThomasStachovsky/FreeRTOS/freertos.lib(intsrv.o)
 .debug_info    0x000000000000d6b0       0x26 /home/tomasz/Downloads/sju_terminal/terminal-ThomasStachovsky/FreeRTOS/freertos.lib(intr.o)
 .debug_info    0x000000000000d6d6       0x26 /home/tomasz/Downloads/sju_terminal/terminal-ThomasStachovsky/FreeRTOS/freertos.lib(trap.o)
 .debug_info    0x000000000000d6fc       0x26 /home/tomasz/Downloads/sju_terminal/terminal-ThomasStachovsky/FreeRTOS/freertos.lib(portasm.o)
 .debug_info    0x000000000000d722      0x2ed /home/tomasz/Downloads/sju_terminal/terminal-ThomasStachovsky/FreeRTOS/freertos.lib(list.o)
 .debug_info    0x000000000000da0f      0x3e1 /home/tomasz/Downloads/sju_terminal/terminal-ThomasStachovsky/libc/c.lib(kvprintf.o)
 .debug_info    0x000000000000ddf0      0x1b2 /home/tomasz/Downloads/sju_terminal/terminal-ThomasStachovsky/libc/c.lib(strtol.o)
 .debug_info    0x000000000000dfa2       0x26 /home/tomasz/Downloads/sju_terminal/terminal-ThomasStachovsky/libc/c.lib(divsi3.o)
 .debug_info    0x000000000000dfc8       0x26 /home/tomasz/Downloads/sju_terminal/terminal-ThomasStachovsky/libc/c.lib(modsi3.o)
 .debug_info    0x000000000000dfee       0x26 /home/tomasz/Downloads/sju_terminal/terminal-ThomasStachovsky/libc/c.lib(mulsi3.o)
 .debug_info    0x000000000000e014       0x26 /home/tomasz/Downloads/sju_terminal/terminal-ThomasStachovsky/libc/c.lib(udivsi3.o)
 .debug_info    0x000000000000e03a       0x26 /home/tomasz/Downloads/sju_terminal/terminal-ThomasStachovsky/libc/c.lib(umodsi3.o)
 .debug_info    0x000000000000e060       0x26 /home/tomasz/Downloads/sju_terminal/terminal-ThomasStachovsky/libc/c.lib(memcpy.o)
 .debug_info    0x000000000000e086       0x26 /home/tomasz/Downloads/sju_terminal/terminal-ThomasStachovsky/libc/c.lib(memset.o)
 .debug_info    0x000000000000e0ac      0x2ef /home/tomasz/Downloads/sju_terminal/terminal-ThomasStachovsky/libc/c.lib(ctype.o)

.debug_abbrev   0x0000000000000000     0x2d85
 .debug_abbrev  0x0000000000000000      0x245 ../startup.o
 .debug_abbrev  0x0000000000000245       0xf8 ../fault.o
 .debug_abbrev  0x000000000000033d      0x182 ../trap.o
 .debug_abbrev  0x00000000000004bf      0x39c main.o
 .debug_abbrev  0x000000000000085b      0x2ba console.o
 .debug_abbrev  0x0000000000000b15      0x301 tty.o
 .debug_abbrev  0x0000000000000e16      0x170 event.o
 .debug_abbrev  0x0000000000000f86      0x15e /home/tomasz/Downloads/sju_terminal/terminal-ThomasStachovsky/drivers/drivers.lib(bootcons.o)
 .debug_abbrev  0x00000000000010e4      0x13d /home/tomasz/Downloads/sju_terminal/terminal-ThomasStachovsky/drivers/drivers.lib(cia-icr.o)
 .debug_abbrev  0x0000000000001221      0x1ba /home/tomasz/Downloads/sju_terminal/terminal-ThomasStachovsky/drivers/drivers.lib(file.o)
 .debug_abbrev  0x00000000000013db      0x17a /home/tomasz/Downloads/sju_terminal/terminal-ThomasStachovsky/drivers/drivers.lib(hexdump.o)
 .debug_abbrev  0x0000000000001555      0x26c /home/tomasz/Downloads/sju_terminal/terminal-ThomasStachovsky/drivers/drivers.lib(keyboard.o)
 .debug_abbrev  0x00000000000017c1       0x14 /home/tomasz/Downloads/sju_terminal/terminal-ThomasStachovsky/drivers/drivers.lib(bootcons-putc.o)
 .debug_abbrev  0x00000000000017d5      0x2dd /home/tomasz/Downloads/sju_terminal/terminal-ThomasStachovsky/drivers/drivers.lib(cia-timer.o)
 .debug_abbrev  0x0000000000001ab2      0x2b5 /home/tomasz/Downloads/sju_terminal/terminal-ThomasStachovsky/FreeRTOS/freertos.lib(queue.o)
 .debug_abbrev  0x0000000000001d67      0x405 /home/tomasz/Downloads/sju_terminal/terminal-ThomasStachovsky/FreeRTOS/freertos.lib(tasks.o)
 .debug_abbrev  0x000000000000216c      0x254 /home/tomasz/Downloads/sju_terminal/terminal-ThomasStachovsky/FreeRTOS/freertos.lib(heap.o)
 .debug_abbrev  0x00000000000023c0      0x251 /home/tomasz/Downloads/sju_terminal/terminal-ThomasStachovsky/FreeRTOS/freertos.lib(port.o)
 .debug_abbrev  0x0000000000002611      0x239 /home/tomasz/Downloads/sju_terminal/terminal-ThomasStachovsky/FreeRTOS/freertos.lib(intsrv.o)
 .debug_abbrev  0x000000000000284a       0x14 /home/tomasz/Downloads/sju_terminal/terminal-ThomasStachovsky/FreeRTOS/freertos.lib(intr.o)
 .debug_abbrev  0x000000000000285e       0x14 /home/tomasz/Downloads/sju_terminal/terminal-ThomasStachovsky/FreeRTOS/freertos.lib(trap.o)
 .debug_abbrev  0x0000000000002872       0x14 /home/tomasz/Downloads/sju_terminal/terminal-ThomasStachovsky/FreeRTOS/freertos.lib(portasm.o)
 .debug_abbrev  0x0000000000002886      0x105 /home/tomasz/Downloads/sju_terminal/terminal-ThomasStachovsky/FreeRTOS/freertos.lib(list.o)
 .debug_abbrev  0x000000000000298b      0x1ce /home/tomasz/Downloads/sju_terminal/terminal-ThomasStachovsky/libc/c.lib(kvprintf.o)
 .debug_abbrev  0x0000000000002b59       0xd4 /home/tomasz/Downloads/sju_terminal/terminal-ThomasStachovsky/libc/c.lib(strtol.o)
 .debug_abbrev  0x0000000000002c2d       0x14 /home/tomasz/Downloads/sju_terminal/terminal-ThomasStachovsky/libc/c.lib(divsi3.o)
 .debug_abbrev  0x0000000000002c41       0x14 /home/tomasz/Downloads/sju_terminal/terminal-ThomasStachovsky/libc/c.lib(modsi3.o)
 .debug_abbrev  0x0000000000002c55       0x14 /home/tomasz/Downloads/sju_terminal/terminal-ThomasStachovsky/libc/c.lib(mulsi3.o)
 .debug_abbrev  0x0000000000002c69       0x14 /home/tomasz/Downloads/sju_terminal/terminal-ThomasStachovsky/libc/c.lib(udivsi3.o)
 .debug_abbrev  0x0000000000002c7d       0x14 /home/tomasz/Downloads/sju_terminal/terminal-ThomasStachovsky/libc/c.lib(umodsi3.o)
 .debug_abbrev  0x0000000000002c91       0x14 /home/tomasz/Downloads/sju_terminal/terminal-ThomasStachovsky/libc/c.lib(memcpy.o)
 .debug_abbrev  0x0000000000002ca5       0x14 /home/tomasz/Downloads/sju_terminal/terminal-ThomasStachovsky/libc/c.lib(memset.o)
 .debug_abbrev  0x0000000000002cb9       0xcc /home/tomasz/Downloads/sju_terminal/terminal-ThomasStachovsky/libc/c.lib(ctype.o)

.debug_loc      0x0000000000000000     0x3bc5
 .debug_loc     0x0000000000000000       0x5d ../startup.o
 .debug_loc     0x000000000000005d       0xe8 ../trap.o
 .debug_loc     0x0000000000000145      0xbf0 main.o
 .debug_loc     0x0000000000000d35      0x19a console.o
 .debug_loc     0x0000000000000ecf       0x9e tty.o
 .debug_loc     0x0000000000000f6d       0x3f /home/tomasz/Downloads/sju_terminal/terminal-ThomasStachovsky/drivers/drivers.lib(bootcons.o)
 .debug_loc     0x0000000000000fac       0x67 /home/tomasz/Downloads/sju_terminal/terminal-ThomasStachovsky/drivers/drivers.lib(cia-icr.o)
 .debug_loc     0x0000000000001013       0xa2 /home/tomasz/Downloads/sju_terminal/terminal-ThomasStachovsky/drivers/drivers.lib(file.o)
 .debug_loc     0x00000000000010b5      0x146 /home/tomasz/Downloads/sju_terminal/terminal-ThomasStachovsky/drivers/drivers.lib(hexdump.o)
 .debug_loc     0x00000000000011fb      0x116 /home/tomasz/Downloads/sju_terminal/terminal-ThomasStachovsky/drivers/drivers.lib(keyboard.o)
 .debug_loc     0x0000000000001311      0x18f /home/tomasz/Downloads/sju_terminal/terminal-ThomasStachovsky/drivers/drivers.lib(cia-timer.o)
 .debug_loc     0x00000000000014a0      0xa85 /home/tomasz/Downloads/sju_terminal/terminal-ThomasStachovsky/FreeRTOS/freertos.lib(queue.o)
 .debug_loc     0x0000000000001f25      0xd55 /home/tomasz/Downloads/sju_terminal/terminal-ThomasStachovsky/FreeRTOS/freertos.lib(tasks.o)
 .debug_loc     0x0000000000002c7a      0x40b /home/tomasz/Downloads/sju_terminal/terminal-ThomasStachovsky/FreeRTOS/freertos.lib(heap.o)
 .debug_loc     0x0000000000003085       0xf0 /home/tomasz/Downloads/sju_terminal/terminal-ThomasStachovsky/FreeRTOS/freertos.lib(port.o)
 .debug_loc     0x0000000000003175       0x99 /home/tomasz/Downloads/sju_terminal/terminal-ThomasStachovsky/FreeRTOS/freertos.lib(intsrv.o)
 .debug_loc     0x000000000000320e       0x8a /home/tomasz/Downloads/sju_terminal/terminal-ThomasStachovsky/FreeRTOS/freertos.lib(list.o)
 .debug_loc     0x0000000000003298      0x5d4 /home/tomasz/Downloads/sju_terminal/terminal-ThomasStachovsky/libc/c.lib(kvprintf.o)
 .debug_loc     0x000000000000386c      0x32f /home/tomasz/Downloads/sju_terminal/terminal-ThomasStachovsky/libc/c.lib(strtol.o)
 .debug_loc     0x0000000000003b9b       0x2a /home/tomasz/Downloads/sju_terminal/terminal-ThomasStachovsky/libc/c.lib(ctype.o)

.debug_aranges  0x0000000000000000      0x428
 .debug_aranges
                0x0000000000000000       0x20 ../startup.o
 .debug_aranges
                0x0000000000000020       0x20 ../fault.o
 .debug_aranges
                0x0000000000000040       0x20 ../trap.o
 .debug_aranges
                0x0000000000000060       0x28 main.o
 .debug_aranges
                0x0000000000000088       0x20 console.o
 .debug_aranges
                0x00000000000000a8       0x20 tty.o
 .debug_aranges
                0x00000000000000c8       0x20 event.o
 .debug_aranges
                0x00000000000000e8       0x20 /home/tomasz/Downloads/sju_terminal/terminal-ThomasStachovsky/drivers/drivers.lib(bootcons.o)
 .debug_aranges
                0x0000000000000108       0x20 /home/tomasz/Downloads/sju_terminal/terminal-ThomasStachovsky/drivers/drivers.lib(cia-icr.o)
 .debug_aranges
                0x0000000000000128       0x20 /home/tomasz/Downloads/sju_terminal/terminal-ThomasStachovsky/drivers/drivers.lib(file.o)
 .debug_aranges
                0x0000000000000148       0x20 /home/tomasz/Downloads/sju_terminal/terminal-ThomasStachovsky/drivers/drivers.lib(hexdump.o)
 .debug_aranges
                0x0000000000000168       0x20 /home/tomasz/Downloads/sju_terminal/terminal-ThomasStachovsky/drivers/drivers.lib(keyboard.o)
 .debug_aranges
                0x0000000000000188       0x20 /home/tomasz/Downloads/sju_terminal/terminal-ThomasStachovsky/drivers/drivers.lib(bootcons-putc.o)
 .debug_aranges
                0x00000000000001a8       0x20 /home/tomasz/Downloads/sju_terminal/terminal-ThomasStachovsky/drivers/drivers.lib(cia-timer.o)
 .debug_aranges
                0x00000000000001c8       0x20 /home/tomasz/Downloads/sju_terminal/terminal-ThomasStachovsky/FreeRTOS/freertos.lib(queue.o)
 .debug_aranges
                0x00000000000001e8       0x20 /home/tomasz/Downloads/sju_terminal/terminal-ThomasStachovsky/FreeRTOS/freertos.lib(tasks.o)
 .debug_aranges
                0x0000000000000208       0x20 /home/tomasz/Downloads/sju_terminal/terminal-ThomasStachovsky/FreeRTOS/freertos.lib(heap.o)
 .debug_aranges
                0x0000000000000228       0x20 /home/tomasz/Downloads/sju_terminal/terminal-ThomasStachovsky/FreeRTOS/freertos.lib(port.o)
 .debug_aranges
                0x0000000000000248       0x20 /home/tomasz/Downloads/sju_terminal/terminal-ThomasStachovsky/FreeRTOS/freertos.lib(intsrv.o)
 .debug_aranges
                0x0000000000000268       0x20 /home/tomasz/Downloads/sju_terminal/terminal-ThomasStachovsky/FreeRTOS/freertos.lib(intr.o)
 .debug_aranges
                0x0000000000000288       0x20 /home/tomasz/Downloads/sju_terminal/terminal-ThomasStachovsky/FreeRTOS/freertos.lib(trap.o)
 .debug_aranges
                0x00000000000002a8       0x20 /home/tomasz/Downloads/sju_terminal/terminal-ThomasStachovsky/FreeRTOS/freertos.lib(portasm.o)
 .debug_aranges
                0x00000000000002c8       0x20 /home/tomasz/Downloads/sju_terminal/terminal-ThomasStachovsky/FreeRTOS/freertos.lib(list.o)
 .debug_aranges
                0x00000000000002e8       0x20 /home/tomasz/Downloads/sju_terminal/terminal-ThomasStachovsky/libc/c.lib(kvprintf.o)
 .debug_aranges
                0x0000000000000308       0x20 /home/tomasz/Downloads/sju_terminal/terminal-ThomasStachovsky/libc/c.lib(strtol.o)
 .debug_aranges
                0x0000000000000328       0x20 /home/tomasz/Downloads/sju_terminal/terminal-ThomasStachovsky/libc/c.lib(divsi3.o)
 .debug_aranges
                0x0000000000000348       0x20 /home/tomasz/Downloads/sju_terminal/terminal-ThomasStachovsky/libc/c.lib(modsi3.o)
 .debug_aranges
                0x0000000000000368       0x20 /home/tomasz/Downloads/sju_terminal/terminal-ThomasStachovsky/libc/c.lib(mulsi3.o)
 .debug_aranges
                0x0000000000000388       0x20 /home/tomasz/Downloads/sju_terminal/terminal-ThomasStachovsky/libc/c.lib(udivsi3.o)
 .debug_aranges
                0x00000000000003a8       0x20 /home/tomasz/Downloads/sju_terminal/terminal-ThomasStachovsky/libc/c.lib(umodsi3.o)
 .debug_aranges
                0x00000000000003c8       0x20 /home/tomasz/Downloads/sju_terminal/terminal-ThomasStachovsky/libc/c.lib(memcpy.o)
 .debug_aranges
                0x00000000000003e8       0x20 /home/tomasz/Downloads/sju_terminal/terminal-ThomasStachovsky/libc/c.lib(memset.o)
 .debug_aranges
                0x0000000000000408       0x20 /home/tomasz/Downloads/sju_terminal/terminal-ThomasStachovsky/libc/c.lib(ctype.o)

.debug_ranges   0x0000000000000000      0x710
 .debug_ranges  0x0000000000000000       0x18 ../startup.o
 .debug_ranges  0x0000000000000018       0x18 ../trap.o
 .debug_ranges  0x0000000000000030      0x178 main.o
 .debug_ranges  0x00000000000001a8       0x48 console.o
 .debug_ranges  0x00000000000001f0       0x30 tty.o
 .debug_ranges  0x0000000000000220       0x18 /home/tomasz/Downloads/sju_terminal/terminal-ThomasStachovsky/drivers/drivers.lib(bootcons.o)
 .debug_ranges  0x0000000000000238       0x38 /home/tomasz/Downloads/sju_terminal/terminal-ThomasStachovsky/drivers/drivers.lib(hexdump.o)
 .debug_ranges  0x0000000000000270       0x30 /home/tomasz/Downloads/sju_terminal/terminal-ThomasStachovsky/drivers/drivers.lib(keyboard.o)
 .debug_ranges  0x00000000000002a0       0x30 /home/tomasz/Downloads/sju_terminal/terminal-ThomasStachovsky/drivers/drivers.lib(cia-timer.o)
 .debug_ranges  0x00000000000002d0      0x150 /home/tomasz/Downloads/sju_terminal/terminal-ThomasStachovsky/FreeRTOS/freertos.lib(queue.o)
 .debug_ranges  0x0000000000000420      0x170 /home/tomasz/Downloads/sju_terminal/terminal-ThomasStachovsky/FreeRTOS/freertos.lib(tasks.o)
 .debug_ranges  0x0000000000000590      0x168 /home/tomasz/Downloads/sju_terminal/terminal-ThomasStachovsky/FreeRTOS/freertos.lib(heap.o)
 .debug_ranges  0x00000000000006f8       0x18 /home/tomasz/Downloads/sju_terminal/terminal-ThomasStachovsky/FreeRTOS/freertos.lib(intsrv.o)

.debug_line     0x0000000000000000     0x6fa0
 .debug_line    0x0000000000000000      0x38e ../startup.o
 .debug_line    0x000000000000038e      0x19c ../fault.o
 .debug_line    0x000000000000052a      0x29a ../trap.o
 .debug_line    0x00000000000007c4      0x7e8 main.o
 .debug_line    0x0000000000000fac      0x38b console.o
 .debug_line    0x0000000000001337      0x3ea tty.o
 .debug_line    0x0000000000001721      0x2a2 event.o
 .debug_line    0x00000000000019c3      0x143 /home/tomasz/Downloads/sju_terminal/terminal-ThomasStachovsky/drivers/drivers.lib(bootcons.o)
 .debug_line    0x0000000000001b06      0x150 /home/tomasz/Downloads/sju_terminal/terminal-ThomasStachovsky/drivers/drivers.lib(cia-icr.o)
 .debug_line    0x0000000000001c56      0x1df /home/tomasz/Downloads/sju_terminal/terminal-ThomasStachovsky/drivers/drivers.lib(file.o)
 .debug_line    0x0000000000001e35      0x1cc /home/tomasz/Downloads/sju_terminal/terminal-ThomasStachovsky/drivers/drivers.lib(hexdump.o)
 .debug_line    0x0000000000002001      0x34c /home/tomasz/Downloads/sju_terminal/terminal-ThomasStachovsky/drivers/drivers.lib(keyboard.o)
 .debug_line    0x000000000000234d       0x8b /home/tomasz/Downloads/sju_terminal/terminal-ThomasStachovsky/drivers/drivers.lib(bootcons-putc.o)
 .debug_line    0x00000000000023d8      0x3cc /home/tomasz/Downloads/sju_terminal/terminal-ThomasStachovsky/drivers/drivers.lib(cia-timer.o)
 .debug_line    0x00000000000027a4     0x1187 /home/tomasz/Downloads/sju_terminal/terminal-ThomasStachovsky/FreeRTOS/freertos.lib(queue.o)
 .debug_line    0x000000000000392b     0x186f /home/tomasz/Downloads/sju_terminal/terminal-ThomasStachovsky/FreeRTOS/freertos.lib(tasks.o)
 .debug_line    0x000000000000519a      0x5b1 /home/tomasz/Downloads/sju_terminal/terminal-ThomasStachovsky/FreeRTOS/freertos.lib(heap.o)
 .debug_line    0x000000000000574b      0x389 /home/tomasz/Downloads/sju_terminal/terminal-ThomasStachovsky/FreeRTOS/freertos.lib(port.o)
 .debug_line    0x0000000000005ad4      0x23e /home/tomasz/Downloads/sju_terminal/terminal-ThomasStachovsky/FreeRTOS/freertos.lib(intsrv.o)
 .debug_line    0x0000000000005d12       0xb9 /home/tomasz/Downloads/sju_terminal/terminal-ThomasStachovsky/FreeRTOS/freertos.lib(intr.o)
 .debug_line    0x0000000000005dcb       0xa2 /home/tomasz/Downloads/sju_terminal/terminal-ThomasStachovsky/FreeRTOS/freertos.lib(trap.o)
 .debug_line    0x0000000000005e6d       0xa1 /home/tomasz/Downloads/sju_terminal/terminal-ThomasStachovsky/FreeRTOS/freertos.lib(portasm.o)
 .debug_line    0x0000000000005f0e      0x2fb /home/tomasz/Downloads/sju_terminal/terminal-ThomasStachovsky/FreeRTOS/freertos.lib(list.o)
 .debug_line    0x0000000000006209      0x455 /home/tomasz/Downloads/sju_terminal/terminal-ThomasStachovsky/libc/c.lib(kvprintf.o)
 .debug_line    0x000000000000665e      0x317 /home/tomasz/Downloads/sju_terminal/terminal-ThomasStachovsky/libc/c.lib(strtol.o)
 .debug_line    0x0000000000006975       0x8f /home/tomasz/Downloads/sju_terminal/terminal-ThomasStachovsky/libc/c.lib(divsi3.o)
 .debug_line    0x0000000000006a04       0x8b /home/tomasz/Downloads/sju_terminal/terminal-ThomasStachovsky/libc/c.lib(modsi3.o)
 .debug_line    0x0000000000006a8f       0x87 /home/tomasz/Downloads/sju_terminal/terminal-ThomasStachovsky/libc/c.lib(mulsi3.o)
 .debug_line    0x0000000000006b16       0xa1 /home/tomasz/Downloads/sju_terminal/terminal-ThomasStachovsky/libc/c.lib(udivsi3.o)
 .debug_line    0x0000000000006bb7       0x8c /home/tomasz/Downloads/sju_terminal/terminal-ThomasStachovsky/libc/c.lib(umodsi3.o)
 .debug_line    0x0000000000006c43       0xe0 /home/tomasz/Downloads/sju_terminal/terminal-ThomasStachovsky/libc/c.lib(memcpy.o)
 .debug_line    0x0000000000006d23       0xba /home/tomasz/Downloads/sju_terminal/terminal-ThomasStachovsky/libc/c.lib(memset.o)
 .debug_line    0x0000000000006ddd      0x1c3 /home/tomasz/Downloads/sju_terminal/terminal-ThomasStachovsky/libc/c.lib(ctype.o)

.debug_str      0x0000000000000000     0x2f95
 .debug_str     0x0000000000000000      0x729 ../startup.o
                                        0x77c (size before relaxing)
 .debug_str     0x0000000000000729       0x8a ../fault.o
                                        0x262 (size before relaxing)
 .debug_str     0x00000000000007b3      0x125 ../trap.o
                                        0x325 (size before relaxing)
 .debug_str     0x00000000000008d8      0x435 main.o
                                        0x9fb (size before relaxing)
 .debug_str     0x0000000000000d0d      0x110 console.o
                                        0x6b3 (size before relaxing)
 .debug_str     0x0000000000000e1d      0x597 tty.o
                                        0xcc2 (size before relaxing)
 .debug_str     0x00000000000013b4      0x139 event.o
                                        0x46e (size before relaxing)
 .debug_str     0x00000000000014ed       0xca /home/tomasz/Downloads/sju_terminal/terminal-ThomasStachovsky/drivers/drivers.lib(bootcons.o)
                                        0x22f (size before relaxing)
 .debug_str     0x00000000000015b7       0x7e /home/tomasz/Downloads/sju_terminal/terminal-ThomasStachovsky/drivers/drivers.lib(cia-icr.o)
                                        0x2b2 (size before relaxing)
 .debug_str     0x0000000000001635       0x7d /home/tomasz/Downloads/sju_terminal/terminal-ThomasStachovsky/drivers/drivers.lib(file.o)
                                        0x276 (size before relaxing)
 .debug_str     0x00000000000016b2       0x60 /home/tomasz/Downloads/sju_terminal/terminal-ThomasStachovsky/drivers/drivers.lib(hexdump.o)
                                        0x23c (size before relaxing)
 .debug_str     0x0000000000001712      0x17e /home/tomasz/Downloads/sju_terminal/terminal-ThomasStachovsky/drivers/drivers.lib(keyboard.o)
                                        0xc90 (size before relaxing)
 .debug_str     0x0000000000001890       0x62 /home/tomasz/Downloads/sju_terminal/terminal-ThomasStachovsky/drivers/drivers.lib(bootcons-putc.o)
                                         0xa8 (size before relaxing)
 .debug_str     0x00000000000018f2       0xf2 /home/tomasz/Downloads/sju_terminal/terminal-ThomasStachovsky/drivers/drivers.lib(cia-timer.o)
                                        0x8a8 (size before relaxing)
 .debug_str     0x00000000000019e4      0x4d9 /home/tomasz/Downloads/sju_terminal/terminal-ThomasStachovsky/FreeRTOS/freertos.lib(queue.o)
                                        0x7e1 (size before relaxing)
 .debug_str     0x0000000000001ebd      0x849 /home/tomasz/Downloads/sju_terminal/terminal-ThomasStachovsky/FreeRTOS/freertos.lib(tasks.o)
                                        0xd6c (size before relaxing)
 .debug_str     0x0000000000002706      0x169 /home/tomasz/Downloads/sju_terminal/terminal-ThomasStachovsky/FreeRTOS/freertos.lib(heap.o)
                                        0x38a (size before relaxing)
 .debug_str     0x000000000000286f       0xa1 /home/tomasz/Downloads/sju_terminal/terminal-ThomasStachovsky/FreeRTOS/freertos.lib(port.o)
                                        0x89c (size before relaxing)
 .debug_str     0x0000000000002910       0x84 /home/tomasz/Downloads/sju_terminal/terminal-ThomasStachovsky/FreeRTOS/freertos.lib(intsrv.o)
                                        0x708 (size before relaxing)
 .debug_str     0x0000000000002994       0x62 /home/tomasz/Downloads/sju_terminal/terminal-ThomasStachovsky/FreeRTOS/freertos.lib(intr.o)
                                         0xb5 (size before relaxing)
 .debug_str     0x00000000000029f6       0x62 /home/tomasz/Downloads/sju_terminal/terminal-ThomasStachovsky/FreeRTOS/freertos.lib(trap.o)
                                         0xb5 (size before relaxing)
 .debug_str     0x0000000000002a58       0x65 /home/tomasz/Downloads/sju_terminal/terminal-ThomasStachovsky/FreeRTOS/freertos.lib(portasm.o)
                                         0xb8 (size before relaxing)
 .debug_str     0x0000000000002abd       0x96 /home/tomasz/Downloads/sju_terminal/terminal-ThomasStachovsky/FreeRTOS/freertos.lib(list.o)
                                        0x2e1 (size before relaxing)
 .debug_str     0x0000000000002b53       0xd1 /home/tomasz/Downloads/sju_terminal/terminal-ThomasStachovsky/libc/c.lib(kvprintf.o)
                                        0x271 (size before relaxing)
 .debug_str     0x0000000000002c24       0x98 /home/tomasz/Downloads/sju_terminal/terminal-ThomasStachovsky/libc/c.lib(strtol.o)
                                        0x1c8 (size before relaxing)
 .debug_str     0x0000000000002cbc       0x50 /home/tomasz/Downloads/sju_terminal/terminal-ThomasStachovsky/libc/c.lib(divsi3.o)
                                         0x9f (size before relaxing)
 .debug_str     0x0000000000002d0c       0x50 /home/tomasz/Downloads/sju_terminal/terminal-ThomasStachovsky/libc/c.lib(modsi3.o)
                                         0x9f (size before relaxing)
 .debug_str     0x0000000000002d5c       0x50 /home/tomasz/Downloads/sju_terminal/terminal-ThomasStachovsky/libc/c.lib(mulsi3.o)
                                         0x9f (size before relaxing)
 .debug_str     0x0000000000002dac       0x51 /home/tomasz/Downloads/sju_terminal/terminal-ThomasStachovsky/libc/c.lib(udivsi3.o)
                                         0xa0 (size before relaxing)
 .debug_str     0x0000000000002dfd       0x51 /home/tomasz/Downloads/sju_terminal/terminal-ThomasStachovsky/libc/c.lib(umodsi3.o)
                                         0xa0 (size before relaxing)
 .debug_str     0x0000000000002e4e       0x53 /home/tomasz/Downloads/sju_terminal/terminal-ThomasStachovsky/libc/c.lib(memcpy.o)
                                         0xa2 (size before relaxing)
 .debug_str     0x0000000000002ea1       0x53 /home/tomasz/Downloads/sju_terminal/terminal-ThomasStachovsky/libc/c.lib(memset.o)
                                         0xa2 (size before relaxing)
 .debug_str     0x0000000000002ef4       0xa1 /home/tomasz/Downloads/sju_terminal/terminal-ThomasStachovsky/libc/c.lib(ctype.o)
                                        0x155 (size before relaxing)

.debug_frame    0x0000000000000000     0x174c
 .debug_frame   0x0000000000000000       0x8c ../startup.o
 .debug_frame   0x000000000000008c       0x4c ../fault.o
 .debug_frame   0x00000000000000d8       0x90 ../trap.o
 .debug_frame   0x0000000000000168      0x120 main.o
 .debug_frame   0x0000000000000288       0xd8 console.o
 .debug_frame   0x0000000000000360      0x118 tty.o
 .debug_frame   0x0000000000000478      0x178 event.o
 .debug_frame   0x00000000000005f0       0x38 /home/tomasz/Downloads/sju_terminal/terminal-ThomasStachovsky/drivers/drivers.lib(bootcons.o)
 .debug_frame   0x0000000000000628       0x48 /home/tomasz/Downloads/sju_terminal/terminal-ThomasStachovsky/drivers/drivers.lib(cia-icr.o)
 .debug_frame   0x0000000000000670       0x9c /home/tomasz/Downloads/sju_terminal/terminal-ThomasStachovsky/drivers/drivers.lib(file.o)
 .debug_frame   0x000000000000070c       0x5c /home/tomasz/Downloads/sju_terminal/terminal-ThomasStachovsky/drivers/drivers.lib(hexdump.o)
 .debug_frame   0x0000000000000768       0x8c /home/tomasz/Downloads/sju_terminal/terminal-ThomasStachovsky/drivers/drivers.lib(keyboard.o)
 .debug_frame   0x00000000000007f4       0xb8 /home/tomasz/Downloads/sju_terminal/terminal-ThomasStachovsky/drivers/drivers.lib(cia-timer.o)
 .debug_frame   0x00000000000008ac      0x404 /home/tomasz/Downloads/sju_terminal/terminal-ThomasStachovsky/FreeRTOS/freertos.lib(queue.o)
 .debug_frame   0x0000000000000cb0      0x5ec /home/tomasz/Downloads/sju_terminal/terminal-ThomasStachovsky/FreeRTOS/freertos.lib(tasks.o)
 .debug_frame   0x000000000000129c       0xc8 /home/tomasz/Downloads/sju_terminal/terminal-ThomasStachovsky/FreeRTOS/freertos.lib(heap.o)
 .debug_frame   0x0000000000001364       0x68 /home/tomasz/Downloads/sju_terminal/terminal-ThomasStachovsky/FreeRTOS/freertos.lib(port.o)
 .debug_frame   0x00000000000013cc       0x7c /home/tomasz/Downloads/sju_terminal/terminal-ThomasStachovsky/FreeRTOS/freertos.lib(intsrv.o)
 .debug_frame   0x0000000000001448       0x88 /home/tomasz/Downloads/sju_terminal/terminal-ThomasStachovsky/FreeRTOS/freertos.lib(list.o)
 .debug_frame   0x00000000000014d0       0xf8 /home/tomasz/Downloads/sju_terminal/terminal-ThomasStachovsky/libc/c.lib(kvprintf.o)
 .debug_frame   0x00000000000015c8       0x7c /home/tomasz/Downloads/sju_terminal/terminal-ThomasStachovsky/libc/c.lib(strtol.o)
 .debug_frame   0x0000000000001644      0x108 /home/tomasz/Downloads/sju_terminal/terminal-ThomasStachovsky/libc/c.lib(ctype.o)
