Archive member included to satisfy reference by file (symbol)

/home/tomasz/FreeRTOS-Amiga/drivers/drivers.lib(bootcons.o)
                              ../startup.o (KernCons)
/home/tomasz/FreeRTOS-Amiga/drivers/drivers.lib(cia-icr.o)
                              ../startup.o (WriteICR)
/home/tomasz/FreeRTOS-Amiga/drivers/drivers.lib(file.o)
                              ../startup.o (FilePrintf)
/home/tomasz/FreeRTOS-Amiga/drivers/drivers.lib(bootcons-putc.o)
                              /home/tomasz/FreeRTOS-Amiga/drivers/drivers.lib(bootcons.o) (BootConsPutChar)
/home/tomasz/FreeRTOS-Amiga/FreeRTOS/freertos.lib(tasks.o)
                              main.o (xTaskCreate)
/home/tomasz/FreeRTOS-Amiga/FreeRTOS/freertos.lib(heap.o)
                              /home/tomasz/FreeRTOS-Amiga/FreeRTOS/freertos.lib(tasks.o) (pvPortMalloc)
/home/tomasz/FreeRTOS-Amiga/FreeRTOS/freertos.lib(port.o)
                              /home/tomasz/FreeRTOS-Amiga/FreeRTOS/freertos.lib(tasks.o) (pxPortInitialiseStack)
/home/tomasz/FreeRTOS-Amiga/FreeRTOS/freertos.lib(intsrv.o)
                              /home/tomasz/FreeRTOS-Amiga/FreeRTOS/freertos.lib(port.o) (RunIntChain)
/home/tomasz/FreeRTOS-Amiga/FreeRTOS/freertos.lib(intr.o)
                              /home/tomasz/FreeRTOS-Amiga/FreeRTOS/freertos.lib(port.o) (AmigaLvl1Handler)
/home/tomasz/FreeRTOS-Amiga/FreeRTOS/freertos.lib(trap.o)
                              /home/tomasz/FreeRTOS-Amiga/FreeRTOS/freertos.lib(port.o) (BadTrap)
/home/tomasz/FreeRTOS-Amiga/FreeRTOS/freertos.lib(portasm.o)
                              /home/tomasz/FreeRTOS-Amiga/FreeRTOS/freertos.lib(tasks.o) (ulPortSetIPL)
/home/tomasz/FreeRTOS-Amiga/FreeRTOS/freertos.lib(list.o)
                              /home/tomasz/FreeRTOS-Amiga/FreeRTOS/freertos.lib(tasks.o) (vListInitialise)
/home/tomasz/FreeRTOS-Amiga/libc/c.lib(kvprintf.o)
                              /home/tomasz/FreeRTOS-Amiga/drivers/drivers.lib(file.o) (kvprintf)
/home/tomasz/FreeRTOS-Amiga/libc/c.lib(udivsi3.o)
                              /home/tomasz/FreeRTOS-Amiga/libc/c.lib(kvprintf.o) (__udivsi3)
/home/tomasz/FreeRTOS-Amiga/libc/c.lib(umodsi3.o)
                              /home/tomasz/FreeRTOS-Amiga/libc/c.lib(kvprintf.o) (__umodsi3)
/home/tomasz/FreeRTOS-Amiga/libc/c.lib(memset.o)
                              /home/tomasz/FreeRTOS-Amiga/FreeRTOS/freertos.lib(tasks.o) (memset)
/home/tomasz/FreeRTOS-Amiga/libc/c.lib(mulsi3.o)
                              /home/tomasz/FreeRTOS-Amiga/libc/c.lib(umodsi3.o) (__mulsi3)

Discarded input sections

 .comment       0x0000000000000000       0x12 ../startup.o
 .comment       0x0000000000000000       0x12 ../fault.o
 .comment       0x0000000000000000       0x12 ../trap.o
 .comment       0x0000000000000000       0x12 main.o
 .comment       0x0000000000000000       0x12 rand.o
 .comment       0x0000000000000000       0x12 /home/tomasz/FreeRTOS-Amiga/drivers/drivers.lib(bootcons.o)
 .comment       0x0000000000000000       0x12 /home/tomasz/FreeRTOS-Amiga/drivers/drivers.lib(cia-icr.o)
 .comment       0x0000000000000000       0x12 /home/tomasz/FreeRTOS-Amiga/drivers/drivers.lib(file.o)
 .comment       0x0000000000000000       0x12 /home/tomasz/FreeRTOS-Amiga/FreeRTOS/freertos.lib(tasks.o)
 .comment       0x0000000000000000       0x12 /home/tomasz/FreeRTOS-Amiga/FreeRTOS/freertos.lib(heap.o)
 .comment       0x0000000000000000       0x12 /home/tomasz/FreeRTOS-Amiga/FreeRTOS/freertos.lib(port.o)
 .comment       0x0000000000000000       0x12 /home/tomasz/FreeRTOS-Amiga/FreeRTOS/freertos.lib(intsrv.o)
 .comment       0x0000000000000000       0x12 /home/tomasz/FreeRTOS-Amiga/FreeRTOS/freertos.lib(list.o)
 .comment       0x0000000000000000       0x12 /home/tomasz/FreeRTOS-Amiga/libc/c.lib(kvprintf.o)

Memory Configuration

Name             Origin             Length             Attributes
*default*        0x0000000000000000 0xffffffffffffffff

Linker script and memory map

                0x0000000000bfe001                PROVIDE (ciaa = 0xbfe001)
                0x0000000000bfd000                PROVIDE (ciab = 0xbfd000)
                [!provide]                        PROVIDE (msm6242b = 0xdc0000)
                0x0000000000dff000                PROVIDE (custom = 0xdff000)

.text           0x0000000000000000     0x2610
                [!provide]                        PROVIDE (_text = .)
 *(.text .text.*)
 .text          0x0000000000000000      0x13e ../startup.o
                0x0000000000000000                _start
 .text          0x000000000000013e       0x34 ../fault.o
                0x000000000000013e                vApplicationMallocFailedHook
                0x0000000000000158                vApplicationStackOverflowHook
 .text          0x0000000000000172      0x168 ../trap.o
                0x0000000000000172                vPortDefaultTrapHandler
 .text          0x00000000000002da      0x10c main.o
                0x00000000000002ec                vPortTrapHandler
                0x00000000000003dc                vApplicationIdleHook
 .text.startup  0x00000000000003e6       0x2e main.o
                0x00000000000003e6                main
 .text          0x0000000000000414       0x34 rand.o
                0x0000000000000414                rand
 .text          0x0000000000000448       0x30 /home/tomasz/FreeRTOS-Amiga/drivers/drivers.lib(bootcons.o)
 .text          0x0000000000000478       0x6c /home/tomasz/FreeRTOS-Amiga/drivers/drivers.lib(cia-icr.o)
                0x0000000000000478                WriteICR
                0x00000000000004b2                SampleICR
 .text          0x00000000000004e4       0xde /home/tomasz/FreeRTOS-Amiga/drivers/drivers.lib(file.o)
                0x00000000000004e4                FileRead
                0x00000000000004f8                FileWrite
                0x000000000000052e                FileSeek
                0x0000000000000544                FileClose
                0x0000000000000558                FilePutChar
                0x000000000000057a                FilePrintf
 .text          0x00000000000005c2       0x20 /home/tomasz/FreeRTOS-Amiga/drivers/drivers.lib(bootcons-putc.o)
                0x00000000000005c2                BootConsPutChar
 .text          0x00000000000005e2     0x1226 /home/tomasz/FreeRTOS-Amiga/FreeRTOS/freertos.lib(tasks.o)
                0x00000000000006ea                xTaskResumeFromISR
                0x0000000000000796                vTaskEndScheduler
                0x00000000000007a6                vTaskSuspendAll
                0x00000000000007b6                xTaskGetTickCountFromISR
                0x00000000000007da                uxTaskGetNumberOfTasks
                0x00000000000007e2                pcTaskGetName
                0x00000000000007fa                xTaskIncrementTick
                0x000000000000093a                vTaskSwitchContext
                0x00000000000009f6                vTaskPlaceOnEventList
                0x0000000000000a2c                vTaskPlaceOnUnorderedEventList
                0x0000000000000a84                xTaskRemoveFromEventList
                0x0000000000000b20                vTaskRemoveFromUnorderedEventList
                0x0000000000000bb0                vTaskInternalSetTimeOutState
                0x0000000000000bc8                vTaskMissedYield
                0x0000000000000bd2                uxTaskGetStackHighWaterMark
                0x0000000000000bfe                xTaskGetCurrentTaskHandle
                0x0000000000000c06                xTaskGetSchedulerState
                0x0000000000000c22                vTaskEnterCritical
                0x0000000000000c54                vTaskExitCritical
                0x0000000000000c84                xTaskCreate
                0x0000000000000e82                vTaskStartScheduler
                0x0000000000000ed0                vTaskDelete
                0x0000000000000f82                vTaskSuspend
                0x0000000000001034                vTaskResume
                0x000000000000113a                xTaskResumeAll
                0x000000000000123e                vTaskDelayUntil
                0x00000000000012a8                vTaskDelay
                0x00000000000012da                xTaskGetTickCount
                0x00000000000012f0                vTaskSetTimeOutState
                0x000000000000131c                xTaskCheckForTimeOut
                0x000000000000138a                uxTaskResetEventItemValue
                0x00000000000013ac                ulTaskNotifyTake
                0x0000000000001430                xTaskNotifyWait
                0x00000000000014e2                xTaskGenericNotify
                0x00000000000015d6                xTaskGenericNotifyFromISR
                0x0000000000001704                vTaskNotifyGiveFromISR
                0x00000000000017d2                xTaskNotifyStateClear
 .text          0x0000000000001808      0x21e /home/tomasz/FreeRTOS-Amiga/FreeRTOS/freertos.lib(heap.o)
                0x0000000000001808                _pvPortMallocBelow
                0x00000000000018ae                pvPortMalloc
                0x00000000000018be                pvPortMallocChip
                0x00000000000018d0                vPortFree
                0x000000000000199e                xPortGetFreeHeapSize
                0x00000000000019b8                xPortGetMinimumEverFreeHeapSize
                0x00000000000019d2                vPortDefineMemoryRegions
 .text          0x0000000000001a26      0x1c2 /home/tomasz/FreeRTOS-Amiga/FreeRTOS/freertos.lib(port.o)
                0x0000000000001a26                pxPortInitialiseStack
                0x0000000000001a5c                xPortStartScheduler
                0x0000000000001a7c                vPortEndScheduler
                0x0000000000001a7e                vPortSetupExceptionVector
 .text          0x0000000000001be8       0xaa /home/tomasz/FreeRTOS-Amiga/FreeRTOS/freertos.lib(intsrv.o)
                0x0000000000001be8                AddIntServer
                0x0000000000001c32                RemIntServer
                0x0000000000001c66                RunIntChain
 .text          0x0000000000001c92       0xe8 /home/tomasz/FreeRTOS-Amiga/FreeRTOS/freertos.lib(intr.o)
                0x0000000000001c92                AmigaLvl1Handler
                0x0000000000001cb6                AmigaLvl2Handler
                0x0000000000001cc4                AmigaLvl3Handler
                0x0000000000001ce8                AmigaLvl4Handler
                0x0000000000001d50                AmigaLvl5Handler
                0x0000000000001d6a                AmigaLvl6Handler
                0x0000000000001d78                DummyInterruptHandler
 .text          0x0000000000001d7a       0x5a /home/tomasz/FreeRTOS-Amiga/FreeRTOS/freertos.lib(trap.o)
                0x0000000000001d7a                BadTrap
                0x0000000000001d80                BusErrTrap
                0x0000000000001d86                AddrErrTrap
                0x0000000000001d8c                IllegalTrap
                0x0000000000001d92                ZeroDivTrap
                0x0000000000001d98                ChkInstTrap
                0x0000000000001d9e                TrapvInstTrap
                0x0000000000001da4                PrivInstTrap
                0x0000000000001daa                TraceTrap
                0x0000000000001db0                FmtErrTrap
                0x0000000000001db6                TrapInstTrap
                0x0000000000001dbe                EnterTrap
 .text          0x0000000000001dd4       0x4e /home/tomasz/FreeRTOS-Amiga/FreeRTOS/freertos.lib(portasm.o)
                0x0000000000001dd4                ulPortSetIPL
                0x0000000000001df0                vPortYieldHandler
                0x0000000000001e14                vPortStartFirstTask
 .text          0x0000000000001e22       0xe2 /home/tomasz/FreeRTOS-Amiga/FreeRTOS/freertos.lib(list.o)
                0x0000000000001e22                vListInitialise
                0x0000000000001e40                vListInitialiseItem
                0x0000000000001e4a                vListInsertEnd
                0x0000000000001e80                vListInsert
                0x0000000000001ecc                uxListRemove
 .text          0x0000000000001f04      0x376 /home/tomasz/FreeRTOS-Amiga/libc/c.lib(kvprintf.o)
                0x0000000000002056                kvprintf
 .text          0x000000000000227a       0x5c /home/tomasz/FreeRTOS-Amiga/libc/c.lib(udivsi3.o)
                0x000000000000227a                __ldivu
                0x000000000000227a                __udivsi3
 .text          0x00000000000022d6       0x2e /home/tomasz/FreeRTOS-Amiga/libc/c.lib(umodsi3.o)
                0x00000000000022d6                __umodsi3
 .text          0x0000000000002304       0x94 /home/tomasz/FreeRTOS-Amiga/libc/c.lib(memset.o)
                0x0000000000002304                memset
 .text          0x0000000000002398       0x22 /home/tomasz/FreeRTOS-Amiga/libc/c.lib(mulsi3.o)
                0x0000000000002398                __mulsi3
 *(.rodata .rodata.*)
 .rodata.str1.1
                0x00000000000023ba       0x67 ../startup.o
 *fill*         0x0000000000002421        0x1 
 .rodata.str1.1
                0x0000000000002422       0x24 ../fault.o
 .rodata.str1.1
                0x0000000000002446      0x182 ../trap.o
                                        0x18e (size before relaxing)
 .rodata        0x00000000000025c8       0x2c ../trap.o
 .rodata.str1.1
                0x00000000000025f4        0x5 main.o
 *fill*         0x00000000000025f9        0x1 
 .rodata.str1.1
                0x00000000000025fa        0x5 /home/tomasz/FreeRTOS-Amiga/FreeRTOS/freertos.lib(tasks.o)
 *fill*         0x00000000000025ff        0x1 
 .rodata        0x0000000000002600       0x10 /home/tomasz/FreeRTOS-Amiga/libc/c.lib(kvprintf.o)
                0x0000000000002610                . = ALIGN (0x4)
                [!provide]                        PROVIDE (_etext = .)

.data           0x0000000000002610       0x30
                [!provide]                        PROVIDE (_data = .)
 *(.data .data.*)
 .data          0x0000000000002610        0x0 ../startup.o
 .data          0x0000000000002610        0x0 ../fault.o
 .data          0x0000000000002610        0x0 ../trap.o
 .data          0x0000000000002610        0x0 main.o
 .data          0x0000000000002610        0x4 rand.o
 .data          0x0000000000002614       0x1e /home/tomasz/FreeRTOS-Amiga/drivers/drivers.lib(bootcons.o)
                0x0000000000002614                KernCons
 *fill*         0x0000000000002632        0x2 
 .data          0x0000000000002634        0x0 /home/tomasz/FreeRTOS-Amiga/drivers/drivers.lib(cia-icr.o)
 .data          0x0000000000002634        0x0 /home/tomasz/FreeRTOS-Amiga/drivers/drivers.lib(file.o)
 .data          0x0000000000002634        0x0 /home/tomasz/FreeRTOS-Amiga/drivers/drivers.lib(bootcons-putc.o)
 .data          0x0000000000002634        0x0 /home/tomasz/FreeRTOS-Amiga/FreeRTOS/freertos.lib(tasks.o)
 .data          0x0000000000002634        0x0 /home/tomasz/FreeRTOS-Amiga/FreeRTOS/freertos.lib(heap.o)
 .data          0x0000000000002634        0xc /home/tomasz/FreeRTOS-Amiga/FreeRTOS/freertos.lib(port.o)
                0x0000000000002634                ExterChain
                0x0000000000002638                VertBlankChain
                0x000000000000263c                PortsChain
 .data          0x0000000000002640        0x0 /home/tomasz/FreeRTOS-Amiga/FreeRTOS/freertos.lib(intsrv.o)
 .data          0x0000000000002640        0x0 /home/tomasz/FreeRTOS-Amiga/FreeRTOS/freertos.lib(intr.o)
 .data          0x0000000000002640        0x0 /home/tomasz/FreeRTOS-Amiga/FreeRTOS/freertos.lib(trap.o)
 .data          0x0000000000002640        0x0 /home/tomasz/FreeRTOS-Amiga/FreeRTOS/freertos.lib(portasm.o)
 .data          0x0000000000002640        0x0 /home/tomasz/FreeRTOS-Amiga/FreeRTOS/freertos.lib(list.o)
 .data          0x0000000000002640        0x0 /home/tomasz/FreeRTOS-Amiga/libc/c.lib(kvprintf.o)
 .data          0x0000000000002640        0x0 /home/tomasz/FreeRTOS-Amiga/libc/c.lib(udivsi3.o)
 .data          0x0000000000002640        0x0 /home/tomasz/FreeRTOS-Amiga/libc/c.lib(umodsi3.o)
 .data          0x0000000000002640        0x0 /home/tomasz/FreeRTOS-Amiga/libc/c.lib(memset.o)
 .data          0x0000000000002640        0x0 /home/tomasz/FreeRTOS-Amiga/libc/c.lib(mulsi3.o)
                0x0000000000002640                . = ALIGN (0x4)
                [!provide]                        PROVIDE (_edata = .)

.bss            0x0000000000002640      0x1b8
                [!provide]                        PROVIDE (_bss = .)
 *(.bss .bss.*)
 .bss           0x0000000000002640        0x0 ../startup.o
 .bss           0x0000000000002640        0x0 ../fault.o
 .bss           0x0000000000002640        0x0 ../trap.o
 .bss           0x0000000000002640        0x4 main.o
 .bss           0x0000000000002644        0x0 rand.o
 .bss           0x0000000000002644        0x0 /home/tomasz/FreeRTOS-Amiga/drivers/drivers.lib(bootcons.o)
 .bss           0x0000000000002644        0x4 /home/tomasz/FreeRTOS-Amiga/drivers/drivers.lib(cia-icr.o)
 .bss           0x0000000000002648        0x0 /home/tomasz/FreeRTOS-Amiga/drivers/drivers.lib(file.o)
 .bss           0x0000000000002648        0x0 /home/tomasz/FreeRTOS-Amiga/drivers/drivers.lib(bootcons-putc.o)
 .bss           0x0000000000002648       0xf0 /home/tomasz/FreeRTOS-Amiga/FreeRTOS/freertos.lib(tasks.o)
                0x0000000000002648                pxCurrentTCB
 .bss           0x0000000000002738        0x4 /home/tomasz/FreeRTOS-Amiga/FreeRTOS/freertos.lib(heap.o)
                0x0000000000002738                MemRegions
 .bss           0x000000000000273c       0xbc /home/tomasz/FreeRTOS-Amiga/FreeRTOS/freertos.lib(port.o)
                0x000000000000273c                xNeedRescheduleTask
                0x0000000000002740                CpuModel
                0x0000000000002742                IntVec
                0x00000000000027b2                ExcVecBase
 .bss           0x00000000000027f8        0x0 /home/tomasz/FreeRTOS-Amiga/FreeRTOS/freertos.lib(intsrv.o)
 .bss           0x00000000000027f8        0x0 /home/tomasz/FreeRTOS-Amiga/FreeRTOS/freertos.lib(intr.o)
 .bss           0x00000000000027f8        0x0 /home/tomasz/FreeRTOS-Amiga/FreeRTOS/freertos.lib(trap.o)
 .bss           0x00000000000027f8        0x0 /home/tomasz/FreeRTOS-Amiga/FreeRTOS/freertos.lib(portasm.o)
 .bss           0x00000000000027f8        0x0 /home/tomasz/FreeRTOS-Amiga/FreeRTOS/freertos.lib(list.o)
 .bss           0x00000000000027f8        0x0 /home/tomasz/FreeRTOS-Amiga/libc/c.lib(kvprintf.o)
 .bss           0x00000000000027f8        0x0 /home/tomasz/FreeRTOS-Amiga/libc/c.lib(udivsi3.o)
 .bss           0x00000000000027f8        0x0 /home/tomasz/FreeRTOS-Amiga/libc/c.lib(umodsi3.o)
 .bss           0x00000000000027f8        0x0 /home/tomasz/FreeRTOS-Amiga/libc/c.lib(memset.o)
 .bss           0x00000000000027f8        0x0 /home/tomasz/FreeRTOS-Amiga/libc/c.lib(mulsi3.o)
 *(COMMON)
                0x00000000000027f8                . = ALIGN (0x4)
                [!provide]                        PROVIDE (_ebss = .)

.data.MEMF_CHIP
                0x00000000000027f8        0x0
                [!provide]                        PROVIDE (_datachip = .)
 *(.datachip .datachip.*)
                0x00000000000027f8                . = ALIGN (0x4)
                [!provide]                        PROVIDE (_edatachip = .)

.bss.MEMF_CHIP  0x00000000000027f8        0x0
                [!provide]                        PROVIDE (_bsschip = .)
 *(.bsschip .bsschip.*)
                0x00000000000027f8                . = ALIGN (0x4)
                [!provide]                        PROVIDE (_ebsschip = .)

/DISCARD/
 *(.comment)
LOAD ../startup.o
LOAD ../fault.o
LOAD ../trap.o
LOAD main.o
LOAD rand.o
LOAD /home/tomasz/FreeRTOS-Amiga/drivers/drivers.lib
LOAD /home/tomasz/FreeRTOS-Amiga/FreeRTOS/freertos.lib
LOAD /home/tomasz/FreeRTOS-Amiga/libc/c.lib
OUTPUT(instemul.elf elf32-m68k)

.debug_info     0x0000000000000000     0x7139
 .debug_info    0x0000000000000000      0xd2d ../startup.o
 .debug_info    0x0000000000000d2d      0x234 ../fault.o
 .debug_info    0x0000000000000f61      0x572 ../trap.o
 .debug_info    0x00000000000014d3      0xca3 main.o
 .debug_info    0x0000000000002176       0xab rand.o
 .debug_info    0x0000000000002221      0x276 /home/tomasz/FreeRTOS-Amiga/drivers/drivers.lib(bootcons.o)
 .debug_info    0x0000000000002497      0x380 /home/tomasz/FreeRTOS-Amiga/drivers/drivers.lib(cia-icr.o)
 .debug_info    0x0000000000002817      0x43c /home/tomasz/FreeRTOS-Amiga/drivers/drivers.lib(file.o)
 .debug_info    0x0000000000002c53       0x26 /home/tomasz/FreeRTOS-Amiga/drivers/drivers.lib(bootcons-putc.o)
 .debug_info    0x0000000000002c79     0x1bbf /home/tomasz/FreeRTOS-Amiga/FreeRTOS/freertos.lib(tasks.o)
 .debug_info    0x0000000000004838      0x6c6 /home/tomasz/FreeRTOS-Amiga/FreeRTOS/freertos.lib(heap.o)
 .debug_info    0x0000000000004efe      0xe8a /home/tomasz/FreeRTOS-Amiga/FreeRTOS/freertos.lib(port.o)
 .debug_info    0x0000000000005d88      0xbd9 /home/tomasz/FreeRTOS-Amiga/FreeRTOS/freertos.lib(intsrv.o)
 .debug_info    0x0000000000006961       0x26 /home/tomasz/FreeRTOS-Amiga/FreeRTOS/freertos.lib(intr.o)
 .debug_info    0x0000000000006987       0x26 /home/tomasz/FreeRTOS-Amiga/FreeRTOS/freertos.lib(trap.o)
 .debug_info    0x00000000000069ad       0x26 /home/tomasz/FreeRTOS-Amiga/FreeRTOS/freertos.lib(portasm.o)
 .debug_info    0x00000000000069d3      0x2ed /home/tomasz/FreeRTOS-Amiga/FreeRTOS/freertos.lib(list.o)
 .debug_info    0x0000000000006cc0      0x3e1 /home/tomasz/FreeRTOS-Amiga/libc/c.lib(kvprintf.o)
 .debug_info    0x00000000000070a1       0x26 /home/tomasz/FreeRTOS-Amiga/libc/c.lib(udivsi3.o)
 .debug_info    0x00000000000070c7       0x26 /home/tomasz/FreeRTOS-Amiga/libc/c.lib(umodsi3.o)
 .debug_info    0x00000000000070ed       0x26 /home/tomasz/FreeRTOS-Amiga/libc/c.lib(memset.o)
 .debug_info    0x0000000000007113       0x26 /home/tomasz/FreeRTOS-Amiga/libc/c.lib(mulsi3.o)

.debug_abbrev   0x0000000000000000     0x19e3
 .debug_abbrev  0x0000000000000000      0x245 ../startup.o
 .debug_abbrev  0x0000000000000245       0xf8 ../fault.o
 .debug_abbrev  0x000000000000033d      0x182 ../trap.o
 .debug_abbrev  0x00000000000004bf      0x230 main.o
 .debug_abbrev  0x00000000000006ef       0x6d rand.o
 .debug_abbrev  0x000000000000075c      0x15e /home/tomasz/FreeRTOS-Amiga/drivers/drivers.lib(bootcons.o)
 .debug_abbrev  0x00000000000008ba      0x13d /home/tomasz/FreeRTOS-Amiga/drivers/drivers.lib(cia-icr.o)
 .debug_abbrev  0x00000000000009f7      0x1ba /home/tomasz/FreeRTOS-Amiga/drivers/drivers.lib(file.o)
 .debug_abbrev  0x0000000000000bb1       0x14 /home/tomasz/FreeRTOS-Amiga/drivers/drivers.lib(bootcons-putc.o)
 .debug_abbrev  0x0000000000000bc5      0x3e1 /home/tomasz/FreeRTOS-Amiga/FreeRTOS/freertos.lib(tasks.o)
 .debug_abbrev  0x0000000000000fa6      0x254 /home/tomasz/FreeRTOS-Amiga/FreeRTOS/freertos.lib(heap.o)
 .debug_abbrev  0x00000000000011fa      0x251 /home/tomasz/FreeRTOS-Amiga/FreeRTOS/freertos.lib(port.o)
 .debug_abbrev  0x000000000000144b      0x239 /home/tomasz/FreeRTOS-Amiga/FreeRTOS/freertos.lib(intsrv.o)
 .debug_abbrev  0x0000000000001684       0x14 /home/tomasz/FreeRTOS-Amiga/FreeRTOS/freertos.lib(intr.o)
 .debug_abbrev  0x0000000000001698       0x14 /home/tomasz/FreeRTOS-Amiga/FreeRTOS/freertos.lib(trap.o)
 .debug_abbrev  0x00000000000016ac       0x14 /home/tomasz/FreeRTOS-Amiga/FreeRTOS/freertos.lib(portasm.o)
 .debug_abbrev  0x00000000000016c0      0x105 /home/tomasz/FreeRTOS-Amiga/FreeRTOS/freertos.lib(list.o)
 .debug_abbrev  0x00000000000017c5      0x1ce /home/tomasz/FreeRTOS-Amiga/libc/c.lib(kvprintf.o)
 .debug_abbrev  0x0000000000001993       0x14 /home/tomasz/FreeRTOS-Amiga/libc/c.lib(udivsi3.o)
 .debug_abbrev  0x00000000000019a7       0x14 /home/tomasz/FreeRTOS-Amiga/libc/c.lib(umodsi3.o)
 .debug_abbrev  0x00000000000019bb       0x14 /home/tomasz/FreeRTOS-Amiga/libc/c.lib(memset.o)
 .debug_abbrev  0x00000000000019cf       0x14 /home/tomasz/FreeRTOS-Amiga/libc/c.lib(mulsi3.o)

.debug_loc      0x0000000000000000     0x202e
 .debug_loc     0x0000000000000000       0x5d ../startup.o
 .debug_loc     0x000000000000005d       0xe8 ../trap.o
 .debug_loc     0x0000000000000145      0x3ab main.o
 .debug_loc     0x00000000000004f0       0xc4 rand.o
 .debug_loc     0x00000000000005b4       0x3f /home/tomasz/FreeRTOS-Amiga/drivers/drivers.lib(bootcons.o)
 .debug_loc     0x00000000000005f3       0x67 /home/tomasz/FreeRTOS-Amiga/drivers/drivers.lib(cia-icr.o)
 .debug_loc     0x000000000000065a       0xa2 /home/tomasz/FreeRTOS-Amiga/drivers/drivers.lib(file.o)
 .debug_loc     0x00000000000006fc      0xd40 /home/tomasz/FreeRTOS-Amiga/FreeRTOS/freertos.lib(tasks.o)
 .debug_loc     0x000000000000143c      0x40b /home/tomasz/FreeRTOS-Amiga/FreeRTOS/freertos.lib(heap.o)
 .debug_loc     0x0000000000001847       0xf0 /home/tomasz/FreeRTOS-Amiga/FreeRTOS/freertos.lib(port.o)
 .debug_loc     0x0000000000001937       0x99 /home/tomasz/FreeRTOS-Amiga/FreeRTOS/freertos.lib(intsrv.o)
 .debug_loc     0x00000000000019d0       0x8a /home/tomasz/FreeRTOS-Amiga/FreeRTOS/freertos.lib(list.o)
 .debug_loc     0x0000000000001a5a      0x5d4 /home/tomasz/FreeRTOS-Amiga/libc/c.lib(kvprintf.o)

.debug_aranges  0x0000000000000000      0x2c8
 .debug_aranges
                0x0000000000000000       0x20 ../startup.o
 .debug_aranges
                0x0000000000000020       0x20 ../fault.o
 .debug_aranges
                0x0000000000000040       0x20 ../trap.o
 .debug_aranges
                0x0000000000000060       0x28 main.o
 .debug_aranges
                0x0000000000000088       0x20 rand.o
 .debug_aranges
                0x00000000000000a8       0x20 /home/tomasz/FreeRTOS-Amiga/drivers/drivers.lib(bootcons.o)
 .debug_aranges
                0x00000000000000c8       0x20 /home/tomasz/FreeRTOS-Amiga/drivers/drivers.lib(cia-icr.o)
 .debug_aranges
                0x00000000000000e8       0x20 /home/tomasz/FreeRTOS-Amiga/drivers/drivers.lib(file.o)
 .debug_aranges
                0x0000000000000108       0x20 /home/tomasz/FreeRTOS-Amiga/drivers/drivers.lib(bootcons-putc.o)
 .debug_aranges
                0x0000000000000128       0x20 /home/tomasz/FreeRTOS-Amiga/FreeRTOS/freertos.lib(tasks.o)
 .debug_aranges
                0x0000000000000148       0x20 /home/tomasz/FreeRTOS-Amiga/FreeRTOS/freertos.lib(heap.o)
 .debug_aranges
                0x0000000000000168       0x20 /home/tomasz/FreeRTOS-Amiga/FreeRTOS/freertos.lib(port.o)
 .debug_aranges
                0x0000000000000188       0x20 /home/tomasz/FreeRTOS-Amiga/FreeRTOS/freertos.lib(intsrv.o)
 .debug_aranges
                0x00000000000001a8       0x20 /home/tomasz/FreeRTOS-Amiga/FreeRTOS/freertos.lib(intr.o)
 .debug_aranges
                0x00000000000001c8       0x20 /home/tomasz/FreeRTOS-Amiga/FreeRTOS/freertos.lib(trap.o)
 .debug_aranges
                0x00000000000001e8       0x20 /home/tomasz/FreeRTOS-Amiga/FreeRTOS/freertos.lib(portasm.o)
 .debug_aranges
                0x0000000000000208       0x20 /home/tomasz/FreeRTOS-Amiga/FreeRTOS/freertos.lib(list.o)
 .debug_aranges
                0x0000000000000228       0x20 /home/tomasz/FreeRTOS-Amiga/libc/c.lib(kvprintf.o)
 .debug_aranges
                0x0000000000000248       0x20 /home/tomasz/FreeRTOS-Amiga/libc/c.lib(udivsi3.o)
 .debug_aranges
                0x0000000000000268       0x20 /home/tomasz/FreeRTOS-Amiga/libc/c.lib(umodsi3.o)
 .debug_aranges
                0x0000000000000288       0x20 /home/tomasz/FreeRTOS-Amiga/libc/c.lib(memset.o)
 .debug_aranges
                0x00000000000002a8       0x20 /home/tomasz/FreeRTOS-Amiga/libc/c.lib(mulsi3.o)

.debug_ranges   0x0000000000000000      0x368
 .debug_ranges  0x0000000000000000       0x18 ../startup.o
 .debug_ranges  0x0000000000000018       0x18 ../trap.o
 .debug_ranges  0x0000000000000030       0x48 main.o
 .debug_ranges  0x0000000000000078       0x18 /home/tomasz/FreeRTOS-Amiga/drivers/drivers.lib(bootcons.o)
 .debug_ranges  0x0000000000000090      0x158 /home/tomasz/FreeRTOS-Amiga/FreeRTOS/freertos.lib(tasks.o)
 .debug_ranges  0x00000000000001e8      0x168 /home/tomasz/FreeRTOS-Amiga/FreeRTOS/freertos.lib(heap.o)
 .debug_ranges  0x0000000000000350       0x18 /home/tomasz/FreeRTOS-Amiga/FreeRTOS/freertos.lib(intsrv.o)

.debug_line     0x0000000000000000     0x3a1b
 .debug_line    0x0000000000000000      0x306 ../startup.o
 .debug_line    0x0000000000000306      0x136 ../fault.o
 .debug_line    0x000000000000043c      0x234 ../trap.o
 .debug_line    0x0000000000000670      0x367 main.o
 .debug_line    0x00000000000009d7       0x97 rand.o
 .debug_line    0x0000000000000a6e       0xff /home/tomasz/FreeRTOS-Amiga/drivers/drivers.lib(bootcons.o)
 .debug_line    0x0000000000000b6d      0x10c /home/tomasz/FreeRTOS-Amiga/drivers/drivers.lib(cia-icr.o)
 .debug_line    0x0000000000000c79      0x19b /home/tomasz/FreeRTOS-Amiga/drivers/drivers.lib(file.o)
 .debug_line    0x0000000000000e14       0x69 /home/tomasz/FreeRTOS-Amiga/drivers/drivers.lib(bootcons-putc.o)
 .debug_line    0x0000000000000e7d     0x1758 /home/tomasz/FreeRTOS-Amiga/FreeRTOS/freertos.lib(tasks.o)
 .debug_line    0x00000000000025d5      0x54b /home/tomasz/FreeRTOS-Amiga/FreeRTOS/freertos.lib(heap.o)
 .debug_line    0x0000000000002b20      0x323 /home/tomasz/FreeRTOS-Amiga/FreeRTOS/freertos.lib(port.o)
 .debug_line    0x0000000000002e43      0x1d8 /home/tomasz/FreeRTOS-Amiga/FreeRTOS/freertos.lib(intsrv.o)
 .debug_line    0x000000000000301b       0x97 /home/tomasz/FreeRTOS-Amiga/FreeRTOS/freertos.lib(intr.o)
 .debug_line    0x00000000000030b2       0x80 /home/tomasz/FreeRTOS-Amiga/FreeRTOS/freertos.lib(trap.o)
 .debug_line    0x0000000000003132       0x7f /home/tomasz/FreeRTOS-Amiga/FreeRTOS/freertos.lib(portasm.o)
 .debug_line    0x00000000000031b1      0x273 /home/tomasz/FreeRTOS-Amiga/FreeRTOS/freertos.lib(list.o)
 .debug_line    0x0000000000003424      0x411 /home/tomasz/FreeRTOS-Amiga/libc/c.lib(kvprintf.o)
 .debug_line    0x0000000000003835       0x7f /home/tomasz/FreeRTOS-Amiga/libc/c.lib(udivsi3.o)
 .debug_line    0x00000000000038b4       0x6a /home/tomasz/FreeRTOS-Amiga/libc/c.lib(umodsi3.o)
 .debug_line    0x000000000000391e       0x98 /home/tomasz/FreeRTOS-Amiga/libc/c.lib(memset.o)
 .debug_line    0x00000000000039b6       0x65 /home/tomasz/FreeRTOS-Amiga/libc/c.lib(mulsi3.o)

.debug_str      0x0000000000000000     0x1c48
 .debug_str     0x0000000000000000      0x6e5 ../startup.o
                                        0x738 (size before relaxing)
 .debug_str     0x00000000000006e5       0x68 ../fault.o
                                        0x21e (size before relaxing)
 .debug_str     0x000000000000074d      0x108 ../trap.o
                                        0x2e1 (size before relaxing)
 .debug_str     0x0000000000000855      0x161 main.o
                                        0x6d7 (size before relaxing)
 .debug_str     0x00000000000009b6       0x9a rand.o
                                         0xda (size before relaxing)
 .debug_str     0x0000000000000a50       0x8c /home/tomasz/FreeRTOS-Amiga/drivers/drivers.lib(bootcons.o)
                                        0x1eb (size before relaxing)
 .debug_str     0x0000000000000adc       0x61 /home/tomasz/FreeRTOS-Amiga/drivers/drivers.lib(cia-icr.o)
                                        0x26e (size before relaxing)
 .debug_str     0x0000000000000b3d       0x8e /home/tomasz/FreeRTOS-Amiga/drivers/drivers.lib(file.o)
                                        0x232 (size before relaxing)
 .debug_str     0x0000000000000bcb       0x40 /home/tomasz/FreeRTOS-Amiga/drivers/drivers.lib(bootcons-putc.o)
                                         0x64 (size before relaxing)
 .debug_str     0x0000000000000c0b      0xaef /home/tomasz/FreeRTOS-Amiga/FreeRTOS/freertos.lib(tasks.o)
                                        0xce3 (size before relaxing)
 .debug_str     0x00000000000016fa      0x14c /home/tomasz/FreeRTOS-Amiga/FreeRTOS/freertos.lib(heap.o)
                                        0x346 (size before relaxing)
 .debug_str     0x0000000000001846       0xe4 /home/tomasz/FreeRTOS-Amiga/FreeRTOS/freertos.lib(port.o)
                                        0x858 (size before relaxing)
 .debug_str     0x000000000000192a       0x97 /home/tomasz/FreeRTOS-Amiga/FreeRTOS/freertos.lib(intsrv.o)
                                        0x6c4 (size before relaxing)
 .debug_str     0x00000000000019c1       0x40 /home/tomasz/FreeRTOS-Amiga/FreeRTOS/freertos.lib(intr.o)
                                         0x71 (size before relaxing)
 .debug_str     0x0000000000001a01       0x40 /home/tomasz/FreeRTOS-Amiga/FreeRTOS/freertos.lib(trap.o)
                                         0x71 (size before relaxing)
 .debug_str     0x0000000000001a41       0x43 /home/tomasz/FreeRTOS-Amiga/FreeRTOS/freertos.lib(portasm.o)
                                         0x74 (size before relaxing)
 .debug_str     0x0000000000001a84       0x74 /home/tomasz/FreeRTOS-Amiga/FreeRTOS/freertos.lib(list.o)
                                        0x29d (size before relaxing)
 .debug_str     0x0000000000001af8       0x93 /home/tomasz/FreeRTOS-Amiga/libc/c.lib(kvprintf.o)
                                        0x22d (size before relaxing)
 .debug_str     0x0000000000001b8b       0x2f /home/tomasz/FreeRTOS-Amiga/libc/c.lib(udivsi3.o)
                                         0x5c (size before relaxing)
 .debug_str     0x0000000000001bba       0x2f /home/tomasz/FreeRTOS-Amiga/libc/c.lib(umodsi3.o)
                                         0x5c (size before relaxing)
 .debug_str     0x0000000000001be9       0x31 /home/tomasz/FreeRTOS-Amiga/libc/c.lib(memset.o)
                                         0x5e (size before relaxing)
 .debug_str     0x0000000000001c1a       0x2e /home/tomasz/FreeRTOS-Amiga/libc/c.lib(mulsi3.o)
                                         0x5b (size before relaxing)

.debug_frame    0x0000000000000000      0xc1c
 .debug_frame   0x0000000000000000       0x8c ../startup.o
 .debug_frame   0x000000000000008c       0x4c ../fault.o
 .debug_frame   0x00000000000000d8       0x90 ../trap.o
 .debug_frame   0x0000000000000168       0x88 main.o
 .debug_frame   0x00000000000001f0       0x2c rand.o
 .debug_frame   0x000000000000021c       0x38 /home/tomasz/FreeRTOS-Amiga/drivers/drivers.lib(bootcons.o)
 .debug_frame   0x0000000000000254       0x48 /home/tomasz/FreeRTOS-Amiga/drivers/drivers.lib(cia-icr.o)
 .debug_frame   0x000000000000029c       0x9c /home/tomasz/FreeRTOS-Amiga/drivers/drivers.lib(file.o)
 .debug_frame   0x0000000000000338      0x5b8 /home/tomasz/FreeRTOS-Amiga/FreeRTOS/freertos.lib(tasks.o)
 .debug_frame   0x00000000000008f0       0xc8 /home/tomasz/FreeRTOS-Amiga/FreeRTOS/freertos.lib(heap.o)
 .debug_frame   0x00000000000009b8       0x68 /home/tomasz/FreeRTOS-Amiga/FreeRTOS/freertos.lib(port.o)
 .debug_frame   0x0000000000000a20       0x7c /home/tomasz/FreeRTOS-Amiga/FreeRTOS/freertos.lib(intsrv.o)
 .debug_frame   0x0000000000000a9c       0x88 /home/tomasz/FreeRTOS-Amiga/FreeRTOS/freertos.lib(list.o)
 .debug_frame   0x0000000000000b24       0xf8 /home/tomasz/FreeRTOS-Amiga/libc/c.lib(kvprintf.o)
