Archive member included to satisfy reference by file (symbol)

/home/tomasz/FreeRTOS-Amiga/drivers/drivers.lib(bootcons.o)
                              ../startup.o (KernCons)
/home/tomasz/FreeRTOS-Amiga/drivers/drivers.lib(cia-icr.o)
                              ../startup.o (WriteICR)
/home/tomasz/FreeRTOS-Amiga/drivers/drivers.lib(file.o)
                              ../startup.o (FilePrintf)
/home/tomasz/FreeRTOS-Amiga/drivers/drivers.lib(bootcons-putc.o)
                              /home/tomasz/FreeRTOS-Amiga/drivers/drivers.lib(bootcons.o) (BootConsPutChar)
/home/tomasz/FreeRTOS-Amiga/FreeRTOS/freertos.lib(tasks.o)
                              main.o (xTaskCreate)
/home/tomasz/FreeRTOS-Amiga/FreeRTOS/freertos.lib(heap.o)
                              /home/tomasz/FreeRTOS-Amiga/FreeRTOS/freertos.lib(tasks.o) (pvPortMalloc)
/home/tomasz/FreeRTOS-Amiga/FreeRTOS/freertos.lib(port.o)
                              /home/tomasz/FreeRTOS-Amiga/FreeRTOS/freertos.lib(tasks.o) (pxPortInitialiseStack)
/home/tomasz/FreeRTOS-Amiga/FreeRTOS/freertos.lib(intsrv.o)
                              /home/tomasz/FreeRTOS-Amiga/FreeRTOS/freertos.lib(port.o) (RunIntChain)
/home/tomasz/FreeRTOS-Amiga/FreeRTOS/freertos.lib(intr.o)
                              /home/tomasz/FreeRTOS-Amiga/FreeRTOS/freertos.lib(port.o) (AmigaLvl1Handler)
/home/tomasz/FreeRTOS-Amiga/FreeRTOS/freertos.lib(trap.o)
                              /home/tomasz/FreeRTOS-Amiga/FreeRTOS/freertos.lib(port.o) (BadTrap)
/home/tomasz/FreeRTOS-Amiga/FreeRTOS/freertos.lib(portasm.o)
                              /home/tomasz/FreeRTOS-Amiga/FreeRTOS/freertos.lib(tasks.o) (ulPortSetIPL)
/home/tomasz/FreeRTOS-Amiga/FreeRTOS/freertos.lib(list.o)
                              /home/tomasz/FreeRTOS-Amiga/FreeRTOS/freertos.lib(tasks.o) (vListInitialise)
/home/tomasz/FreeRTOS-Amiga/libc/c.lib(kvprintf.o)
                              /home/tomasz/FreeRTOS-Amiga/drivers/drivers.lib(file.o) (kvprintf)
/home/tomasz/FreeRTOS-Amiga/libc/c.lib(divsi3.o)
                              main.o (__divsi3)
/home/tomasz/FreeRTOS-Amiga/libc/c.lib(modsi3.o)
                              main.o (__modsi3)
/home/tomasz/FreeRTOS-Amiga/libc/c.lib(mulsi3.o)
                              main.o (__mulsi3)
/home/tomasz/FreeRTOS-Amiga/libc/c.lib(udivsi3.o)
                              main.o (__udivsi3)
/home/tomasz/FreeRTOS-Amiga/libc/c.lib(umodsi3.o)
                              /home/tomasz/FreeRTOS-Amiga/libc/c.lib(kvprintf.o) (__umodsi3)
/home/tomasz/FreeRTOS-Amiga/libc/c.lib(memset.o)
                              /home/tomasz/FreeRTOS-Amiga/FreeRTOS/freertos.lib(tasks.o) (memset)

Discarded input sections

 .comment       0x0000000000000000       0x12 ../startup.o
 .comment       0x0000000000000000       0x12 ../fault.o
 .comment       0x0000000000000000       0x12 ../trap.o
 .comment       0x0000000000000000       0x12 main.o
 .comment       0x0000000000000000       0x12 rand.o
 .comment       0x0000000000000000       0x12 /home/tomasz/FreeRTOS-Amiga/drivers/drivers.lib(bootcons.o)
 .comment       0x0000000000000000       0x12 /home/tomasz/FreeRTOS-Amiga/drivers/drivers.lib(cia-icr.o)
 .comment       0x0000000000000000       0x12 /home/tomasz/FreeRTOS-Amiga/drivers/drivers.lib(file.o)
 .comment       0x0000000000000000       0x12 /home/tomasz/FreeRTOS-Amiga/FreeRTOS/freertos.lib(tasks.o)
 .comment       0x0000000000000000       0x12 /home/tomasz/FreeRTOS-Amiga/FreeRTOS/freertos.lib(heap.o)
 .comment       0x0000000000000000       0x12 /home/tomasz/FreeRTOS-Amiga/FreeRTOS/freertos.lib(port.o)
 .comment       0x0000000000000000       0x12 /home/tomasz/FreeRTOS-Amiga/FreeRTOS/freertos.lib(intsrv.o)
 .comment       0x0000000000000000       0x12 /home/tomasz/FreeRTOS-Amiga/FreeRTOS/freertos.lib(list.o)
 .comment       0x0000000000000000       0x12 /home/tomasz/FreeRTOS-Amiga/libc/c.lib(kvprintf.o)

Memory Configuration

Name             Origin             Length             Attributes
*default*        0x0000000000000000 0xffffffffffffffff

Linker script and memory map

                0x0000000000bfe001                PROVIDE (ciaa = 0xbfe001)
                0x0000000000bfd000                PROVIDE (ciab = 0xbfd000)
                [!provide]                        PROVIDE (msm6242b = 0xdc0000)
                0x0000000000dff000                PROVIDE (custom = 0xdff000)

.text           0x0000000000000000     0x2728
                [!provide]                        PROVIDE (_text = .)
 *(.text .text.*)
 .text          0x0000000000000000      0x13e ../startup.o
                0x0000000000000000                _start
 .text          0x000000000000013e       0x34 ../fault.o
                0x000000000000013e                vApplicationMallocFailedHook
                0x0000000000000158                vApplicationStackOverflowHook
 .text          0x0000000000000172      0x168 ../trap.o
                0x0000000000000172                vPortDefaultTrapHandler
 .text          0x00000000000002da      0x1c8 main.o
                0x00000000000002ec                vPortTrapHandler
                0x0000000000000498                vApplicationIdleHook
 .text.startup  0x00000000000004a2       0x2e main.o
                0x00000000000004a2                main
 .text          0x00000000000004d0       0x34 rand.o
                0x00000000000004d0                rand
 .text          0x0000000000000504       0x30 /home/tomasz/FreeRTOS-Amiga/drivers/drivers.lib(bootcons.o)
 .text          0x0000000000000534       0x6c /home/tomasz/FreeRTOS-Amiga/drivers/drivers.lib(cia-icr.o)
                0x0000000000000534                WriteICR
                0x000000000000056e                SampleICR
 .text          0x00000000000005a0       0xde /home/tomasz/FreeRTOS-Amiga/drivers/drivers.lib(file.o)
                0x00000000000005a0                FileRead
                0x00000000000005b4                FileWrite
                0x00000000000005ea                FileSeek
                0x0000000000000600                FileClose
                0x0000000000000614                FilePutChar
                0x0000000000000636                FilePrintf
 .text          0x000000000000067e       0x20 /home/tomasz/FreeRTOS-Amiga/drivers/drivers.lib(bootcons-putc.o)
                0x000000000000067e                BootConsPutChar
 .text          0x000000000000069e     0x1226 /home/tomasz/FreeRTOS-Amiga/FreeRTOS/freertos.lib(tasks.o)
                0x00000000000007a6                xTaskResumeFromISR
                0x0000000000000852                vTaskEndScheduler
                0x0000000000000862                vTaskSuspendAll
                0x0000000000000872                xTaskGetTickCountFromISR
                0x0000000000000896                uxTaskGetNumberOfTasks
                0x000000000000089e                pcTaskGetName
                0x00000000000008b6                xTaskIncrementTick
                0x00000000000009f6                vTaskSwitchContext
                0x0000000000000ab2                vTaskPlaceOnEventList
                0x0000000000000ae8                vTaskPlaceOnUnorderedEventList
                0x0000000000000b40                xTaskRemoveFromEventList
                0x0000000000000bdc                vTaskRemoveFromUnorderedEventList
                0x0000000000000c6c                vTaskInternalSetTimeOutState
                0x0000000000000c84                vTaskMissedYield
                0x0000000000000c8e                uxTaskGetStackHighWaterMark
                0x0000000000000cba                xTaskGetCurrentTaskHandle
                0x0000000000000cc2                xTaskGetSchedulerState
                0x0000000000000cde                vTaskEnterCritical
                0x0000000000000d10                vTaskExitCritical
                0x0000000000000d40                xTaskCreate
                0x0000000000000f3e                vTaskStartScheduler
                0x0000000000000f8c                vTaskDelete
                0x000000000000103e                vTaskSuspend
                0x00000000000010f0                vTaskResume
                0x00000000000011f6                xTaskResumeAll
                0x00000000000012fa                vTaskDelayUntil
                0x0000000000001364                vTaskDelay
                0x0000000000001396                xTaskGetTickCount
                0x00000000000013ac                vTaskSetTimeOutState
                0x00000000000013d8                xTaskCheckForTimeOut
                0x0000000000001446                uxTaskResetEventItemValue
                0x0000000000001468                ulTaskNotifyTake
                0x00000000000014ec                xTaskNotifyWait
                0x000000000000159e                xTaskGenericNotify
                0x0000000000001692                xTaskGenericNotifyFromISR
                0x00000000000017c0                vTaskNotifyGiveFromISR
                0x000000000000188e                xTaskNotifyStateClear
 .text          0x00000000000018c4      0x21e /home/tomasz/FreeRTOS-Amiga/FreeRTOS/freertos.lib(heap.o)
                0x00000000000018c4                _pvPortMallocBelow
                0x000000000000196a                pvPortMalloc
                0x000000000000197a                pvPortMallocChip
                0x000000000000198c                vPortFree
                0x0000000000001a5a                xPortGetFreeHeapSize
                0x0000000000001a74                xPortGetMinimumEverFreeHeapSize
                0x0000000000001a8e                vPortDefineMemoryRegions
 .text          0x0000000000001ae2      0x1c2 /home/tomasz/FreeRTOS-Amiga/FreeRTOS/freertos.lib(port.o)
                0x0000000000001ae2                pxPortInitialiseStack
                0x0000000000001b18                xPortStartScheduler
                0x0000000000001b38                vPortEndScheduler
                0x0000000000001b3a                vPortSetupExceptionVector
 .text          0x0000000000001ca4       0xaa /home/tomasz/FreeRTOS-Amiga/FreeRTOS/freertos.lib(intsrv.o)
                0x0000000000001ca4                AddIntServer
                0x0000000000001cee                RemIntServer
                0x0000000000001d22                RunIntChain
 .text          0x0000000000001d4e       0xe8 /home/tomasz/FreeRTOS-Amiga/FreeRTOS/freertos.lib(intr.o)
                0x0000000000001d4e                AmigaLvl1Handler
                0x0000000000001d72                AmigaLvl2Handler
                0x0000000000001d80                AmigaLvl3Handler
                0x0000000000001da4                AmigaLvl4Handler
                0x0000000000001e0c                AmigaLvl5Handler
                0x0000000000001e26                AmigaLvl6Handler
                0x0000000000001e34                DummyInterruptHandler
 .text          0x0000000000001e36       0x5a /home/tomasz/FreeRTOS-Amiga/FreeRTOS/freertos.lib(trap.o)
                0x0000000000001e36                BadTrap
                0x0000000000001e3c                BusErrTrap
                0x0000000000001e42                AddrErrTrap
                0x0000000000001e48                IllegalTrap
                0x0000000000001e4e                ZeroDivTrap
                0x0000000000001e54                ChkInstTrap
                0x0000000000001e5a                TrapvInstTrap
                0x0000000000001e60                PrivInstTrap
                0x0000000000001e66                TraceTrap
                0x0000000000001e6c                FmtErrTrap
                0x0000000000001e72                TrapInstTrap
                0x0000000000001e7a                EnterTrap
 .text          0x0000000000001e90       0x4e /home/tomasz/FreeRTOS-Amiga/FreeRTOS/freertos.lib(portasm.o)
                0x0000000000001e90                ulPortSetIPL
                0x0000000000001eac                vPortYieldHandler
                0x0000000000001ed0                vPortStartFirstTask
 .text          0x0000000000001ede       0xe2 /home/tomasz/FreeRTOS-Amiga/FreeRTOS/freertos.lib(list.o)
                0x0000000000001ede                vListInitialise
                0x0000000000001efc                vListInitialiseItem
                0x0000000000001f06                vListInsertEnd
                0x0000000000001f3c                vListInsert
                0x0000000000001f88                uxListRemove
 .text          0x0000000000001fc0      0x376 /home/tomasz/FreeRTOS-Amiga/libc/c.lib(kvprintf.o)
                0x0000000000002112                kvprintf
 .text          0x0000000000002336       0x2e /home/tomasz/FreeRTOS-Amiga/libc/c.lib(divsi3.o)
                0x0000000000002336                __divsi3
                0x0000000000002336                __ldivs
 .text          0x0000000000002364       0x2e /home/tomasz/FreeRTOS-Amiga/libc/c.lib(modsi3.o)
                0x0000000000002364                __lmods
                0x0000000000002364                __modsi3
 .text          0x0000000000002392       0x22 /home/tomasz/FreeRTOS-Amiga/libc/c.lib(mulsi3.o)
                0x0000000000002392                __mulsi3
 .text          0x00000000000023b4       0x5c /home/tomasz/FreeRTOS-Amiga/libc/c.lib(udivsi3.o)
                0x00000000000023b4                __ldivu
                0x00000000000023b4                __udivsi3
 .text          0x0000000000002410       0x2e /home/tomasz/FreeRTOS-Amiga/libc/c.lib(umodsi3.o)
                0x0000000000002410                __umodsi3
 .text          0x000000000000243e       0x94 /home/tomasz/FreeRTOS-Amiga/libc/c.lib(memset.o)
                0x000000000000243e                memset
 *(.rodata .rodata.*)
 .rodata.str1.1
                0x00000000000024d2       0x67 ../startup.o
 *fill*         0x0000000000002539        0x1 
 .rodata.str1.1
                0x000000000000253a       0x24 ../fault.o
 .rodata.str1.1
                0x000000000000255e      0x182 ../trap.o
                                        0x18e (size before relaxing)
 .rodata        0x00000000000026e0       0x2c ../trap.o
 .rodata.str1.1
                0x000000000000270c        0x5 main.o
 *fill*         0x0000000000002711        0x1 
 .rodata.str1.1
                0x0000000000002712        0x5 /home/tomasz/FreeRTOS-Amiga/FreeRTOS/freertos.lib(tasks.o)
 *fill*         0x0000000000002717        0x1 
 .rodata        0x0000000000002718       0x10 /home/tomasz/FreeRTOS-Amiga/libc/c.lib(kvprintf.o)
                0x0000000000002728                . = ALIGN (0x4)
                [!provide]                        PROVIDE (_etext = .)

.data           0x0000000000002728       0x30
                [!provide]                        PROVIDE (_data = .)
 *(.data .data.*)
 .data          0x0000000000002728        0x0 ../startup.o
 .data          0x0000000000002728        0x0 ../fault.o
 .data          0x0000000000002728        0x0 ../trap.o
 .data          0x0000000000002728        0x0 main.o
 .data          0x0000000000002728        0x4 rand.o
 .data          0x000000000000272c       0x1e /home/tomasz/FreeRTOS-Amiga/drivers/drivers.lib(bootcons.o)
                0x000000000000272c                KernCons
 *fill*         0x000000000000274a        0x2 
 .data          0x000000000000274c        0x0 /home/tomasz/FreeRTOS-Amiga/drivers/drivers.lib(cia-icr.o)
 .data          0x000000000000274c        0x0 /home/tomasz/FreeRTOS-Amiga/drivers/drivers.lib(file.o)
 .data          0x000000000000274c        0x0 /home/tomasz/FreeRTOS-Amiga/drivers/drivers.lib(bootcons-putc.o)
 .data          0x000000000000274c        0x0 /home/tomasz/FreeRTOS-Amiga/FreeRTOS/freertos.lib(tasks.o)
 .data          0x000000000000274c        0x0 /home/tomasz/FreeRTOS-Amiga/FreeRTOS/freertos.lib(heap.o)
 .data          0x000000000000274c        0xc /home/tomasz/FreeRTOS-Amiga/FreeRTOS/freertos.lib(port.o)
                0x000000000000274c                ExterChain
                0x0000000000002750                VertBlankChain
                0x0000000000002754                PortsChain
 .data          0x0000000000002758        0x0 /home/tomasz/FreeRTOS-Amiga/FreeRTOS/freertos.lib(intsrv.o)
 .data          0x0000000000002758        0x0 /home/tomasz/FreeRTOS-Amiga/FreeRTOS/freertos.lib(intr.o)
 .data          0x0000000000002758        0x0 /home/tomasz/FreeRTOS-Amiga/FreeRTOS/freertos.lib(trap.o)
 .data          0x0000000000002758        0x0 /home/tomasz/FreeRTOS-Amiga/FreeRTOS/freertos.lib(portasm.o)
 .data          0x0000000000002758        0x0 /home/tomasz/FreeRTOS-Amiga/FreeRTOS/freertos.lib(list.o)
 .data          0x0000000000002758        0x0 /home/tomasz/FreeRTOS-Amiga/libc/c.lib(kvprintf.o)
 .data          0x0000000000002758        0x0 /home/tomasz/FreeRTOS-Amiga/libc/c.lib(divsi3.o)
 .data          0x0000000000002758        0x0 /home/tomasz/FreeRTOS-Amiga/libc/c.lib(modsi3.o)
 .data          0x0000000000002758        0x0 /home/tomasz/FreeRTOS-Amiga/libc/c.lib(mulsi3.o)
 .data          0x0000000000002758        0x0 /home/tomasz/FreeRTOS-Amiga/libc/c.lib(udivsi3.o)
 .data          0x0000000000002758        0x0 /home/tomasz/FreeRTOS-Amiga/libc/c.lib(umodsi3.o)
 .data          0x0000000000002758        0x0 /home/tomasz/FreeRTOS-Amiga/libc/c.lib(memset.o)
                0x0000000000002758                . = ALIGN (0x4)
                [!provide]                        PROVIDE (_edata = .)

.bss            0x0000000000002758      0x1b8
                [!provide]                        PROVIDE (_bss = .)
 *(.bss .bss.*)
 .bss           0x0000000000002758        0x0 ../startup.o
 .bss           0x0000000000002758        0x0 ../fault.o
 .bss           0x0000000000002758        0x0 ../trap.o
 .bss           0x0000000000002758        0x4 main.o
 .bss           0x000000000000275c        0x0 rand.o
 .bss           0x000000000000275c        0x0 /home/tomasz/FreeRTOS-Amiga/drivers/drivers.lib(bootcons.o)
 .bss           0x000000000000275c        0x4 /home/tomasz/FreeRTOS-Amiga/drivers/drivers.lib(cia-icr.o)
 .bss           0x0000000000002760        0x0 /home/tomasz/FreeRTOS-Amiga/drivers/drivers.lib(file.o)
 .bss           0x0000000000002760        0x0 /home/tomasz/FreeRTOS-Amiga/drivers/drivers.lib(bootcons-putc.o)
 .bss           0x0000000000002760       0xf0 /home/tomasz/FreeRTOS-Amiga/FreeRTOS/freertos.lib(tasks.o)
                0x0000000000002760                pxCurrentTCB
 .bss           0x0000000000002850        0x4 /home/tomasz/FreeRTOS-Amiga/FreeRTOS/freertos.lib(heap.o)
                0x0000000000002850                MemRegions
 .bss           0x0000000000002854       0xbc /home/tomasz/FreeRTOS-Amiga/FreeRTOS/freertos.lib(port.o)
                0x0000000000002854                xNeedRescheduleTask
                0x0000000000002858                CpuModel
                0x000000000000285a                IntVec
                0x00000000000028ca                ExcVecBase
 .bss           0x0000000000002910        0x0 /home/tomasz/FreeRTOS-Amiga/FreeRTOS/freertos.lib(intsrv.o)
 .bss           0x0000000000002910        0x0 /home/tomasz/FreeRTOS-Amiga/FreeRTOS/freertos.lib(intr.o)
 .bss           0x0000000000002910        0x0 /home/tomasz/FreeRTOS-Amiga/FreeRTOS/freertos.lib(trap.o)
 .bss           0x0000000000002910        0x0 /home/tomasz/FreeRTOS-Amiga/FreeRTOS/freertos.lib(portasm.o)
 .bss           0x0000000000002910        0x0 /home/tomasz/FreeRTOS-Amiga/FreeRTOS/freertos.lib(list.o)
 .bss           0x0000000000002910        0x0 /home/tomasz/FreeRTOS-Amiga/libc/c.lib(kvprintf.o)
 .bss           0x0000000000002910        0x0 /home/tomasz/FreeRTOS-Amiga/libc/c.lib(divsi3.o)
 .bss           0x0000000000002910        0x0 /home/tomasz/FreeRTOS-Amiga/libc/c.lib(modsi3.o)
 .bss           0x0000000000002910        0x0 /home/tomasz/FreeRTOS-Amiga/libc/c.lib(mulsi3.o)
 .bss           0x0000000000002910        0x0 /home/tomasz/FreeRTOS-Amiga/libc/c.lib(udivsi3.o)
 .bss           0x0000000000002910        0x0 /home/tomasz/FreeRTOS-Amiga/libc/c.lib(umodsi3.o)
 .bss           0x0000000000002910        0x0 /home/tomasz/FreeRTOS-Amiga/libc/c.lib(memset.o)
 *(COMMON)
                0x0000000000002910                . = ALIGN (0x4)
                [!provide]                        PROVIDE (_ebss = .)

.data.MEMF_CHIP
                0x0000000000002910        0x0
                [!provide]                        PROVIDE (_datachip = .)
 *(.datachip .datachip.*)
                0x0000000000002910                . = ALIGN (0x4)
                [!provide]                        PROVIDE (_edatachip = .)

.bss.MEMF_CHIP  0x0000000000002910        0x0
                [!provide]                        PROVIDE (_bsschip = .)
 *(.bsschip .bsschip.*)
                0x0000000000002910                . = ALIGN (0x4)
                [!provide]                        PROVIDE (_ebsschip = .)

/DISCARD/
 *(.comment)
LOAD ../startup.o
LOAD ../fault.o
LOAD ../trap.o
LOAD main.o
LOAD rand.o
LOAD /home/tomasz/FreeRTOS-Amiga/drivers/drivers.lib
LOAD /home/tomasz/FreeRTOS-Amiga/FreeRTOS/freertos.lib
LOAD /home/tomasz/FreeRTOS-Amiga/libc/c.lib
OUTPUT(instemul.elf elf32-m68k)

.debug_info     0x0000000000000000     0x7126
 .debug_info    0x0000000000000000      0xd2d ../startup.o
 .debug_info    0x0000000000000d2d      0x234 ../fault.o
 .debug_info    0x0000000000000f61      0x572 ../trap.o
 .debug_info    0x00000000000014d3      0xc44 main.o
 .debug_info    0x0000000000002117       0xab rand.o
 .debug_info    0x00000000000021c2      0x276 /home/tomasz/FreeRTOS-Amiga/drivers/drivers.lib(bootcons.o)
 .debug_info    0x0000000000002438      0x380 /home/tomasz/FreeRTOS-Amiga/drivers/drivers.lib(cia-icr.o)
 .debug_info    0x00000000000027b8      0x43c /home/tomasz/FreeRTOS-Amiga/drivers/drivers.lib(file.o)
 .debug_info    0x0000000000002bf4       0x26 /home/tomasz/FreeRTOS-Amiga/drivers/drivers.lib(bootcons-putc.o)
 .debug_info    0x0000000000002c1a     0x1bbf /home/tomasz/FreeRTOS-Amiga/FreeRTOS/freertos.lib(tasks.o)
 .debug_info    0x00000000000047d9      0x6c6 /home/tomasz/FreeRTOS-Amiga/FreeRTOS/freertos.lib(heap.o)
 .debug_info    0x0000000000004e9f      0xe8a /home/tomasz/FreeRTOS-Amiga/FreeRTOS/freertos.lib(port.o)
 .debug_info    0x0000000000005d29      0xbd9 /home/tomasz/FreeRTOS-Amiga/FreeRTOS/freertos.lib(intsrv.o)
 .debug_info    0x0000000000006902       0x26 /home/tomasz/FreeRTOS-Amiga/FreeRTOS/freertos.lib(intr.o)
 .debug_info    0x0000000000006928       0x26 /home/tomasz/FreeRTOS-Amiga/FreeRTOS/freertos.lib(trap.o)
 .debug_info    0x000000000000694e       0x26 /home/tomasz/FreeRTOS-Amiga/FreeRTOS/freertos.lib(portasm.o)
 .debug_info    0x0000000000006974      0x2ed /home/tomasz/FreeRTOS-Amiga/FreeRTOS/freertos.lib(list.o)
 .debug_info    0x0000000000006c61      0x3e1 /home/tomasz/FreeRTOS-Amiga/libc/c.lib(kvprintf.o)
 .debug_info    0x0000000000007042       0x26 /home/tomasz/FreeRTOS-Amiga/libc/c.lib(divsi3.o)
 .debug_info    0x0000000000007068       0x26 /home/tomasz/FreeRTOS-Amiga/libc/c.lib(modsi3.o)
 .debug_info    0x000000000000708e       0x26 /home/tomasz/FreeRTOS-Amiga/libc/c.lib(mulsi3.o)
 .debug_info    0x00000000000070b4       0x26 /home/tomasz/FreeRTOS-Amiga/libc/c.lib(udivsi3.o)
 .debug_info    0x00000000000070da       0x26 /home/tomasz/FreeRTOS-Amiga/libc/c.lib(umodsi3.o)
 .debug_info    0x0000000000007100       0x26 /home/tomasz/FreeRTOS-Amiga/libc/c.lib(memset.o)

.debug_abbrev   0x0000000000000000     0x19fc
 .debug_abbrev  0x0000000000000000      0x245 ../startup.o
 .debug_abbrev  0x0000000000000245       0xf8 ../fault.o
 .debug_abbrev  0x000000000000033d      0x182 ../trap.o
 .debug_abbrev  0x00000000000004bf      0x221 main.o
 .debug_abbrev  0x00000000000006e0       0x6d rand.o
 .debug_abbrev  0x000000000000074d      0x15e /home/tomasz/FreeRTOS-Amiga/drivers/drivers.lib(bootcons.o)
 .debug_abbrev  0x00000000000008ab      0x13d /home/tomasz/FreeRTOS-Amiga/drivers/drivers.lib(cia-icr.o)
 .debug_abbrev  0x00000000000009e8      0x1ba /home/tomasz/FreeRTOS-Amiga/drivers/drivers.lib(file.o)
 .debug_abbrev  0x0000000000000ba2       0x14 /home/tomasz/FreeRTOS-Amiga/drivers/drivers.lib(bootcons-putc.o)
 .debug_abbrev  0x0000000000000bb6      0x3e1 /home/tomasz/FreeRTOS-Amiga/FreeRTOS/freertos.lib(tasks.o)
 .debug_abbrev  0x0000000000000f97      0x254 /home/tomasz/FreeRTOS-Amiga/FreeRTOS/freertos.lib(heap.o)
 .debug_abbrev  0x00000000000011eb      0x251 /home/tomasz/FreeRTOS-Amiga/FreeRTOS/freertos.lib(port.o)
 .debug_abbrev  0x000000000000143c      0x239 /home/tomasz/FreeRTOS-Amiga/FreeRTOS/freertos.lib(intsrv.o)
 .debug_abbrev  0x0000000000001675       0x14 /home/tomasz/FreeRTOS-Amiga/FreeRTOS/freertos.lib(intr.o)
 .debug_abbrev  0x0000000000001689       0x14 /home/tomasz/FreeRTOS-Amiga/FreeRTOS/freertos.lib(trap.o)
 .debug_abbrev  0x000000000000169d       0x14 /home/tomasz/FreeRTOS-Amiga/FreeRTOS/freertos.lib(portasm.o)
 .debug_abbrev  0x00000000000016b1      0x105 /home/tomasz/FreeRTOS-Amiga/FreeRTOS/freertos.lib(list.o)
 .debug_abbrev  0x00000000000017b6      0x1ce /home/tomasz/FreeRTOS-Amiga/libc/c.lib(kvprintf.o)
 .debug_abbrev  0x0000000000001984       0x14 /home/tomasz/FreeRTOS-Amiga/libc/c.lib(divsi3.o)
 .debug_abbrev  0x0000000000001998       0x14 /home/tomasz/FreeRTOS-Amiga/libc/c.lib(modsi3.o)
 .debug_abbrev  0x00000000000019ac       0x14 /home/tomasz/FreeRTOS-Amiga/libc/c.lib(mulsi3.o)
 .debug_abbrev  0x00000000000019c0       0x14 /home/tomasz/FreeRTOS-Amiga/libc/c.lib(udivsi3.o)
 .debug_abbrev  0x00000000000019d4       0x14 /home/tomasz/FreeRTOS-Amiga/libc/c.lib(umodsi3.o)
 .debug_abbrev  0x00000000000019e8       0x14 /home/tomasz/FreeRTOS-Amiga/libc/c.lib(memset.o)

.debug_loc      0x0000000000000000     0x1f8a
 .debug_loc     0x0000000000000000       0x5d ../startup.o
 .debug_loc     0x000000000000005d       0xe8 ../trap.o
 .debug_loc     0x0000000000000145      0x307 main.o
 .debug_loc     0x000000000000044c       0xc4 rand.o
 .debug_loc     0x0000000000000510       0x3f /home/tomasz/FreeRTOS-Amiga/drivers/drivers.lib(bootcons.o)
 .debug_loc     0x000000000000054f       0x67 /home/tomasz/FreeRTOS-Amiga/drivers/drivers.lib(cia-icr.o)
 .debug_loc     0x00000000000005b6       0xa2 /home/tomasz/FreeRTOS-Amiga/drivers/drivers.lib(file.o)
 .debug_loc     0x0000000000000658      0xd40 /home/tomasz/FreeRTOS-Amiga/FreeRTOS/freertos.lib(tasks.o)
 .debug_loc     0x0000000000001398      0x40b /home/tomasz/FreeRTOS-Amiga/FreeRTOS/freertos.lib(heap.o)
 .debug_loc     0x00000000000017a3       0xf0 /home/tomasz/FreeRTOS-Amiga/FreeRTOS/freertos.lib(port.o)
 .debug_loc     0x0000000000001893       0x99 /home/tomasz/FreeRTOS-Amiga/FreeRTOS/freertos.lib(intsrv.o)
 .debug_loc     0x000000000000192c       0x8a /home/tomasz/FreeRTOS-Amiga/FreeRTOS/freertos.lib(list.o)
 .debug_loc     0x00000000000019b6      0x5d4 /home/tomasz/FreeRTOS-Amiga/libc/c.lib(kvprintf.o)

.debug_aranges  0x0000000000000000      0x308
 .debug_aranges
                0x0000000000000000       0x20 ../startup.o
 .debug_aranges
                0x0000000000000020       0x20 ../fault.o
 .debug_aranges
                0x0000000000000040       0x20 ../trap.o
 .debug_aranges
                0x0000000000000060       0x28 main.o
 .debug_aranges
                0x0000000000000088       0x20 rand.o
 .debug_aranges
                0x00000000000000a8       0x20 /home/tomasz/FreeRTOS-Amiga/drivers/drivers.lib(bootcons.o)
 .debug_aranges
                0x00000000000000c8       0x20 /home/tomasz/FreeRTOS-Amiga/drivers/drivers.lib(cia-icr.o)
 .debug_aranges
                0x00000000000000e8       0x20 /home/tomasz/FreeRTOS-Amiga/drivers/drivers.lib(file.o)
 .debug_aranges
                0x0000000000000108       0x20 /home/tomasz/FreeRTOS-Amiga/drivers/drivers.lib(bootcons-putc.o)
 .debug_aranges
                0x0000000000000128       0x20 /home/tomasz/FreeRTOS-Amiga/FreeRTOS/freertos.lib(tasks.o)
 .debug_aranges
                0x0000000000000148       0x20 /home/tomasz/FreeRTOS-Amiga/FreeRTOS/freertos.lib(heap.o)
 .debug_aranges
                0x0000000000000168       0x20 /home/tomasz/FreeRTOS-Amiga/FreeRTOS/freertos.lib(port.o)
 .debug_aranges
                0x0000000000000188       0x20 /home/tomasz/FreeRTOS-Amiga/FreeRTOS/freertos.lib(intsrv.o)
 .debug_aranges
                0x00000000000001a8       0x20 /home/tomasz/FreeRTOS-Amiga/FreeRTOS/freertos.lib(intr.o)
 .debug_aranges
                0x00000000000001c8       0x20 /home/tomasz/FreeRTOS-Amiga/FreeRTOS/freertos.lib(trap.o)
 .debug_aranges
                0x00000000000001e8       0x20 /home/tomasz/FreeRTOS-Amiga/FreeRTOS/freertos.lib(portasm.o)
 .debug_aranges
                0x0000000000000208       0x20 /home/tomasz/FreeRTOS-Amiga/FreeRTOS/freertos.lib(list.o)
 .debug_aranges
                0x0000000000000228       0x20 /home/tomasz/FreeRTOS-Amiga/libc/c.lib(kvprintf.o)
 .debug_aranges
                0x0000000000000248       0x20 /home/tomasz/FreeRTOS-Amiga/libc/c.lib(divsi3.o)
 .debug_aranges
                0x0000000000000268       0x20 /home/tomasz/FreeRTOS-Amiga/libc/c.lib(modsi3.o)
 .debug_aranges
                0x0000000000000288       0x20 /home/tomasz/FreeRTOS-Amiga/libc/c.lib(mulsi3.o)
 .debug_aranges
                0x00000000000002a8       0x20 /home/tomasz/FreeRTOS-Amiga/libc/c.lib(udivsi3.o)
 .debug_aranges
                0x00000000000002c8       0x20 /home/tomasz/FreeRTOS-Amiga/libc/c.lib(umodsi3.o)
 .debug_aranges
                0x00000000000002e8       0x20 /home/tomasz/FreeRTOS-Amiga/libc/c.lib(memset.o)

.debug_ranges   0x0000000000000000      0x378
 .debug_ranges  0x0000000000000000       0x18 ../startup.o
 .debug_ranges  0x0000000000000018       0x18 ../trap.o
 .debug_ranges  0x0000000000000030       0x58 main.o
 .debug_ranges  0x0000000000000088       0x18 /home/tomasz/FreeRTOS-Amiga/drivers/drivers.lib(bootcons.o)
 .debug_ranges  0x00000000000000a0      0x158 /home/tomasz/FreeRTOS-Amiga/FreeRTOS/freertos.lib(tasks.o)
 .debug_ranges  0x00000000000001f8      0x168 /home/tomasz/FreeRTOS-Amiga/FreeRTOS/freertos.lib(heap.o)
 .debug_ranges  0x0000000000000360       0x18 /home/tomasz/FreeRTOS-Amiga/FreeRTOS/freertos.lib(intsrv.o)

.debug_line     0x0000000000000000     0x3b1e
 .debug_line    0x0000000000000000      0x306 ../startup.o
 .debug_line    0x0000000000000306      0x136 ../fault.o
 .debug_line    0x000000000000043c      0x234 ../trap.o
 .debug_line    0x0000000000000670      0x394 main.o
 .debug_line    0x0000000000000a04       0x97 rand.o
 .debug_line    0x0000000000000a9b       0xff /home/tomasz/FreeRTOS-Amiga/drivers/drivers.lib(bootcons.o)
 .debug_line    0x0000000000000b9a      0x10c /home/tomasz/FreeRTOS-Amiga/drivers/drivers.lib(cia-icr.o)
 .debug_line    0x0000000000000ca6      0x19b /home/tomasz/FreeRTOS-Amiga/drivers/drivers.lib(file.o)
 .debug_line    0x0000000000000e41       0x69 /home/tomasz/FreeRTOS-Amiga/drivers/drivers.lib(bootcons-putc.o)
 .debug_line    0x0000000000000eaa     0x1758 /home/tomasz/FreeRTOS-Amiga/FreeRTOS/freertos.lib(tasks.o)
 .debug_line    0x0000000000002602      0x54b /home/tomasz/FreeRTOS-Amiga/FreeRTOS/freertos.lib(heap.o)
 .debug_line    0x0000000000002b4d      0x323 /home/tomasz/FreeRTOS-Amiga/FreeRTOS/freertos.lib(port.o)
 .debug_line    0x0000000000002e70      0x1d8 /home/tomasz/FreeRTOS-Amiga/FreeRTOS/freertos.lib(intsrv.o)
 .debug_line    0x0000000000003048       0x97 /home/tomasz/FreeRTOS-Amiga/FreeRTOS/freertos.lib(intr.o)
 .debug_line    0x00000000000030df       0x80 /home/tomasz/FreeRTOS-Amiga/FreeRTOS/freertos.lib(trap.o)
 .debug_line    0x000000000000315f       0x7f /home/tomasz/FreeRTOS-Amiga/FreeRTOS/freertos.lib(portasm.o)
 .debug_line    0x00000000000031de      0x273 /home/tomasz/FreeRTOS-Amiga/FreeRTOS/freertos.lib(list.o)
 .debug_line    0x0000000000003451      0x411 /home/tomasz/FreeRTOS-Amiga/libc/c.lib(kvprintf.o)
 .debug_line    0x0000000000003862       0x6d /home/tomasz/FreeRTOS-Amiga/libc/c.lib(divsi3.o)
 .debug_line    0x00000000000038cf       0x69 /home/tomasz/FreeRTOS-Amiga/libc/c.lib(modsi3.o)
 .debug_line    0x0000000000003938       0x65 /home/tomasz/FreeRTOS-Amiga/libc/c.lib(mulsi3.o)
 .debug_line    0x000000000000399d       0x7f /home/tomasz/FreeRTOS-Amiga/libc/c.lib(udivsi3.o)
 .debug_line    0x0000000000003a1c       0x6a /home/tomasz/FreeRTOS-Amiga/libc/c.lib(umodsi3.o)
 .debug_line    0x0000000000003a86       0x98 /home/tomasz/FreeRTOS-Amiga/libc/c.lib(memset.o)

.debug_str      0x0000000000000000     0x1c80
 .debug_str     0x0000000000000000      0x6e5 ../startup.o
                                        0x738 (size before relaxing)
 .debug_str     0x00000000000006e5       0x68 ../fault.o
                                        0x21e (size before relaxing)
 .debug_str     0x000000000000074d      0x108 ../trap.o
                                        0x2e1 (size before relaxing)
 .debug_str     0x0000000000000855      0x13d main.o
                                        0x692 (size before relaxing)
 .debug_str     0x0000000000000992       0x9a rand.o
                                         0xda (size before relaxing)
 .debug_str     0x0000000000000a2c       0x8c /home/tomasz/FreeRTOS-Amiga/drivers/drivers.lib(bootcons.o)
                                        0x1eb (size before relaxing)
 .debug_str     0x0000000000000ab8       0x61 /home/tomasz/FreeRTOS-Amiga/drivers/drivers.lib(cia-icr.o)
                                        0x26e (size before relaxing)
 .debug_str     0x0000000000000b19       0x8e /home/tomasz/FreeRTOS-Amiga/drivers/drivers.lib(file.o)
                                        0x232 (size before relaxing)
 .debug_str     0x0000000000000ba7       0x40 /home/tomasz/FreeRTOS-Amiga/drivers/drivers.lib(bootcons-putc.o)
                                         0x64 (size before relaxing)
 .debug_str     0x0000000000000be7      0xaef /home/tomasz/FreeRTOS-Amiga/FreeRTOS/freertos.lib(tasks.o)
                                        0xce3 (size before relaxing)
 .debug_str     0x00000000000016d6      0x14c /home/tomasz/FreeRTOS-Amiga/FreeRTOS/freertos.lib(heap.o)
                                        0x346 (size before relaxing)
 .debug_str     0x0000000000001822       0xe4 /home/tomasz/FreeRTOS-Amiga/FreeRTOS/freertos.lib(port.o)
                                        0x858 (size before relaxing)
 .debug_str     0x0000000000001906       0x97 /home/tomasz/FreeRTOS-Amiga/FreeRTOS/freertos.lib(intsrv.o)
                                        0x6c4 (size before relaxing)
 .debug_str     0x000000000000199d       0x40 /home/tomasz/FreeRTOS-Amiga/FreeRTOS/freertos.lib(intr.o)
                                         0x71 (size before relaxing)
 .debug_str     0x00000000000019dd       0x40 /home/tomasz/FreeRTOS-Amiga/FreeRTOS/freertos.lib(trap.o)
                                         0x71 (size before relaxing)
 .debug_str     0x0000000000001a1d       0x43 /home/tomasz/FreeRTOS-Amiga/FreeRTOS/freertos.lib(portasm.o)
                                         0x74 (size before relaxing)
 .debug_str     0x0000000000001a60       0x74 /home/tomasz/FreeRTOS-Amiga/FreeRTOS/freertos.lib(list.o)
                                        0x29d (size before relaxing)
 .debug_str     0x0000000000001ad4       0x93 /home/tomasz/FreeRTOS-Amiga/libc/c.lib(kvprintf.o)
                                        0x22d (size before relaxing)
 .debug_str     0x0000000000001b67       0x2e /home/tomasz/FreeRTOS-Amiga/libc/c.lib(divsi3.o)
                                         0x5b (size before relaxing)
 .debug_str     0x0000000000001b95       0x2e /home/tomasz/FreeRTOS-Amiga/libc/c.lib(modsi3.o)
                                         0x5b (size before relaxing)
 .debug_str     0x0000000000001bc3       0x2e /home/tomasz/FreeRTOS-Amiga/libc/c.lib(mulsi3.o)
                                         0x5b (size before relaxing)
 .debug_str     0x0000000000001bf1       0x2f /home/tomasz/FreeRTOS-Amiga/libc/c.lib(udivsi3.o)
                                         0x5c (size before relaxing)
 .debug_str     0x0000000000001c20       0x2f /home/tomasz/FreeRTOS-Amiga/libc/c.lib(umodsi3.o)
                                         0x5c (size before relaxing)
 .debug_str     0x0000000000001c4f       0x31 /home/tomasz/FreeRTOS-Amiga/libc/c.lib(memset.o)
                                         0x5e (size before relaxing)

.debug_frame    0x0000000000000000      0xc58
 .debug_frame   0x0000000000000000       0x8c ../startup.o
 .debug_frame   0x000000000000008c       0x4c ../fault.o
 .debug_frame   0x00000000000000d8       0x90 ../trap.o
 .debug_frame   0x0000000000000168       0xc4 main.o
 .debug_frame   0x000000000000022c       0x2c rand.o
 .debug_frame   0x0000000000000258       0x38 /home/tomasz/FreeRTOS-Amiga/drivers/drivers.lib(bootcons.o)
 .debug_frame   0x0000000000000290       0x48 /home/tomasz/FreeRTOS-Amiga/drivers/drivers.lib(cia-icr.o)
 .debug_frame   0x00000000000002d8       0x9c /home/tomasz/FreeRTOS-Amiga/drivers/drivers.lib(file.o)
 .debug_frame   0x0000000000000374      0x5b8 /home/tomasz/FreeRTOS-Amiga/FreeRTOS/freertos.lib(tasks.o)
 .debug_frame   0x000000000000092c       0xc8 /home/tomasz/FreeRTOS-Amiga/FreeRTOS/freertos.lib(heap.o)
 .debug_frame   0x00000000000009f4       0x68 /home/tomasz/FreeRTOS-Amiga/FreeRTOS/freertos.lib(port.o)
 .debug_frame   0x0000000000000a5c       0x7c /home/tomasz/FreeRTOS-Amiga/FreeRTOS/freertos.lib(intsrv.o)
 .debug_frame   0x0000000000000ad8       0x88 /home/tomasz/FreeRTOS-Amiga/FreeRTOS/freertos.lib(list.o)
 .debug_frame   0x0000000000000b60       0xf8 /home/tomasz/FreeRTOS-Amiga/libc/c.lib(kvprintf.o)
